<!doctype html public "-//w3c//dtd html 4.0 transitional//en">
<html><head>
<title>Static Call Graph - [.\Objects\OscDev.axf]</title></head>
<body><HR>
<H1>Static Call Graph for image .\Objects\OscDev.axf</H1><HR>
<BR><P>#&#060CALLGRAPH&#062# ARM Linker, 5050106: Last Updated: Thu Apr 07 16:21:30 2016
<BR><P>
<H3>Maximum Stack Usage =       2320 bytes + Unknown(Functions without stacksize, Cycles, Untraceable Function Pointers)</H3><H3>
Call chain for Maximum Stack Depth:</H3>
main &rArr; oscilloscope() &rArr; displayFFT_fix(int*, int*, int, int, int) &rArr; ILI9225::drawText(unsigned, unsigned, char*, unsigned) &rArr; ILI9225::drawChar(unsigned, unsigned, unsigned, unsigned) &rArr; ILI9225::_drawPixel(unsigned, unsigned, unsigned) &rArr; ILI9225::_setWindow(unsigned, unsigned, unsigned, unsigned) &rArr; ILI9225::_writeRegister(unsigned, unsigned) &rArr; ILI9225::_writeCommand(int)
<P>
<H3>
Functions with no stack information
</H3><UL>
 <LI><a href="#[b]">Reset_Handler</a>
 <LI><a href="#[3c]">__user_initial_stackheap</a>
 <LI><a href="#[c]">Undef_Handler</a>
 <LI><a href="#[d]">SWI_Handler</a>
 <LI><a href="#[e]">PAbt_Handler</a>
 <LI><a href="#[f]">DAbt_Handler</a>
 <LI><a href="#[10]">IRQ_Handler</a>
 <LI><a href="#[11]">FIQ_Handler</a>
</UL>
</UL>
<P>
<H3>
Mutually Recursive functions
</H3> <LI><a href="#[c]">Undef_Handler</a>&nbsp;&nbsp;&nbsp;&rArr;&nbsp;&nbsp;&nbsp;<a href="#[c]">Undef_Handler</a><BR>
 <LI><a href="#[d]">SWI_Handler</a>&nbsp;&nbsp;&nbsp;&rArr;&nbsp;&nbsp;&nbsp;<a href="#[d]">SWI_Handler</a><BR>
 <LI><a href="#[e]">PAbt_Handler</a>&nbsp;&nbsp;&nbsp;&rArr;&nbsp;&nbsp;&nbsp;<a href="#[e]">PAbt_Handler</a><BR>
 <LI><a href="#[f]">DAbt_Handler</a>&nbsp;&nbsp;&nbsp;&rArr;&nbsp;&nbsp;&nbsp;<a href="#[f]">DAbt_Handler</a><BR>
 <LI><a href="#[10]">IRQ_Handler</a>&nbsp;&nbsp;&nbsp;&rArr;&nbsp;&nbsp;&nbsp;<a href="#[10]">IRQ_Handler</a><BR>
 <LI><a href="#[11]">FIQ_Handler</a>&nbsp;&nbsp;&nbsp;&rArr;&nbsp;&nbsp;&nbsp;<a href="#[11]">FIQ_Handler</a><BR>
</UL>
<P>
<H3>
Function Pointers
</H3><UL>
 <LI><a href="#[f]">DAbt_Handler</a> from startup.o(RESET) referenced from startup.o(RESET)
 <LI><a href="#[11]">FIQ_Handler</a> from startup.o(RESET) referenced from startup.o(RESET)
 <LI><a href="#[10]">IRQ_Handler</a> from startup.o(RESET) referenced from startup.o(RESET)
 <LI><a href="#[e]">PAbt_Handler</a> from startup.o(RESET) referenced from startup.o(RESET)
 <LI><a href="#[b]">Reset_Handler</a> from startup.o(RESET) referenced from startup.o(RESET)
 <LI><a href="#[d]">SWI_Handler</a> from startup.o(RESET) referenced from startup.o(RESET)
 <LI><a href="#[c]">Undef_Handler</a> from startup.o(RESET) referenced from startup.o(RESET)
 <LI><a href="#[17]">Timer0_Interrupt()</a> from oscilloscope.o(i._Z16Timer0_Interruptv) referenced from oscilloscope.o(i._Z10initTimer0v)
 <LI><a href="#[16]">Timer1_Interrupt()</a> from oscilloscope.o(i._Z16Timer1_Interruptv) referenced from oscilloscope.o(i._Z10initDACoutv)
 <LI><a href="#[19]">__main</a> from __main.o(!!!main) referenced from startup.o(RESET)
 <LI><a href="#[18]">__sti___8_main_cpp__clock</a> from main.o(i.__sti___8_main_cpp__clock) referenced from main.o(.init_array)
 <LI><a href="#[15]">_printf_input_char</a> from _printf_char_common.o(.text) referenced from _printf_char_common.o(.text)
 <LI><a href="#[14]">_sputc</a> from _sputc.o(.text) referenced from noretval__2sprintf.o(.text)
 <LI><a href="#[13]">main</a> from main.o(i.main) referenced from __rtentry2.o(.ARM.Collect$$rtentry$$0000000D)
</UL>
<P>
<H3>
Global Symbols
</H3>
<P><STRONG><a name="[b]"></a>Reset_Handler</STRONG> (ARM, 0 bytes, Stack size unknown bytes, startup.o(RESET))
<BR>[Address Reference Count : 1]<UL><LI> startup.o(RESET)
</UL>
<P><STRONG><a name="[19]"></a>__main</STRONG> (ARM, 8 bytes, Stack size 0 bytes, __main.o(!!!main))
<BR><BR>[Calls]<UL><LI><a href="#[1c]">&gt;&gt;</a>&nbsp;&nbsp;&nbsp;__rt_entry
<LI><a href="#[1b]">&gt;&gt;</a>&nbsp;&nbsp;&nbsp;__scatterload
</UL>

<P><STRONG><a name="[1b]"></a>__scatterload</STRONG> (ARM, 0 bytes, Stack size unknown bytes, __scatter.o(!!!scatter))
<BR><BR>[Called By]<UL><LI><a href="#[19]">&gt;&gt;</a>&nbsp;&nbsp;&nbsp;__main
</UL>

<P><STRONG><a name="[1d]"></a>__scatterload_rt2</STRONG> (ARM, 52 bytes, Stack size unknown bytes, __scatter.o(!!!scatter), UNUSED)
<BR><BR>[Calls]<UL><LI><a href="#[1c]">&gt;&gt;</a>&nbsp;&nbsp;&nbsp;__rt_entry
</UL>

<P><STRONG><a name="[a2]"></a>__scatterload_null</STRONG> (ARM, 0 bytes, Stack size unknown bytes, __scatter.o(!!!scatter), UNUSED)

<P><STRONG><a name="[a3]"></a>__decompress</STRONG> (ARM, 96 bytes, Stack size unknown bytes, __dclz77c.o(!!dclz77c), UNUSED)

<P><STRONG><a name="[a4]"></a>__decompress2</STRONG> (ARM, 0 bytes, Stack size unknown bytes, __dclz77c.o(!!dclz77c), UNUSED)

<P><STRONG><a name="[a5]"></a>__scatterload_zeroinit</STRONG> (ARM, 44 bytes, Stack size unknown bytes, __scatter_zi.o(!!handler_zi), UNUSED)

<P><STRONG><a name="[1e]"></a>_printf_d</STRONG> (ARM, 0 bytes, Stack size unknown bytes, _printf_d.o(.ARM.Collect$$_printf_percent$$00000009))
<BR><BR>[Stack]<UL><LI>Max Depth = 72 + Unknown Stack Size
<LI>Call Chain = _printf_d &rArr; _printf_int_dec &rArr; _printf_int_common
</UL>
<BR>[Calls]<UL><LI><a href="#[1f]">&gt;&gt;</a>&nbsp;&nbsp;&nbsp;_printf_int_dec (via Veneer)
</UL>

<P><STRONG><a name="[2f]"></a>_printf_percent</STRONG> (ARM, 0 bytes, Stack size unknown bytes, _printf_percent.o(.ARM.Collect$$_printf_percent$$00000000))
<BR><BR>[Called By]<UL><LI><a href="#[2d]">&gt;&gt;</a>&nbsp;&nbsp;&nbsp;__printf (via Veneer)
</UL>

<P><STRONG><a name="[a6]"></a>_printf_percent_end</STRONG> (ARM, 0 bytes, Stack size unknown bytes, _printf_percent_end.o(.ARM.Collect$$_printf_percent$$00000017))

<P><STRONG><a name="[24]"></a>__rt_lib_init</STRONG> (Thumb, 0 bytes, Stack size unknown bytes, libinit.o(.ARM.Collect$$libinit$$00000000))
<BR><BR>[Called By]<UL><LI><a href="#[23]">&gt;&gt;</a>&nbsp;&nbsp;&nbsp;__rt_entry_li (via Veneer)
</UL>

<P><STRONG><a name="[a7]"></a>__rt_lib_init_alloca_1</STRONG> (Thumb, 0 bytes, Stack size unknown bytes, libinit2.o(.ARM.Collect$$libinit$$0000002E))

<P><STRONG><a name="[a8]"></a>__rt_lib_init_argv_1</STRONG> (Thumb, 0 bytes, Stack size unknown bytes, libinit2.o(.ARM.Collect$$libinit$$0000002C))

<P><STRONG><a name="[a9]"></a>__rt_lib_init_atexit_1</STRONG> (Thumb, 0 bytes, Stack size unknown bytes, libinit2.o(.ARM.Collect$$libinit$$0000001B))

<P><STRONG><a name="[aa]"></a>__rt_lib_init_clock_1</STRONG> (Thumb, 0 bytes, Stack size unknown bytes, libinit2.o(.ARM.Collect$$libinit$$00000021))

<P><STRONG><a name="[20]"></a>__rt_lib_init_cpp_2</STRONG> (Thumb, 0 bytes, Stack size unknown bytes, libinit2.o(.ARM.Collect$$libinit$$00000031))
<BR><BR>[Stack]<UL><LI>Max Depth = 16 + Unknown Stack Size
<LI>Call Chain = __rt_lib_init_cpp_2 &rArr; __cpp_initialize__aeabi_
</UL>
<BR>[Calls]<UL><LI><a href="#[1a]">&gt;&gt;</a>&nbsp;&nbsp;&nbsp;__cpp_initialize__aeabi_
</UL>

<P><STRONG><a name="[ab]"></a>__rt_lib_init_exceptions_1</STRONG> (Thumb, 0 bytes, Stack size unknown bytes, libinit2.o(.ARM.Collect$$libinit$$00000030))

<P><STRONG><a name="[ac]"></a>__rt_lib_init_fp_1</STRONG> (Thumb, 0 bytes, Stack size unknown bytes, libinit2.o(.ARM.Collect$$libinit$$00000002))

<P><STRONG><a name="[ad]"></a>__rt_lib_init_fp_trap_1</STRONG> (Thumb, 0 bytes, Stack size unknown bytes, libinit2.o(.ARM.Collect$$libinit$$0000001F))

<P><STRONG><a name="[ae]"></a>__rt_lib_init_getenv_1</STRONG> (Thumb, 0 bytes, Stack size unknown bytes, libinit2.o(.ARM.Collect$$libinit$$00000023))

<P><STRONG><a name="[af]"></a>__rt_lib_init_heap_1</STRONG> (Thumb, 0 bytes, Stack size unknown bytes, libinit2.o(.ARM.Collect$$libinit$$0000000A))

<P><STRONG><a name="[b0]"></a>__rt_lib_init_lc_collate_1</STRONG> (Thumb, 0 bytes, Stack size unknown bytes, libinit2.o(.ARM.Collect$$libinit$$00000011))

<P><STRONG><a name="[b1]"></a>__rt_lib_init_lc_ctype_1</STRONG> (Thumb, 0 bytes, Stack size unknown bytes, libinit2.o(.ARM.Collect$$libinit$$00000013))

<P><STRONG><a name="[b2]"></a>__rt_lib_init_lc_monetary_1</STRONG> (Thumb, 0 bytes, Stack size unknown bytes, libinit2.o(.ARM.Collect$$libinit$$00000015))

<P><STRONG><a name="[b3]"></a>__rt_lib_init_lc_numeric_1</STRONG> (Thumb, 0 bytes, Stack size unknown bytes, libinit2.o(.ARM.Collect$$libinit$$00000017))

<P><STRONG><a name="[b4]"></a>__rt_lib_init_lc_time_1</STRONG> (Thumb, 0 bytes, Stack size unknown bytes, libinit2.o(.ARM.Collect$$libinit$$00000019))

<P><STRONG><a name="[b5]"></a>__rt_lib_init_preinit_1</STRONG> (Thumb, 0 bytes, Stack size unknown bytes, libinit2.o(.ARM.Collect$$libinit$$00000004))

<P><STRONG><a name="[b6]"></a>__rt_lib_init_rand_1</STRONG> (Thumb, 0 bytes, Stack size unknown bytes, libinit2.o(.ARM.Collect$$libinit$$0000000E))

<P><STRONG><a name="[b7]"></a>__rt_lib_init_signal_1</STRONG> (Thumb, 0 bytes, Stack size unknown bytes, libinit2.o(.ARM.Collect$$libinit$$0000001D))

<P><STRONG><a name="[b8]"></a>__rt_lib_init_stdio_1</STRONG> (Thumb, 0 bytes, Stack size unknown bytes, libinit2.o(.ARM.Collect$$libinit$$00000025))

<P><STRONG><a name="[b9]"></a>__rt_lib_init_user_alloc_1</STRONG> (Thumb, 0 bytes, Stack size unknown bytes, libinit2.o(.ARM.Collect$$libinit$$0000000C))

<P><STRONG><a name="[ba]"></a>__rt_lib_init_cpp_1</STRONG> (Thumb, 0 bytes, Stack size unknown bytes, libinit2.o(.ARM.Collect$$libinit$$00000032))

<P><STRONG><a name="[bb]"></a>__rt_lib_init_return</STRONG> (Thumb, 0 bytes, Stack size unknown bytes, libinit2.o(.ARM.Collect$$libinit$$00000033))

<P><STRONG><a name="[28]"></a>__rt_lib_shutdown</STRONG> (Thumb, 0 bytes, Stack size unknown bytes, libshutdown.o(.ARM.Collect$$libshutdown$$00000000))
<BR><BR>[Called By]<UL><LI><a href="#[27]">&gt;&gt;</a>&nbsp;&nbsp;&nbsp;__rt_exit_ls (via Veneer)
</UL>

<P><STRONG><a name="[bc]"></a>__rt_lib_shutdown_fp_trap_1</STRONG> (Thumb, 0 bytes, Stack size unknown bytes, libshutdown2.o(.ARM.Collect$$libshutdown$$00000006))

<P><STRONG><a name="[bd]"></a>__rt_lib_shutdown_heap_1</STRONG> (Thumb, 0 bytes, Stack size unknown bytes, libshutdown2.o(.ARM.Collect$$libshutdown$$0000000E))

<P><STRONG><a name="[be]"></a>__rt_lib_shutdown_return</STRONG> (Thumb, 0 bytes, Stack size unknown bytes, libshutdown2.o(.ARM.Collect$$libshutdown$$0000000F))

<P><STRONG><a name="[bf]"></a>__rt_lib_shutdown_signal_1</STRONG> (Thumb, 0 bytes, Stack size unknown bytes, libshutdown2.o(.ARM.Collect$$libshutdown$$00000009))

<P><STRONG><a name="[c0]"></a>__rt_lib_shutdown_stdio_1</STRONG> (Thumb, 0 bytes, Stack size unknown bytes, libshutdown2.o(.ARM.Collect$$libshutdown$$00000003))

<P><STRONG><a name="[c1]"></a>__rt_lib_shutdown_user_alloc_1</STRONG> (Thumb, 0 bytes, Stack size unknown bytes, libshutdown2.o(.ARM.Collect$$libshutdown$$0000000B))

<P><STRONG><a name="[1c]"></a>__rt_entry</STRONG> (ARM, 0 bytes, Stack size unknown bytes, __rtentry.o(.ARM.Collect$$rtentry$$00000000))
<BR><BR>[Called By]<UL><LI><a href="#[19]">&gt;&gt;</a>&nbsp;&nbsp;&nbsp;__main
<LI><a href="#[1d]">&gt;&gt;</a>&nbsp;&nbsp;&nbsp;__scatterload_rt2
</UL>

<P><STRONG><a name="[c2]"></a>__rt_entry_presh_1</STRONG> (ARM, 0 bytes, Stack size unknown bytes, __rtentry2.o(.ARM.Collect$$rtentry$$00000002))

<P><STRONG><a name="[21]"></a>__rt_entry_sh</STRONG> (ARM, 0 bytes, Stack size unknown bytes, __rtentry4.o(.ARM.Collect$$rtentry$$00000004))
<BR><BR>[Stack]<UL><LI>Max Depth = 8 + Unknown Stack Size
<LI>Call Chain = __rt_entry_sh &rArr; __user_setup_stackheap
</UL>
<BR>[Calls]<UL><LI><a href="#[22]">&gt;&gt;</a>&nbsp;&nbsp;&nbsp;__user_setup_stackheap
</UL>

<P><STRONG><a name="[23]"></a>__rt_entry_li</STRONG> (ARM, 0 bytes, Stack size unknown bytes, __rtentry2.o(.ARM.Collect$$rtentry$$0000000A))
<BR><BR>[Calls]<UL><LI><a href="#[24]">&gt;&gt;</a>&nbsp;&nbsp;&nbsp;__rt_lib_init (via Veneer)
</UL>

<P><STRONG><a name="[c3]"></a>__rt_entry_postsh_1</STRONG> (ARM, 0 bytes, Stack size unknown bytes, __rtentry2.o(.ARM.Collect$$rtentry$$00000009))

<P><STRONG><a name="[25]"></a>__rt_entry_main</STRONG> (ARM, 0 bytes, Stack size unknown bytes, __rtentry2.o(.ARM.Collect$$rtentry$$0000000D))
<BR><BR>[Calls]<UL><LI><a href="#[26]">&gt;&gt;</a>&nbsp;&nbsp;&nbsp;exit (via BX)
</UL>

<P><STRONG><a name="[c4]"></a>__rt_entry_postli_1</STRONG> (ARM, 0 bytes, Stack size unknown bytes, __rtentry2.o(.ARM.Collect$$rtentry$$0000000C))

<P><STRONG><a name="[3e]"></a>__rt_exit</STRONG> (ARM, 0 bytes, Stack size unknown bytes, rtexit.o(.ARM.Collect$$rtexit$$00000000))
<BR><BR>[Called By]<UL><LI><a href="#[26]">&gt;&gt;</a>&nbsp;&nbsp;&nbsp;exit (via Veneer)
</UL>

<P><STRONG><a name="[27]"></a>__rt_exit_ls</STRONG> (ARM, 0 bytes, Stack size unknown bytes, rtexit2.o(.ARM.Collect$$rtexit$$00000003))
<BR><BR>[Calls]<UL><LI><a href="#[28]">&gt;&gt;</a>&nbsp;&nbsp;&nbsp;__rt_lib_shutdown (via Veneer)
</UL>

<P><STRONG><a name="[c5]"></a>__rt_exit_prels_1</STRONG> (ARM, 0 bytes, Stack size unknown bytes, rtexit2.o(.ARM.Collect$$rtexit$$00000002))

<P><STRONG><a name="[29]"></a>__rt_exit_exit</STRONG> (ARM, 0 bytes, Stack size unknown bytes, rtexit2.o(.ARM.Collect$$rtexit$$00000004))
<BR><BR>[Calls]<UL><LI><a href="#[2a]">&gt;&gt;</a>&nbsp;&nbsp;&nbsp;_sys_exit (via Veneer)
</UL>

<P><STRONG><a name="[3c]"></a>__user_initial_stackheap</STRONG> (ARM, 0 bytes, Stack size unknown bytes, startup.o(.text))
<BR><BR>[Called By]<UL><LI><a href="#[22]">&gt;&gt;</a>&nbsp;&nbsp;&nbsp;__user_setup_stackheap
</UL>

<P><STRONG><a name="[2b]"></a>__2sprintf</STRONG> (Thumb, 36 bytes, Stack size 32 bytes, noretval__2sprintf.o(.text))
<BR><BR>[Stack]<UL><LI>Max Depth = 120 + Unknown Stack Size
<LI>Call Chain = __2sprintf &rArr; _printf_char_common &rArr; __printf
</UL>
<BR>[Calls]<UL><LI><a href="#[14]">&gt;&gt;</a>&nbsp;&nbsp;&nbsp;_sputc
<LI><a href="#[2c]">&gt;&gt;</a>&nbsp;&nbsp;&nbsp;_printf_char_common
</UL>
<BR>[Called By]<UL><LI><a href="#[57]">&gt;&gt;</a>&nbsp;&nbsp;&nbsp;displayFFT_fix(int*, int*, int, int, int) (via Veneer)
</UL>

<P><STRONG><a name="[2d]"></a>__printf</STRONG> (Thumb, 118 bytes, Stack size 24 bytes, __printf.o(.text))
<BR><BR>[Stack]<UL><LI>Max Depth = 24 + Unknown Stack Size
<LI>Call Chain = __printf
</UL>
<BR>[Calls]<UL><LI><a href="#[2f]">&gt;&gt;</a>&nbsp;&nbsp;&nbsp;_printf_percent (via Veneer)
<LI><a href="#[30]">&gt;&gt;</a>&nbsp;&nbsp;&nbsp;__ARM_common_call_via_r2
<LI><a href="#[2e]">&gt;&gt;</a>&nbsp;&nbsp;&nbsp;__ARM_common_call_via_r1
</UL>
<BR>[Called By]<UL><LI><a href="#[2c]">&gt;&gt;</a>&nbsp;&nbsp;&nbsp;_printf_char_common
</UL>

<P><STRONG><a name="[1f]"></a>_printf_int_dec</STRONG> (Thumb, 94 bytes, Stack size 32 bytes, _printf_dec.o(.text))
<BR><BR>[Stack]<UL><LI>Max Depth = 72<LI>Call Chain = _printf_int_dec &rArr; _printf_int_common
</UL>
<BR>[Calls]<UL><LI><a href="#[33]">&gt;&gt;</a>&nbsp;&nbsp;&nbsp;__rt_udiv10 (via Veneer)
<LI><a href="#[34]">&gt;&gt;</a>&nbsp;&nbsp;&nbsp;_printf_int_common
<LI><a href="#[32]">&gt;&gt;</a>&nbsp;&nbsp;&nbsp;_printf_truncate_unsigned (Weak Reference)
<LI><a href="#[31]">&gt;&gt;</a>&nbsp;&nbsp;&nbsp;_printf_truncate_signed (Weak Reference)
</UL>
<BR>[Called By]<UL><LI><a href="#[1e]">&gt;&gt;</a>&nbsp;&nbsp;&nbsp;_printf_d (via Veneer)
</UL>

<P><STRONG><a name="[7d]"></a>__aeabi_memcpy4</STRONG> (ARM, 0 bytes, Stack size 8 bytes, rt_memcpy_w.o(.text))
<BR><BR>[Stack]<UL><LI>Max Depth = 8<LI>Call Chain = __aeabi_memcpy4
</UL>
<BR>[Called By]<UL><LI><a href="#[7b]">&gt;&gt;</a>&nbsp;&nbsp;&nbsp;ILI9225::ILI9225(pin, pin, pin, pin)
<LI><a href="#[18]">&gt;&gt;</a>&nbsp;&nbsp;&nbsp;__sti___8_main_cpp__clock
</UL>

<P><STRONG><a name="[c6]"></a>__aeabi_memcpy8</STRONG> (ARM, 0 bytes, Stack size 8 bytes, rt_memcpy_w.o(.text), UNUSED)

<P><STRONG><a name="[c7]"></a>__rt_memcpy_w</STRONG> (ARM, 100 bytes, Stack size 8 bytes, rt_memcpy_w.o(.text), UNUSED)

<P><STRONG><a name="[c8]"></a>_memcpy_lastbytes_aligned</STRONG> (ARM, 0 bytes, Stack size unknown bytes, rt_memcpy_w.o(.text), UNUSED)

<P><STRONG><a name="[c9]"></a>__aeabi_idiv</STRONG> (ARM, 0 bytes, Stack size 8 bytes, aeabi_sdiv.o(.text), UNUSED)

<P><STRONG><a name="[45]"></a>__aeabi_idivmod</STRONG> (ARM, 384 bytes, Stack size 8 bytes, aeabi_sdiv.o(.text))
<BR><BR>[Stack]<UL><LI>Max Depth = 8<LI>Call Chain = __aeabi_idivmod
</UL>
<BR>[Called By]<UL><LI><a href="#[61]">&gt;&gt;</a>&nbsp;&nbsp;&nbsp;displayDrawBackgroundXY_Plot()
<LI><a href="#[58]">&gt;&gt;</a>&nbsp;&nbsp;&nbsp;displayDrawBackgroundGraph()
<LI><a href="#[5d]">&gt;&gt;</a>&nbsp;&nbsp;&nbsp;displayDrawBackgroundFFT()
<LI><a href="#[57]">&gt;&gt;</a>&nbsp;&nbsp;&nbsp;displayFFT_fix(int*, int*, int, int, int)
<LI><a href="#[44]">&gt;&gt;</a>&nbsp;&nbsp;&nbsp;initDACout()
<LI><a href="#[68]">&gt;&gt;</a>&nbsp;&nbsp;&nbsp;pin::pin(int)
</UL>

<P><STRONG><a name="[ca]"></a>__use_two_region_memory</STRONG> (Thumb, 2 bytes, Stack size 0 bytes, heapauxi.o(.text), UNUSED)

<P><STRONG><a name="[4]"></a>__rt_heap_escrow</STRONG> (Thumb, 2 bytes, Stack size 0 bytes, heapauxi.o(.text), UNUSED)

<P><STRONG><a name="[3]"></a>__rt_heap_expand</STRONG> (Thumb, 2 bytes, Stack size 0 bytes, heapauxi.o(.text), UNUSED)

<P><STRONG><a name="[1a]"></a>__cpp_initialize__aeabi_</STRONG> (Thumb, 32 bytes, Stack size 16 bytes, init_aeabi.o(.text))
<BR><BR>[Stack]<UL><LI>Max Depth = 16<LI>Call Chain = __cpp_initialize__aeabi_
</UL>
<BR>[Calls]<UL><LI><a href="#[35]">&gt;&gt;</a>&nbsp;&nbsp;&nbsp;__ARM_common_call_via_r0
</UL>
<BR>[Called By]<UL><LI><a href="#[20]">&gt;&gt;</a>&nbsp;&nbsp;&nbsp;__rt_lib_init_cpp_2
</UL>

<P><STRONG><a name="[2a]"></a>_sys_exit</STRONG> (Thumb, 8 bytes, Stack size 0 bytes, sys_exit.o(.text))
<BR><BR>[Called By]<UL><LI><a href="#[29]">&gt;&gt;</a>&nbsp;&nbsp;&nbsp;__rt_exit_exit (via Veneer)
</UL>

<P><STRONG><a name="[36]"></a>__read_errno</STRONG> (Thumb, 14 bytes, Stack size 8 bytes, _rserrno.o(.text), UNUSED)
<BR><BR>[Calls]<UL><LI><a href="#[37]">&gt;&gt;</a>&nbsp;&nbsp;&nbsp;__aeabi_errno_addr (via Veneer)
</UL>

<P><STRONG><a name="[38]"></a>__set_errno</STRONG> (Thumb, 12 bytes, Stack size 8 bytes, _rserrno.o(.text))
<BR><BR>[Stack]<UL><LI>Max Depth = 8<LI>Call Chain = __set_errno
</UL>
<BR>[Calls]<UL><LI><a href="#[37]">&gt;&gt;</a>&nbsp;&nbsp;&nbsp;__aeabi_errno_addr (via Veneer)
</UL>
<BR>[Called By]<UL><LI><a href="#[5c]">&gt;&gt;</a>&nbsp;&nbsp;&nbsp;sqrtf (via Veneer)
<LI><a href="#[4b]">&gt;&gt;</a>&nbsp;&nbsp;&nbsp;sin (via Veneer)
</UL>

<P><STRONG><a name="[34]"></a>_printf_int_common</STRONG> (Thumb, 186 bytes, Stack size 40 bytes, _printf_intcommon.o(.text))
<BR><BR>[Stack]<UL><LI>Max Depth = 40<LI>Call Chain = _printf_int_common
</UL>
<BR>[Calls]<UL><LI><a href="#[39]">&gt;&gt;</a>&nbsp;&nbsp;&nbsp;_printf_pre_padding (Weak Reference)
<LI><a href="#[3a]">&gt;&gt;</a>&nbsp;&nbsp;&nbsp;_printf_post_padding (Weak Reference)
<LI><a href="#[30]">&gt;&gt;</a>&nbsp;&nbsp;&nbsp;__ARM_common_call_via_r2
</UL>
<BR>[Called By]<UL><LI><a href="#[1f]">&gt;&gt;</a>&nbsp;&nbsp;&nbsp;_printf_int_dec
</UL>

<P><STRONG><a name="[2c]"></a>_printf_char_common</STRONG> (Thumb, 34 bytes, Stack size 64 bytes, _printf_char_common.o(.text))
<BR><BR>[Stack]<UL><LI>Max Depth = 88 + Unknown Stack Size
<LI>Call Chain = _printf_char_common &rArr; __printf
</UL>
<BR>[Calls]<UL><LI><a href="#[2d]">&gt;&gt;</a>&nbsp;&nbsp;&nbsp;__printf
</UL>
<BR>[Called By]<UL><LI><a href="#[2b]">&gt;&gt;</a>&nbsp;&nbsp;&nbsp;__2sprintf
</UL>

<P><STRONG><a name="[14]"></a>_sputc</STRONG> (Thumb, 10 bytes, Stack size 0 bytes, _sputc.o(.text))
<BR><BR>[Called By]<UL><LI><a href="#[2b]">&gt;&gt;</a>&nbsp;&nbsp;&nbsp;__2sprintf
</UL>
<BR>[Address Reference Count : 1]<UL><LI> noretval__2sprintf.o(.text)
</UL>
<P><STRONG><a name="[33]"></a>__rt_udiv10</STRONG> (ARM, 44 bytes, Stack size 0 bytes, rtudiv10.o(.text))
<BR><BR>[Called By]<UL><LI><a href="#[1f]">&gt;&gt;</a>&nbsp;&nbsp;&nbsp;_printf_int_dec (via Veneer)
</UL>

<P><STRONG><a name="[cb]"></a>__user_libspace</STRONG> (ARM, 12 bytes, Stack size 0 bytes, libspace.o(.text), UNUSED)

<P><STRONG><a name="[3b]"></a>__user_perproc_libspace</STRONG> (ARM, 0 bytes, Stack size 0 bytes, libspace.o(.text))
<BR><BR>[Called By]<UL><LI><a href="#[22]">&gt;&gt;</a>&nbsp;&nbsp;&nbsp;__user_setup_stackheap
</UL>

<P><STRONG><a name="[cc]"></a>__user_perthread_libspace</STRONG> (ARM, 0 bytes, Stack size 0 bytes, libspace.o(.text), UNUSED)

<P><STRONG><a name="[cd]"></a>__I$use$semihosting</STRONG> (ARM, 0 bytes, Stack size 0 bytes, use_no_semi.o(.text), UNUSED)

<P><STRONG><a name="[ce]"></a>__use_no_semihosting_swi</STRONG> (ARM, 4 bytes, Stack size 0 bytes, use_no_semi.o(.text), UNUSED)

<P><STRONG><a name="[cf]"></a>__semihosting_library_function</STRONG> (ARM, 0 bytes, Stack size unknown bytes, indicate_semi.o(.text), UNUSED)

<P><STRONG><a name="[37]"></a>__aeabi_errno_addr</STRONG> (ARM, 12 bytes, Stack size 0 bytes, rt_errno_addr_intlibspace.o(.text))
<BR><BR>[Called By]<UL><LI><a href="#[38]">&gt;&gt;</a>&nbsp;&nbsp;&nbsp;__set_errno (via Veneer)
<LI><a href="#[36]">&gt;&gt;</a>&nbsp;&nbsp;&nbsp;__read_errno (via Veneer)
</UL>

<P><STRONG><a name="[d0]"></a>__errno$intlibspace</STRONG> (ARM, 0 bytes, Stack size 0 bytes, rt_errno_addr_intlibspace.o(.text), UNUSED)

<P><STRONG><a name="[d1]"></a>__rt_errno_addr$intlibspace</STRONG> (ARM, 0 bytes, Stack size 0 bytes, rt_errno_addr_intlibspace.o(.text), UNUSED)

<P><STRONG><a name="[22]"></a>__user_setup_stackheap</STRONG> (ARM, 96 bytes, Stack size 8 bytes, sys_stackheap_outer.o(.text))
<BR><BR>[Stack]<UL><LI>Max Depth = 8 + Unknown Stack Size
<LI>Call Chain = __user_setup_stackheap
</UL>
<BR>[Calls]<UL><LI><a href="#[3c]">&gt;&gt;</a>&nbsp;&nbsp;&nbsp;__user_initial_stackheap
<LI><a href="#[3b]">&gt;&gt;</a>&nbsp;&nbsp;&nbsp;__user_perproc_libspace
</UL>
<BR>[Called By]<UL><LI><a href="#[21]">&gt;&gt;</a>&nbsp;&nbsp;&nbsp;__rt_entry_sh
</UL>

<P><STRONG><a name="[26]"></a>exit</STRONG> (Thumb, 12 bytes, Stack size 0 bytes, exit.o(.text))
<BR><BR>[Calls]<UL><LI><a href="#[3e]">&gt;&gt;</a>&nbsp;&nbsp;&nbsp;__rt_exit (via Veneer)
<LI><a href="#[3d]">&gt;&gt;</a>&nbsp;&nbsp;&nbsp;_call_atexit_fns (Weak Reference)
</UL>
<BR>[Called By]<UL><LI><a href="#[25]">&gt;&gt;</a>&nbsp;&nbsp;&nbsp;__rt_entry_main
</UL>

<P><STRONG><a name="[d2]"></a>__aeabi_uidiv</STRONG> (ARM, 0 bytes, Stack size 0 bytes, aeabi_sdiv.o(.text_udiv), UNUSED)

<P><STRONG><a name="[3f]"></a>__aeabi_uidivmod</STRONG> (ARM, 36 bytes, Stack size 0 bytes, aeabi_sdiv.o(.text_udiv))
<BR><BR>[Calls]<UL><LI><a href="#[43]">&gt;&gt;</a>&nbsp;&nbsp;&nbsp;__arm_div_large
<LI><a href="#[40]">&gt;&gt;</a>&nbsp;&nbsp;&nbsp;__arm_div2
<LI><a href="#[41]">&gt;&gt;</a>&nbsp;&nbsp;&nbsp;__arm_div5
<LI><a href="#[42]">&gt;&gt;</a>&nbsp;&nbsp;&nbsp;__arm_div8
</UL>
<BR>[Called By]<UL><LI><a href="#[76]">&gt;&gt;</a>&nbsp;&nbsp;&nbsp;ILI9225::setCursorLimits(unsigned, unsigned, unsigned, unsigned, unsigned)
<LI><a href="#[63]">&gt;&gt;</a>&nbsp;&nbsp;&nbsp;delayClass::ms(unsigned long)
<LI><a href="#[6d]">&gt;&gt;</a>&nbsp;&nbsp;&nbsp;pll::pll(unsigned long, int, int)
</UL>

<P><STRONG><a name="[44]"></a>initDACout()</STRONG> (ARM, 192 bytes, Stack size 24 bytes, oscilloscope.o(i._Z10initDACoutv))
<BR><BR>[Stack]<UL><LI>Max Depth = 32<LI>Call Chain = initDACout() &rArr; __aeabi_idivmod
</UL>
<BR>[Calls]<UL><LI><a href="#[46]">&gt;&gt;</a>&nbsp;&nbsp;&nbsp;U(int)
<LI><a href="#[45]">&gt;&gt;</a>&nbsp;&nbsp;&nbsp;__aeabi_idivmod
</UL>
<BR>[Called By]<UL><LI><a href="#[53]">&gt;&gt;</a>&nbsp;&nbsp;&nbsp;oscilloscope()
</UL>

<P><STRONG><a name="[55]"></a>initTimer0()</STRONG> (ARM, 76 bytes, Stack size 0 bytes, oscilloscope.o(i._Z10initTimer0v))
<BR><BR>[Called By]<UL><LI><a href="#[53]">&gt;&gt;</a>&nbsp;&nbsp;&nbsp;oscilloscope()
</UL>

<P><STRONG><a name="[47]"></a>initFFT_LUT()</STRONG> (ARM, 80 bytes, Stack size 24 bytes, fft.o(i._Z11initFFT_LUTv))
<BR><BR>[Stack]<UL><LI>Max Depth = 216<LI>Call Chain = initFFT_LUT() &rArr; sin &rArr; __ieee754_rem_pio2 &rArr; __aeabi_dmul
</UL>
<BR>[Calls]<UL><LI><a href="#[4b]">&gt;&gt;</a>&nbsp;&nbsp;&nbsp;sin
<LI><a href="#[4a]">&gt;&gt;</a>&nbsp;&nbsp;&nbsp;__ARM_scalbn
<LI><a href="#[49]">&gt;&gt;</a>&nbsp;&nbsp;&nbsp;__aeabi_dmul
<LI><a href="#[48]">&gt;&gt;</a>&nbsp;&nbsp;&nbsp;__aeabi_i2d
<LI><a href="#[4c]">&gt;&gt;</a>&nbsp;&nbsp;&nbsp;__aeabi_d2f
</UL>
<BR>[Called By]<UL><LI><a href="#[53]">&gt;&gt;</a>&nbsp;&nbsp;&nbsp;oscilloscope()
</UL>

<P><STRONG><a name="[4d]"></a>displayGraph(int*, int, int)</STRONG> (ARM, 124 bytes, Stack size 32 bytes, oscilloscope.o(i._Z12displayGraphPiii))
<BR><BR>[Stack]<UL><LI>Max Depth = 120<LI>Call Chain = displayGraph(int*, int, int) &rArr; ILI9225::drawLine(unsigned, unsigned, unsigned, unsigned, unsigned) &rArr; ILI9225::drawPixel(unsigned, unsigned, unsigned) &rArr; ILI9225::_writeCommand(int)
</UL>
<BR>[Calls]<UL><LI><a href="#[52]">&gt;&gt;</a>&nbsp;&nbsp;&nbsp;ILI9225::drawLine(unsigned, unsigned, unsigned, unsigned, unsigned)
<LI><a href="#[50]">&gt;&gt;</a>&nbsp;&nbsp;&nbsp;__ARM_scalbnf
<LI><a href="#[4f]">&gt;&gt;</a>&nbsp;&nbsp;&nbsp;__aeabi_fmul
<LI><a href="#[4e]">&gt;&gt;</a>&nbsp;&nbsp;&nbsp;__aeabi_i2f
<LI><a href="#[51]">&gt;&gt;</a>&nbsp;&nbsp;&nbsp;__aeabi_f2iz
</UL>
<BR>[Called By]<UL><LI><a href="#[53]">&gt;&gt;</a>&nbsp;&nbsp;&nbsp;oscilloscope()
</UL>

<P><STRONG><a name="[53]"></a>oscilloscope()</STRONG> (ARM, 200 bytes, Stack size 8 bytes, oscilloscope.o(i._Z12oscilloscopev))
<BR><BR>[Stack]<UL><LI>Max Depth = 2312 + Unknown Stack Size
<LI>Call Chain = oscilloscope() &rArr; displayFFT_fix(int*, int*, int, int, int) &rArr; ILI9225::drawText(unsigned, unsigned, char*, unsigned) &rArr; ILI9225::drawChar(unsigned, unsigned, unsigned, unsigned) &rArr; ILI9225::_drawPixel(unsigned, unsigned, unsigned) &rArr; ILI9225::_setWindow(unsigned, unsigned, unsigned, unsigned) &rArr; ILI9225::_writeRegister(unsigned, unsigned) &rArr; ILI9225::_writeCommand(int)
</UL>
<BR>[Calls]<UL><LI><a href="#[54]">&gt;&gt;</a>&nbsp;&nbsp;&nbsp;initADC()
<LI><a href="#[58]">&gt;&gt;</a>&nbsp;&nbsp;&nbsp;displayDrawBackgroundGraph()
<LI><a href="#[59]">&gt;&gt;</a>&nbsp;&nbsp;&nbsp;displayXY_Plot(int*, int*, int, int)
<LI><a href="#[57]">&gt;&gt;</a>&nbsp;&nbsp;&nbsp;displayFFT_fix(int*, int*, int, int, int)
<LI><a href="#[4d]">&gt;&gt;</a>&nbsp;&nbsp;&nbsp;displayGraph(int*, int, int)
<LI><a href="#[55]">&gt;&gt;</a>&nbsp;&nbsp;&nbsp;initTimer0()
<LI><a href="#[44]">&gt;&gt;</a>&nbsp;&nbsp;&nbsp;initDACout()
<LI><a href="#[5a]">&gt;&gt;</a>&nbsp;&nbsp;&nbsp;pin::high()
<LI><a href="#[56]">&gt;&gt;</a>&nbsp;&nbsp;&nbsp;pin::low()
<LI><a href="#[47]">&gt;&gt;</a>&nbsp;&nbsp;&nbsp;initFFT_LUT()
</UL>
<BR>[Called By]<UL><LI><a href="#[13]">&gt;&gt;</a>&nbsp;&nbsp;&nbsp;main
</UL>

<P><STRONG><a name="[57]"></a>displayFFT_fix(int*, int*, int, int, int)</STRONG> (ARM, 776 bytes, Stack size 2136 bytes, oscilloscope.o(i._Z14displayFFT_fixPiS_iii))
<BR><BR>[Stack]<UL><LI>Max Depth = 2304 + Unknown Stack Size
<LI>Call Chain = displayFFT_fix(int*, int*, int, int, int) &rArr; ILI9225::drawText(unsigned, unsigned, char*, unsigned) &rArr; ILI9225::drawChar(unsigned, unsigned, unsigned, unsigned) &rArr; ILI9225::_drawPixel(unsigned, unsigned, unsigned) &rArr; ILI9225::_setWindow(unsigned, unsigned, unsigned, unsigned) &rArr; ILI9225::_writeRegister(unsigned, unsigned) &rArr; ILI9225::_writeCommand(int)
</UL>
<BR>[Calls]<UL><LI><a href="#[5b]">&gt;&gt;</a>&nbsp;&nbsp;&nbsp;fix_fft(int*, int*, int, int)
<LI><a href="#[5d]">&gt;&gt;</a>&nbsp;&nbsp;&nbsp;displayDrawBackgroundFFT()
<LI><a href="#[52]">&gt;&gt;</a>&nbsp;&nbsp;&nbsp;ILI9225::drawLine(unsigned, unsigned, unsigned, unsigned, unsigned)
<LI><a href="#[60]">&gt;&gt;</a>&nbsp;&nbsp;&nbsp;ILI9225::drawText(unsigned, unsigned, char*, unsigned)
<LI><a href="#[5f]">&gt;&gt;</a>&nbsp;&nbsp;&nbsp;ILI9225::setOrientation(char)
<LI><a href="#[5c]">&gt;&gt;</a>&nbsp;&nbsp;&nbsp;sqrtf
<LI><a href="#[4e]">&gt;&gt;</a>&nbsp;&nbsp;&nbsp;__aeabi_i2f
<LI><a href="#[51]">&gt;&gt;</a>&nbsp;&nbsp;&nbsp;__aeabi_f2iz
<LI><a href="#[49]">&gt;&gt;</a>&nbsp;&nbsp;&nbsp;__aeabi_dmul
<LI><a href="#[48]">&gt;&gt;</a>&nbsp;&nbsp;&nbsp;__aeabi_i2d
<LI><a href="#[5e]">&gt;&gt;</a>&nbsp;&nbsp;&nbsp;__aeabi_d2iz
<LI><a href="#[45]">&gt;&gt;</a>&nbsp;&nbsp;&nbsp;__aeabi_idivmod
<LI><a href="#[2b]">&gt;&gt;</a>&nbsp;&nbsp;&nbsp;__2sprintf (via Veneer)
</UL>
<BR>[Called By]<UL><LI><a href="#[53]">&gt;&gt;</a>&nbsp;&nbsp;&nbsp;oscilloscope()
</UL>

<P><STRONG><a name="[59]"></a>displayXY_Plot(int*, int*, int, int)</STRONG> (ARM, 140 bytes, Stack size 32 bytes, oscilloscope.o(i._Z14displayXY_PlotPiS_ii))
<BR><BR>[Stack]<UL><LI>Max Depth = 120<LI>Call Chain = displayXY_Plot(int*, int*, int, int) &rArr; displayDrawBackgroundXY_Plot() &rArr; ILI9225::_setWindow(unsigned, unsigned, unsigned, unsigned) &rArr; ILI9225::_writeRegister(unsigned, unsigned) &rArr; ILI9225::_writeCommand(int)
</UL>
<BR>[Calls]<UL><LI><a href="#[61]">&gt;&gt;</a>&nbsp;&nbsp;&nbsp;displayDrawBackgroundXY_Plot()
<LI><a href="#[52]">&gt;&gt;</a>&nbsp;&nbsp;&nbsp;ILI9225::drawLine(unsigned, unsigned, unsigned, unsigned, unsigned)
</UL>
<BR>[Called By]<UL><LI><a href="#[53]">&gt;&gt;</a>&nbsp;&nbsp;&nbsp;oscilloscope()
</UL>

<P><STRONG><a name="[17]"></a>Timer0_Interrupt()</STRONG> (ARM, 136 bytes, Stack size 24 bytes, oscilloscope.o(i._Z16Timer0_Interruptv))
<BR><BR>[Stack]<UL><LI>Max Depth = 24<LI>Call Chain = Timer0_Interrupt()
</UL>
<BR>[Address Reference Count : 1]<UL><LI> oscilloscope.o(i._Z10initTimer0v)
</UL>
<P><STRONG><a name="[16]"></a>Timer1_Interrupt()</STRONG> (ARM, 72 bytes, Stack size 16 bytes, oscilloscope.o(i._Z16Timer1_Interruptv))
<BR><BR>[Stack]<UL><LI>Max Depth = 16<LI>Call Chain = Timer1_Interrupt()
</UL>
<BR>[Address Reference Count : 1]<UL><LI> oscilloscope.o(i._Z10initDACoutv)
</UL>
<P><STRONG><a name="[46]"></a>U(int)</STRONG> (ARM, 16 bytes, Stack size 0 bytes, oscilloscope.o(i._Z1Ui))
<BR><BR>[Called By]<UL><LI><a href="#[44]">&gt;&gt;</a>&nbsp;&nbsp;&nbsp;initDACout()
</UL>

<P><STRONG><a name="[5d]"></a>displayDrawBackgroundFFT()</STRONG> (ARM, 172 bytes, Stack size 40 bytes, oscilloscope.o(i._Z24displayDrawBackgroundFFTv))
<BR><BR>[Stack]<UL><LI>Max Depth = 88<LI>Call Chain = displayDrawBackgroundFFT() &rArr; ILI9225::_setWindow(unsigned, unsigned, unsigned, unsigned) &rArr; ILI9225::_writeRegister(unsigned, unsigned) &rArr; ILI9225::_writeCommand(int)
</UL>
<BR>[Calls]<UL><LI><a href="#[62]">&gt;&gt;</a>&nbsp;&nbsp;&nbsp;ILI9225::_setWindow(unsigned, unsigned, unsigned, unsigned)
<LI><a href="#[5a]">&gt;&gt;</a>&nbsp;&nbsp;&nbsp;pin::high()
<LI><a href="#[5f]">&gt;&gt;</a>&nbsp;&nbsp;&nbsp;ILI9225::setOrientation(char)
<LI><a href="#[45]">&gt;&gt;</a>&nbsp;&nbsp;&nbsp;__aeabi_idivmod
</UL>
<BR>[Called By]<UL><LI><a href="#[57]">&gt;&gt;</a>&nbsp;&nbsp;&nbsp;displayFFT_fix(int*, int*, int, int, int)
</UL>

<P><STRONG><a name="[58]"></a>displayDrawBackgroundGraph()</STRONG> (ARM, 160 bytes, Stack size 32 bytes, oscilloscope.o(i._Z26displayDrawBackgroundGraphv))
<BR><BR>[Stack]<UL><LI>Max Depth = 80<LI>Call Chain = displayDrawBackgroundGraph() &rArr; ILI9225::_setWindow(unsigned, unsigned, unsigned, unsigned) &rArr; ILI9225::_writeRegister(unsigned, unsigned) &rArr; ILI9225::_writeCommand(int)
</UL>
<BR>[Calls]<UL><LI><a href="#[62]">&gt;&gt;</a>&nbsp;&nbsp;&nbsp;ILI9225::_setWindow(unsigned, unsigned, unsigned, unsigned)
<LI><a href="#[5a]">&gt;&gt;</a>&nbsp;&nbsp;&nbsp;pin::high()
<LI><a href="#[5f]">&gt;&gt;</a>&nbsp;&nbsp;&nbsp;ILI9225::setOrientation(char)
<LI><a href="#[45]">&gt;&gt;</a>&nbsp;&nbsp;&nbsp;__aeabi_idivmod
</UL>
<BR>[Called By]<UL><LI><a href="#[53]">&gt;&gt;</a>&nbsp;&nbsp;&nbsp;oscilloscope()
</UL>

<P><STRONG><a name="[61]"></a>displayDrawBackgroundXY_Plot()</STRONG> (ARM, 172 bytes, Stack size 40 bytes, oscilloscope.o(i._Z28displayDrawBackgroundXY_Plotv))
<BR><BR>[Stack]<UL><LI>Max Depth = 88<LI>Call Chain = displayDrawBackgroundXY_Plot() &rArr; ILI9225::_setWindow(unsigned, unsigned, unsigned, unsigned) &rArr; ILI9225::_writeRegister(unsigned, unsigned) &rArr; ILI9225::_writeCommand(int)
</UL>
<BR>[Calls]<UL><LI><a href="#[62]">&gt;&gt;</a>&nbsp;&nbsp;&nbsp;ILI9225::_setWindow(unsigned, unsigned, unsigned, unsigned)
<LI><a href="#[5a]">&gt;&gt;</a>&nbsp;&nbsp;&nbsp;pin::high()
<LI><a href="#[5f]">&gt;&gt;</a>&nbsp;&nbsp;&nbsp;ILI9225::setOrientation(char)
<LI><a href="#[45]">&gt;&gt;</a>&nbsp;&nbsp;&nbsp;__aeabi_idivmod
</UL>
<BR>[Called By]<UL><LI><a href="#[59]">&gt;&gt;</a>&nbsp;&nbsp;&nbsp;displayXY_Plot(int*, int*, int, int)
</UL>

<P><STRONG><a name="[5b]"></a>fix_fft(int*, int*, int, int)</STRONG> (ARM, 484 bytes, Stack size 68 bytes, fft_fix.o(i._Z7fix_fftPiS_ii))
<BR><BR>[Stack]<UL><LI>Max Depth = 68<LI>Call Chain = fix_fft(int*, int*, int, int)
</UL>
<BR>[Called By]<UL><LI><a href="#[57]">&gt;&gt;</a>&nbsp;&nbsp;&nbsp;displayFFT_fix(int*, int*, int, int, int)
</UL>

<P><STRONG><a name="[54]"></a>initADC()</STRONG> (ARM, 44 bytes, Stack size 0 bytes, oscilloscope.o(i._Z7initADCv))
<BR><BR>[Called By]<UL><LI><a href="#[53]">&gt;&gt;</a>&nbsp;&nbsp;&nbsp;oscilloscope()
</UL>

<P><STRONG><a name="[63]"></a>delayClass::ms(unsigned long)</STRONG> (ARM, 40 bytes, Stack size 8 bytes, delay.o(i._ZN10delayClass2msEm))
<BR><BR>[Stack]<UL><LI>Max Depth = 8 + Unknown Stack Size
<LI>Call Chain = delayClass::ms(unsigned long)
</UL>
<BR>[Calls]<UL><LI><a href="#[3f]">&gt;&gt;</a>&nbsp;&nbsp;&nbsp;__aeabi_uidivmod
</UL>
<BR>[Called By]<UL><LI><a href="#[78]">&gt;&gt;</a>&nbsp;&nbsp;&nbsp;ILI9225::clear(int)
<LI><a href="#[77]">&gt;&gt;</a>&nbsp;&nbsp;&nbsp;ILI9225::begin()
</UL>

<P><STRONG><a name="[64]"></a>delayClass::delayClass(unsigned long)</STRONG> (ARM, 48 bytes, Stack size 8 bytes, delay.o(i._ZN10delayClassC1Em))
<BR><BR>[Stack]<UL><LI>Max Depth = 40<LI>Call Chain = delayClass::delayClass(unsigned long) &rArr; __aeabi_d2uiz
</UL>
<BR>[Calls]<UL><LI><a href="#[65]">&gt;&gt;</a>&nbsp;&nbsp;&nbsp;__aeabi_ui2d
<LI><a href="#[67]">&gt;&gt;</a>&nbsp;&nbsp;&nbsp;__aeabi_d2uiz
<LI><a href="#[66]">&gt;&gt;</a>&nbsp;&nbsp;&nbsp;__aeabi_ddiv
</UL>
<BR>[Called By]<UL><LI><a href="#[18]">&gt;&gt;</a>&nbsp;&nbsp;&nbsp;__sti___8_main_cpp__clock
</UL>

<P><STRONG><a name="[d3]"></a>delayClass::delayClass__sub_object(unsigned long)</STRONG> (ARM, 0 bytes, Stack size 8 bytes, delay.o(i._ZN10delayClassC1Em), UNUSED)

<P><STRONG><a name="[56]"></a>pin::low()</STRONG> (ARM, 24 bytes, Stack size 0 bytes, pin.o(i._ZN3pin3lowEv))
<BR><BR>[Called By]<UL><LI><a href="#[73]">&gt;&gt;</a>&nbsp;&nbsp;&nbsp;ILI9225::_writeCommand(int)
<LI><a href="#[74]">&gt;&gt;</a>&nbsp;&nbsp;&nbsp;ILI9225::setBacklight(bool)
<LI><a href="#[77]">&gt;&gt;</a>&nbsp;&nbsp;&nbsp;ILI9225::begin()
<LI><a href="#[53]">&gt;&gt;</a>&nbsp;&nbsp;&nbsp;oscilloscope()
</UL>

<P><STRONG><a name="[5a]"></a>pin::high()</STRONG> (ARM, 24 bytes, Stack size 0 bytes, pin.o(i._ZN3pin4highEv))
<BR><BR>[Called By]<UL><LI><a href="#[61]">&gt;&gt;</a>&nbsp;&nbsp;&nbsp;displayDrawBackgroundXY_Plot()
<LI><a href="#[58]">&gt;&gt;</a>&nbsp;&nbsp;&nbsp;displayDrawBackgroundGraph()
<LI><a href="#[5d]">&gt;&gt;</a>&nbsp;&nbsp;&nbsp;displayDrawBackgroundFFT()
<LI><a href="#[74]">&gt;&gt;</a>&nbsp;&nbsp;&nbsp;ILI9225::setBacklight(bool)
<LI><a href="#[71]">&gt;&gt;</a>&nbsp;&nbsp;&nbsp;ILI9225::_writeData(int)
<LI><a href="#[77]">&gt;&gt;</a>&nbsp;&nbsp;&nbsp;ILI9225::begin()
<LI><a href="#[53]">&gt;&gt;</a>&nbsp;&nbsp;&nbsp;oscilloscope()
</UL>

<P><STRONG><a name="[69]"></a>pin::output()</STRONG> (ARM, 28 bytes, Stack size 0 bytes, pin.o(i._ZN3pin6outputEv))
<BR><BR>[Called By]<UL><LI><a href="#[77]">&gt;&gt;</a>&nbsp;&nbsp;&nbsp;ILI9225::begin()
<LI><a href="#[68]">&gt;&gt;</a>&nbsp;&nbsp;&nbsp;pin::pin(int)
</UL>

<P><STRONG><a name="[68]"></a>pin::pin(int)</STRONG> (ARM, 220 bytes, Stack size 16 bytes, pin.o(i._ZN3pinC1Ei))
<BR><BR>[Stack]<UL><LI>Max Depth = 24<LI>Call Chain = pin::pin(int) &rArr; __aeabi_idivmod
</UL>
<BR>[Calls]<UL><LI><a href="#[69]">&gt;&gt;</a>&nbsp;&nbsp;&nbsp;pin::output()
<LI><a href="#[45]">&gt;&gt;</a>&nbsp;&nbsp;&nbsp;__aeabi_idivmod
</UL>
<BR>[Called By]<UL><LI><a href="#[7b]">&gt;&gt;</a>&nbsp;&nbsp;&nbsp;ILI9225::ILI9225(pin, pin, pin, pin)
<LI><a href="#[18]">&gt;&gt;</a>&nbsp;&nbsp;&nbsp;__sti___8_main_cpp__clock
</UL>

<P><STRONG><a name="[d4]"></a>pin::pin__sub_object(int)</STRONG> (ARM, 0 bytes, Stack size 16 bytes, pin.o(i._ZN3pinC1Ei), UNUSED)

<P><STRONG><a name="[7c]"></a>pin::pin()</STRONG> (ARM, 4 bytes, Stack size 0 bytes, pin.o(i._ZN3pinC1Ev))
<BR><BR>[Called By]<UL><LI><a href="#[7b]">&gt;&gt;</a>&nbsp;&nbsp;&nbsp;ILI9225::ILI9225(pin, pin, pin, pin)
</UL>

<P><STRONG><a name="[d5]"></a>pin::pin__sub_object()</STRONG> (ARM, 0 bytes, Stack size 0 bytes, pin.o(i._ZN3pinC1Ev), UNUSED)

<P><STRONG><a name="[6b]"></a>pll::feedSequence()</STRONG> (ARM, 24 bytes, Stack size 0 bytes, pll.o(i._ZN3pll12feedSequenceEv))
<BR><BR>[Called By]<UL><LI><a href="#[6a]">&gt;&gt;</a>&nbsp;&nbsp;&nbsp;pll::setPll()
</UL>

<P><STRONG><a name="[6e]"></a>pll::getP()</STRONG> (ARM, 80 bytes, Stack size 4 bytes, pll.o(i._ZN3pll4getPEv))
<BR><BR>[Stack]<UL><LI>Max Depth = 4<LI>Call Chain = pll::getP()
</UL>
<BR>[Called By]<UL><LI><a href="#[6d]">&gt;&gt;</a>&nbsp;&nbsp;&nbsp;pll::pll(unsigned long, int, int)
</UL>

<P><STRONG><a name="[6a]"></a>pll::setPll()</STRONG> (ARM, 96 bytes, Stack size 4 bytes, pll.o(i._ZN3pll6setPllEv))
<BR><BR>[Stack]<UL><LI>Max Depth = 4<LI>Call Chain = pll::setPll()
</UL>
<BR>[Calls]<UL><LI><a href="#[6c]">&gt;&gt;</a>&nbsp;&nbsp;&nbsp;pll::isLocked()
<LI><a href="#[6b]">&gt;&gt;</a>&nbsp;&nbsp;&nbsp;pll::feedSequence()
</UL>
<BR>[Called By]<UL><LI><a href="#[6d]">&gt;&gt;</a>&nbsp;&nbsp;&nbsp;pll::pll(unsigned long, int, int)
</UL>

<P><STRONG><a name="[6c]"></a>pll::isLocked()</STRONG> (ARM, 20 bytes, Stack size 0 bytes, pll.o(i._ZN3pll8isLockedEv))
<BR><BR>[Called By]<UL><LI><a href="#[6a]">&gt;&gt;</a>&nbsp;&nbsp;&nbsp;pll::setPll()
</UL>

<P><STRONG><a name="[6d]"></a>pll::pll(unsigned long, int, int)</STRONG> (ARM, 76 bytes, Stack size 8 bytes, pll.o(i._ZN3pllC1Emii))
<BR><BR>[Stack]<UL><LI>Max Depth = 12 + Unknown Stack Size
<LI>Call Chain = pll::pll(unsigned long, int, int) &rArr; pll::setPll()
</UL>
<BR>[Calls]<UL><LI><a href="#[6a]">&gt;&gt;</a>&nbsp;&nbsp;&nbsp;pll::setPll()
<LI><a href="#[6e]">&gt;&gt;</a>&nbsp;&nbsp;&nbsp;pll::getP()
<LI><a href="#[3f]">&gt;&gt;</a>&nbsp;&nbsp;&nbsp;__aeabi_uidivmod
</UL>
<BR>[Called By]<UL><LI><a href="#[18]">&gt;&gt;</a>&nbsp;&nbsp;&nbsp;__sti___8_main_cpp__clock
</UL>

<P><STRONG><a name="[d6]"></a>pll::pll__sub_object(unsigned long, int, int)</STRONG> (ARM, 0 bytes, Stack size 8 bytes, pll.o(i._ZN3pllC1Emii), UNUSED)

<P><STRONG><a name="[6f]"></a>ILI9225::_drawPixel(unsigned, unsigned, unsigned)</STRONG> (ARM, 104 bytes, Stack size 32 bytes, ili9225.o(i._ZN7ILI922510_drawPixelEjjj))
<BR><BR>[Stack]<UL><LI>Max Depth = 80<LI>Call Chain = ILI9225::_drawPixel(unsigned, unsigned, unsigned) &rArr; ILI9225::_setWindow(unsigned, unsigned, unsigned, unsigned) &rArr; ILI9225::_writeRegister(unsigned, unsigned) &rArr; ILI9225::_writeCommand(int)
</UL>
<BR>[Calls]<UL><LI><a href="#[70]">&gt;&gt;</a>&nbsp;&nbsp;&nbsp;ILI9225::_orientCoordinates(unsigned&, unsigned&)
<LI><a href="#[71]">&gt;&gt;</a>&nbsp;&nbsp;&nbsp;ILI9225::_writeData(int)
<LI><a href="#[62]">&gt;&gt;</a>&nbsp;&nbsp;&nbsp;ILI9225::_setWindow(unsigned, unsigned, unsigned, unsigned)
</UL>
<BR>[Called By]<UL><LI><a href="#[79]">&gt;&gt;</a>&nbsp;&nbsp;&nbsp;ILI9225::drawChar(unsigned, unsigned, unsigned, unsigned)
</UL>

<P><STRONG><a name="[62]"></a>ILI9225::_setWindow(unsigned, unsigned, unsigned, unsigned)</STRONG> (ARM, 192 bytes, Stack size 24 bytes, ili9225.o(i._ZN7ILI922510_setWindowEjjjj))
<BR><BR>[Stack]<UL><LI>Max Depth = 48<LI>Call Chain = ILI9225::_setWindow(unsigned, unsigned, unsigned, unsigned) &rArr; ILI9225::_writeRegister(unsigned, unsigned) &rArr; ILI9225::_writeCommand(int)
</UL>
<BR>[Calls]<UL><LI><a href="#[70]">&gt;&gt;</a>&nbsp;&nbsp;&nbsp;ILI9225::_orientCoordinates(unsigned&, unsigned&)
<LI><a href="#[72]">&gt;&gt;</a>&nbsp;&nbsp;&nbsp;ILI9225::_writeRegister(unsigned, unsigned)
<LI><a href="#[73]">&gt;&gt;</a>&nbsp;&nbsp;&nbsp;ILI9225::_writeCommand(int)
</UL>
<BR>[Called By]<UL><LI><a href="#[61]">&gt;&gt;</a>&nbsp;&nbsp;&nbsp;displayDrawBackgroundXY_Plot()
<LI><a href="#[58]">&gt;&gt;</a>&nbsp;&nbsp;&nbsp;displayDrawBackgroundGraph()
<LI><a href="#[5d]">&gt;&gt;</a>&nbsp;&nbsp;&nbsp;displayDrawBackgroundFFT()
<LI><a href="#[75]">&gt;&gt;</a>&nbsp;&nbsp;&nbsp;ILI9225::fillRectangle(unsigned, unsigned, unsigned, unsigned, unsigned)
<LI><a href="#[6f]">&gt;&gt;</a>&nbsp;&nbsp;&nbsp;ILI9225::_drawPixel(unsigned, unsigned, unsigned)
</UL>

<P><STRONG><a name="[71]"></a>ILI9225::_writeData(int)</STRONG> (ARM, 32 bytes, Stack size 8 bytes, ili9225.o(i._ZN7ILI922510_writeDataEi))
<BR><BR>[Stack]<UL><LI>Max Depth = 8<LI>Call Chain = ILI9225::_writeData(int)
</UL>
<BR>[Calls]<UL><LI><a href="#[5a]">&gt;&gt;</a>&nbsp;&nbsp;&nbsp;pin::high()
</UL>
<BR>[Called By]<UL><LI><a href="#[7a]">&gt;&gt;</a>&nbsp;&nbsp;&nbsp;ILI9225::drawPixel(unsigned, unsigned, unsigned)
<LI><a href="#[72]">&gt;&gt;</a>&nbsp;&nbsp;&nbsp;ILI9225::_writeRegister(unsigned, unsigned)
<LI><a href="#[75]">&gt;&gt;</a>&nbsp;&nbsp;&nbsp;ILI9225::fillRectangle(unsigned, unsigned, unsigned, unsigned, unsigned)
<LI><a href="#[6f]">&gt;&gt;</a>&nbsp;&nbsp;&nbsp;ILI9225::_drawPixel(unsigned, unsigned, unsigned)
</UL>

<P><STRONG><a name="[74]"></a>ILI9225::setBacklight(bool)</STRONG> (ARM, 20 bytes, Stack size 0 bytes, ili9225.o(i._ZN7ILI922512setBacklightEb))
<BR><BR>[Calls]<UL><LI><a href="#[5a]">&gt;&gt;</a>&nbsp;&nbsp;&nbsp;pin::high()
<LI><a href="#[56]">&gt;&gt;</a>&nbsp;&nbsp;&nbsp;pin::low()
</UL>
<BR>[Called By]<UL><LI><a href="#[77]">&gt;&gt;</a>&nbsp;&nbsp;&nbsp;ILI9225::begin()
</UL>

<P><STRONG><a name="[73]"></a>ILI9225::_writeCommand(int)</STRONG> (ARM, 32 bytes, Stack size 8 bytes, ili9225.o(i._ZN7ILI922513_writeCommandEi))
<BR><BR>[Stack]<UL><LI>Max Depth = 8<LI>Call Chain = ILI9225::_writeCommand(int)
</UL>
<BR>[Calls]<UL><LI><a href="#[56]">&gt;&gt;</a>&nbsp;&nbsp;&nbsp;pin::low()
</UL>
<BR>[Called By]<UL><LI><a href="#[7a]">&gt;&gt;</a>&nbsp;&nbsp;&nbsp;ILI9225::drawPixel(unsigned, unsigned, unsigned)
<LI><a href="#[72]">&gt;&gt;</a>&nbsp;&nbsp;&nbsp;ILI9225::_writeRegister(unsigned, unsigned)
<LI><a href="#[62]">&gt;&gt;</a>&nbsp;&nbsp;&nbsp;ILI9225::_setWindow(unsigned, unsigned, unsigned, unsigned)
</UL>

<P><STRONG><a name="[75]"></a>ILI9225::fillRectangle(unsigned, unsigned, unsigned, unsigned, unsigned)</STRONG> (ARM, 88 bytes, Stack size 32 bytes, ili9225.o(i._ZN7ILI922513fillRectangleEjjjjj))
<BR><BR>[Stack]<UL><LI>Max Depth = 80<LI>Call Chain = ILI9225::fillRectangle(unsigned, unsigned, unsigned, unsigned, unsigned) &rArr; ILI9225::_setWindow(unsigned, unsigned, unsigned, unsigned) &rArr; ILI9225::_writeRegister(unsigned, unsigned) &rArr; ILI9225::_writeCommand(int)
</UL>
<BR>[Calls]<UL><LI><a href="#[71]">&gt;&gt;</a>&nbsp;&nbsp;&nbsp;ILI9225::_writeData(int)
<LI><a href="#[62]">&gt;&gt;</a>&nbsp;&nbsp;&nbsp;ILI9225::_setWindow(unsigned, unsigned, unsigned, unsigned)
</UL>
<BR>[Called By]<UL><LI><a href="#[78]">&gt;&gt;</a>&nbsp;&nbsp;&nbsp;ILI9225::clear(int)
</UL>

<P><STRONG><a name="[72]"></a>ILI9225::_writeRegister(unsigned, unsigned)</STRONG> (ARM, 32 bytes, Stack size 16 bytes, ili9225.o(i._ZN7ILI922514_writeRegisterEjj))
<BR><BR>[Stack]<UL><LI>Max Depth = 24<LI>Call Chain = ILI9225::_writeRegister(unsigned, unsigned) &rArr; ILI9225::_writeCommand(int)
</UL>
<BR>[Calls]<UL><LI><a href="#[73]">&gt;&gt;</a>&nbsp;&nbsp;&nbsp;ILI9225::_writeCommand(int)
<LI><a href="#[71]">&gt;&gt;</a>&nbsp;&nbsp;&nbsp;ILI9225::_writeData(int)
</UL>
<BR>[Called By]<UL><LI><a href="#[62]">&gt;&gt;</a>&nbsp;&nbsp;&nbsp;ILI9225::_setWindow(unsigned, unsigned, unsigned, unsigned)
<LI><a href="#[77]">&gt;&gt;</a>&nbsp;&nbsp;&nbsp;ILI9225::begin()
</UL>

<P><STRONG><a name="[5f]"></a>ILI9225::setOrientation(char)</STRONG> (ARM, 68 bytes, Stack size 0 bytes, ili9225.o(i._ZN7ILI922514setOrientationEc))
<BR><BR>[Called By]<UL><LI><a href="#[61]">&gt;&gt;</a>&nbsp;&nbsp;&nbsp;displayDrawBackgroundXY_Plot()
<LI><a href="#[58]">&gt;&gt;</a>&nbsp;&nbsp;&nbsp;displayDrawBackgroundGraph()
<LI><a href="#[5d]">&gt;&gt;</a>&nbsp;&nbsp;&nbsp;displayDrawBackgroundFFT()
<LI><a href="#[57]">&gt;&gt;</a>&nbsp;&nbsp;&nbsp;displayFFT_fix(int*, int*, int, int, int)
<LI><a href="#[78]">&gt;&gt;</a>&nbsp;&nbsp;&nbsp;ILI9225::clear(int)
<LI><a href="#[77]">&gt;&gt;</a>&nbsp;&nbsp;&nbsp;ILI9225::begin()
<LI><a href="#[13]">&gt;&gt;</a>&nbsp;&nbsp;&nbsp;main
</UL>

<P><STRONG><a name="[76]"></a>ILI9225::setCursorLimits(unsigned, unsigned, unsigned, unsigned, unsigned)</STRONG> (ARM, 136 bytes, Stack size 32 bytes, ili9225.o(i._ZN7ILI922515setCursorLimitsEjjjjj))
<BR><BR>[Stack]<UL><LI>Max Depth = 32 + Unknown Stack Size
<LI>Call Chain = ILI9225::setCursorLimits(unsigned, unsigned, unsigned, unsigned, unsigned)
</UL>
<BR>[Calls]<UL><LI><a href="#[3f]">&gt;&gt;</a>&nbsp;&nbsp;&nbsp;__aeabi_uidivmod
</UL>
<BR>[Called By]<UL><LI><a href="#[77]">&gt;&gt;</a>&nbsp;&nbsp;&nbsp;ILI9225::begin()
</UL>

<P><STRONG><a name="[70]"></a>ILI9225::_orientCoordinates(unsigned&, unsigned&)</STRONG> (ARM, 148 bytes, Stack size 0 bytes, ili9225.o(i._ZN7ILI922518_orientCoordinatesERjS0_))
<BR><BR>[Called By]<UL><LI><a href="#[62]">&gt;&gt;</a>&nbsp;&nbsp;&nbsp;ILI9225::_setWindow(unsigned, unsigned, unsigned, unsigned)
<LI><a href="#[6f]">&gt;&gt;</a>&nbsp;&nbsp;&nbsp;ILI9225::_drawPixel(unsigned, unsigned, unsigned)
</UL>

<P><STRONG><a name="[77]"></a>ILI9225::begin()</STRONG> (ARM, 956 bytes, Stack size 24 bytes, ili9225.o(i._ZN7ILI92255beginEv))
<BR><BR>[Stack]<UL><LI>Max Depth = 128 + Unknown Stack Size
<LI>Call Chain = ILI9225::begin() &rArr; ILI9225::clear(int) &rArr; ILI9225::fillRectangle(unsigned, unsigned, unsigned, unsigned, unsigned) &rArr; ILI9225::_setWindow(unsigned, unsigned, unsigned, unsigned) &rArr; ILI9225::_writeRegister(unsigned, unsigned) &rArr; ILI9225::_writeCommand(int)
</UL>
<BR>[Calls]<UL><LI><a href="#[76]">&gt;&gt;</a>&nbsp;&nbsp;&nbsp;ILI9225::setCursorLimits(unsigned, unsigned, unsigned, unsigned, unsigned)
<LI><a href="#[72]">&gt;&gt;</a>&nbsp;&nbsp;&nbsp;ILI9225::_writeRegister(unsigned, unsigned)
<LI><a href="#[74]">&gt;&gt;</a>&nbsp;&nbsp;&nbsp;ILI9225::setBacklight(bool)
<LI><a href="#[69]">&gt;&gt;</a>&nbsp;&nbsp;&nbsp;pin::output()
<LI><a href="#[5a]">&gt;&gt;</a>&nbsp;&nbsp;&nbsp;pin::high()
<LI><a href="#[56]">&gt;&gt;</a>&nbsp;&nbsp;&nbsp;pin::low()
<LI><a href="#[63]">&gt;&gt;</a>&nbsp;&nbsp;&nbsp;delayClass::ms(unsigned long)
<LI><a href="#[78]">&gt;&gt;</a>&nbsp;&nbsp;&nbsp;ILI9225::clear(int)
<LI><a href="#[5f]">&gt;&gt;</a>&nbsp;&nbsp;&nbsp;ILI9225::setOrientation(char)
</UL>
<BR>[Called By]<UL><LI><a href="#[13]">&gt;&gt;</a>&nbsp;&nbsp;&nbsp;main
</UL>

<P><STRONG><a name="[78]"></a>ILI9225::clear(int)</STRONG> (ARM, 88 bytes, Stack size 24 bytes, ili9225.o(i._ZN7ILI92255clearEi))
<BR><BR>[Stack]<UL><LI>Max Depth = 104 + Unknown Stack Size
<LI>Call Chain = ILI9225::clear(int) &rArr; ILI9225::fillRectangle(unsigned, unsigned, unsigned, unsigned, unsigned) &rArr; ILI9225::_setWindow(unsigned, unsigned, unsigned, unsigned) &rArr; ILI9225::_writeRegister(unsigned, unsigned) &rArr; ILI9225::_writeCommand(int)
</UL>
<BR>[Calls]<UL><LI><a href="#[75]">&gt;&gt;</a>&nbsp;&nbsp;&nbsp;ILI9225::fillRectangle(unsigned, unsigned, unsigned, unsigned, unsigned)
<LI><a href="#[63]">&gt;&gt;</a>&nbsp;&nbsp;&nbsp;delayClass::ms(unsigned long)
<LI><a href="#[5f]">&gt;&gt;</a>&nbsp;&nbsp;&nbsp;ILI9225::setOrientation(char)
</UL>
<BR>[Called By]<UL><LI><a href="#[77]">&gt;&gt;</a>&nbsp;&nbsp;&nbsp;ILI9225::begin()
<LI><a href="#[13]">&gt;&gt;</a>&nbsp;&nbsp;&nbsp;main
</UL>

<P><STRONG><a name="[8a]"></a>ILI9225::setFont(const char*)</STRONG> (ARM, 60 bytes, Stack size 0 bytes, ili9225.o(i._ZN7ILI92257setFontEPKc))
<BR><BR>[Called By]<UL><LI><a href="#[13]">&gt;&gt;</a>&nbsp;&nbsp;&nbsp;main
</UL>

<P><STRONG><a name="[79]"></a>ILI9225::drawChar(unsigned, unsigned, unsigned, unsigned)</STRONG> (ARM, 252 bytes, Stack size 56 bytes, ili9225.o(i._ZN7ILI92258drawCharEjjjj))
<BR><BR>[Stack]<UL><LI>Max Depth = 136<LI>Call Chain = ILI9225::drawChar(unsigned, unsigned, unsigned, unsigned) &rArr; ILI9225::_drawPixel(unsigned, unsigned, unsigned) &rArr; ILI9225::_setWindow(unsigned, unsigned, unsigned, unsigned) &rArr; ILI9225::_writeRegister(unsigned, unsigned) &rArr; ILI9225::_writeCommand(int)
</UL>
<BR>[Calls]<UL><LI><a href="#[6f]">&gt;&gt;</a>&nbsp;&nbsp;&nbsp;ILI9225::_drawPixel(unsigned, unsigned, unsigned)
</UL>
<BR>[Called By]<UL><LI><a href="#[60]">&gt;&gt;</a>&nbsp;&nbsp;&nbsp;ILI9225::drawText(unsigned, unsigned, char*, unsigned)
</UL>

<P><STRONG><a name="[52]"></a>ILI9225::drawLine(unsigned, unsigned, unsigned, unsigned, unsigned)</STRONG> (ARM, 208 bytes, Stack size 56 bytes, ili9225.o(i._ZN7ILI92258drawLineEjjjjj))
<BR><BR>[Stack]<UL><LI>Max Depth = 88<LI>Call Chain = ILI9225::drawLine(unsigned, unsigned, unsigned, unsigned, unsigned) &rArr; ILI9225::drawPixel(unsigned, unsigned, unsigned) &rArr; ILI9225::_writeCommand(int)
</UL>
<BR>[Calls]<UL><LI><a href="#[7a]">&gt;&gt;</a>&nbsp;&nbsp;&nbsp;ILI9225::drawPixel(unsigned, unsigned, unsigned)
</UL>
<BR>[Called By]<UL><LI><a href="#[59]">&gt;&gt;</a>&nbsp;&nbsp;&nbsp;displayXY_Plot(int*, int*, int, int)
<LI><a href="#[57]">&gt;&gt;</a>&nbsp;&nbsp;&nbsp;displayFFT_fix(int*, int*, int, int, int)
<LI><a href="#[4d]">&gt;&gt;</a>&nbsp;&nbsp;&nbsp;displayGraph(int*, int, int)
</UL>

<P><STRONG><a name="[60]"></a>ILI9225::drawText(unsigned, unsigned, char*, unsigned)</STRONG> (ARM, 124 bytes, Stack size 32 bytes, ili9225.o(i._ZN7ILI92258drawTextEjjPcj))
<BR><BR>[Stack]<UL><LI>Max Depth = 168<LI>Call Chain = ILI9225::drawText(unsigned, unsigned, char*, unsigned) &rArr; ILI9225::drawChar(unsigned, unsigned, unsigned, unsigned) &rArr; ILI9225::_drawPixel(unsigned, unsigned, unsigned) &rArr; ILI9225::_setWindow(unsigned, unsigned, unsigned, unsigned) &rArr; ILI9225::_writeRegister(unsigned, unsigned) &rArr; ILI9225::_writeCommand(int)
</UL>
<BR>[Calls]<UL><LI><a href="#[79]">&gt;&gt;</a>&nbsp;&nbsp;&nbsp;ILI9225::drawChar(unsigned, unsigned, unsigned, unsigned)
</UL>
<BR>[Called By]<UL><LI><a href="#[57]">&gt;&gt;</a>&nbsp;&nbsp;&nbsp;displayFFT_fix(int*, int*, int, int, int)
<LI><a href="#[13]">&gt;&gt;</a>&nbsp;&nbsp;&nbsp;main
</UL>

<P><STRONG><a name="[7a]"></a>ILI9225::drawPixel(unsigned, unsigned, unsigned)</STRONG> (ARM, 92 bytes, Stack size 24 bytes, ili9225.o(i._ZN7ILI92259drawPixelEjjj))
<BR><BR>[Stack]<UL><LI>Max Depth = 32<LI>Call Chain = ILI9225::drawPixel(unsigned, unsigned, unsigned) &rArr; ILI9225::_writeCommand(int)
</UL>
<BR>[Calls]<UL><LI><a href="#[73]">&gt;&gt;</a>&nbsp;&nbsp;&nbsp;ILI9225::_writeCommand(int)
<LI><a href="#[71]">&gt;&gt;</a>&nbsp;&nbsp;&nbsp;ILI9225::_writeData(int)
</UL>
<BR>[Called By]<UL><LI><a href="#[52]">&gt;&gt;</a>&nbsp;&nbsp;&nbsp;ILI9225::drawLine(unsigned, unsigned, unsigned, unsigned, unsigned)
</UL>

<P><STRONG><a name="[7b]"></a>ILI9225::ILI9225(pin, pin, pin, pin)</STRONG> (ARM, 204 bytes, Stack size 56 bytes, ili9225.o(i._ZN7ILI9225C1E3pinS0_S0_S0_))
<BR><BR>[Stack]<UL><LI>Max Depth = 80<LI>Call Chain = ILI9225::ILI9225(pin, pin, pin, pin) &rArr; pin::pin(int) &rArr; __aeabi_idivmod
</UL>
<BR>[Calls]<UL><LI><a href="#[7c]">&gt;&gt;</a>&nbsp;&nbsp;&nbsp;pin::pin()
<LI><a href="#[68]">&gt;&gt;</a>&nbsp;&nbsp;&nbsp;pin::pin(int)
<LI><a href="#[7d]">&gt;&gt;</a>&nbsp;&nbsp;&nbsp;__aeabi_memcpy4
</UL>
<BR>[Called By]<UL><LI><a href="#[18]">&gt;&gt;</a>&nbsp;&nbsp;&nbsp;__sti___8_main_cpp__clock
</UL>

<P><STRONG><a name="[d7]"></a>ILI9225::ILI9225__sub_object(pin, pin, pin, pin)</STRONG> (ARM, 0 bytes, Stack size 56 bytes, ili9225.o(i._ZN7ILI9225C1E3pinS0_S0_S0_), UNUSED)

<P><STRONG><a name="[35]"></a>__ARM_common_call_via_r0</STRONG> (Thumb, 2 bytes, Stack size 0 bytes, init_aeabi.o(i.__ARM_common_call_via_r0))
<BR><BR>[Called By]<UL><LI><a href="#[1a]">&gt;&gt;</a>&nbsp;&nbsp;&nbsp;__cpp_initialize__aeabi_
</UL>

<P><STRONG><a name="[2e]"></a>__ARM_common_call_via_r1</STRONG> (Thumb, 2 bytes, Stack size 0 bytes, __printf.o(i.__ARM_common_call_via_r1))
<BR><BR>[Called By]<UL><LI><a href="#[2d]">&gt;&gt;</a>&nbsp;&nbsp;&nbsp;__printf
</UL>

<P><STRONG><a name="[30]"></a>__ARM_common_call_via_r2</STRONG> (Thumb, 2 bytes, Stack size 0 bytes, __printf.o(i.__ARM_common_call_via_r2))
<BR><BR>[Called By]<UL><LI><a href="#[34]">&gt;&gt;</a>&nbsp;&nbsp;&nbsp;_printf_int_common
<LI><a href="#[2d]">&gt;&gt;</a>&nbsp;&nbsp;&nbsp;__printf
</UL>

<P><STRONG><a name="[85]"></a>__ARM_fpclassify</STRONG> (ARM, 48 bytes, Stack size 0 bytes, fpclassify.o(i.__ARM_fpclassify))
<BR><BR>[Called By]<UL><LI><a href="#[84]">&gt;&gt;</a>&nbsp;&nbsp;&nbsp;__kernel_sin
</UL>

<P><STRONG><a name="[7e]"></a>__ieee754_rem_pio2</STRONG> (ARM, 1236 bytes, Stack size 128 bytes, rred.o(i.__ieee754_rem_pio2))
<BR><BR>[Stack]<UL><LI>Max Depth = 160<LI>Call Chain = __ieee754_rem_pio2 &rArr; __aeabi_dmul
</UL>
<BR>[Calls]<UL><LI><a href="#[4a]">&gt;&gt;</a>&nbsp;&nbsp;&nbsp;__ARM_scalbn
<LI><a href="#[49]">&gt;&gt;</a>&nbsp;&nbsp;&nbsp;__aeabi_dmul
<LI><a href="#[65]">&gt;&gt;</a>&nbsp;&nbsp;&nbsp;__aeabi_ui2d
<LI><a href="#[48]">&gt;&gt;</a>&nbsp;&nbsp;&nbsp;__aeabi_i2d
<LI><a href="#[5e]">&gt;&gt;</a>&nbsp;&nbsp;&nbsp;__aeabi_d2iz
<LI><a href="#[7f]">&gt;&gt;</a>&nbsp;&nbsp;&nbsp;__aeabi_dsub
<LI><a href="#[81]">&gt;&gt;</a>&nbsp;&nbsp;&nbsp;__aeabi_drsub
<LI><a href="#[80]">&gt;&gt;</a>&nbsp;&nbsp;&nbsp;__aeabi_dadd
</UL>
<BR>[Called By]<UL><LI><a href="#[4b]">&gt;&gt;</a>&nbsp;&nbsp;&nbsp;sin
</UL>

<P><STRONG><a name="[82]"></a>__kernel_cos</STRONG> (ARM, 404 bytes, Stack size 48 bytes, cos_i.o(i.__kernel_cos))
<BR><BR>[Stack]<UL><LI>Max Depth = 104<LI>Call Chain = __kernel_cos &rArr; __kernel_poly &rArr; __aeabi_dmul
</UL>
<BR>[Calls]<UL><LI><a href="#[4a]">&gt;&gt;</a>&nbsp;&nbsp;&nbsp;__ARM_scalbn
<LI><a href="#[49]">&gt;&gt;</a>&nbsp;&nbsp;&nbsp;__aeabi_dmul
<LI><a href="#[5e]">&gt;&gt;</a>&nbsp;&nbsp;&nbsp;__aeabi_d2iz
<LI><a href="#[83]">&gt;&gt;</a>&nbsp;&nbsp;&nbsp;__kernel_poly
<LI><a href="#[7f]">&gt;&gt;</a>&nbsp;&nbsp;&nbsp;__aeabi_dsub
<LI><a href="#[81]">&gt;&gt;</a>&nbsp;&nbsp;&nbsp;__aeabi_drsub
</UL>
<BR>[Called By]<UL><LI><a href="#[4b]">&gt;&gt;</a>&nbsp;&nbsp;&nbsp;sin
</UL>

<P><STRONG><a name="[83]"></a>__kernel_poly</STRONG> (ARM, 256 bytes, Stack size 24 bytes, poly.o(i.__kernel_poly))
<BR><BR>[Stack]<UL><LI>Max Depth = 56<LI>Call Chain = __kernel_poly &rArr; __aeabi_dmul
</UL>
<BR>[Calls]<UL><LI><a href="#[49]">&gt;&gt;</a>&nbsp;&nbsp;&nbsp;__aeabi_dmul
<LI><a href="#[80]">&gt;&gt;</a>&nbsp;&nbsp;&nbsp;__aeabi_dadd
</UL>
<BR>[Called By]<UL><LI><a href="#[84]">&gt;&gt;</a>&nbsp;&nbsp;&nbsp;__kernel_sin
<LI><a href="#[82]">&gt;&gt;</a>&nbsp;&nbsp;&nbsp;__kernel_cos
</UL>

<P><STRONG><a name="[84]"></a>__kernel_sin</STRONG> (ARM, 368 bytes, Stack size 64 bytes, sin_i.o(i.__kernel_sin))
<BR><BR>[Stack]<UL><LI>Max Depth = 120<LI>Call Chain = __kernel_sin &rArr; __kernel_poly &rArr; __aeabi_dmul
</UL>
<BR>[Calls]<UL><LI><a href="#[86]">&gt;&gt;</a>&nbsp;&nbsp;&nbsp;__mathlib_dbl_underflow
<LI><a href="#[4a]">&gt;&gt;</a>&nbsp;&nbsp;&nbsp;__ARM_scalbn
<LI><a href="#[49]">&gt;&gt;</a>&nbsp;&nbsp;&nbsp;__aeabi_dmul
<LI><a href="#[83]">&gt;&gt;</a>&nbsp;&nbsp;&nbsp;__kernel_poly
<LI><a href="#[85]">&gt;&gt;</a>&nbsp;&nbsp;&nbsp;__ARM_fpclassify
<LI><a href="#[7f]">&gt;&gt;</a>&nbsp;&nbsp;&nbsp;__aeabi_dsub
<LI><a href="#[81]">&gt;&gt;</a>&nbsp;&nbsp;&nbsp;__aeabi_drsub
<LI><a href="#[80]">&gt;&gt;</a>&nbsp;&nbsp;&nbsp;__aeabi_dadd
</UL>
<BR>[Called By]<UL><LI><a href="#[4b]">&gt;&gt;</a>&nbsp;&nbsp;&nbsp;sin
</UL>

<P><STRONG><a name="[87]"></a>__mathlib_dbl_infnan</STRONG> (ARM, 8 bytes, Stack size 0 bytes, dunder.o(i.__mathlib_dbl_infnan))
<BR><BR>[Calls]<UL><LI><a href="#[4a]">&gt;&gt;</a>&nbsp;&nbsp;&nbsp;__ARM_scalbn
</UL>
<BR>[Called By]<UL><LI><a href="#[4b]">&gt;&gt;</a>&nbsp;&nbsp;&nbsp;sin
</UL>

<P><STRONG><a name="[88]"></a>__mathlib_dbl_invalid</STRONG> (ARM, 20 bytes, Stack size 0 bytes, dunder.o(i.__mathlib_dbl_invalid))
<BR><BR>[Stack]<UL><LI>Max Depth = 32<LI>Call Chain = __mathlib_dbl_invalid &rArr; __aeabi_ddiv
</UL>
<BR>[Calls]<UL><LI><a href="#[66]">&gt;&gt;</a>&nbsp;&nbsp;&nbsp;__aeabi_ddiv
</UL>
<BR>[Called By]<UL><LI><a href="#[4b]">&gt;&gt;</a>&nbsp;&nbsp;&nbsp;sin
</UL>

<P><STRONG><a name="[86]"></a>__mathlib_dbl_underflow</STRONG> (ARM, 20 bytes, Stack size 0 bytes, dunder.o(i.__mathlib_dbl_underflow))
<BR><BR>[Calls]<UL><LI><a href="#[4a]">&gt;&gt;</a>&nbsp;&nbsp;&nbsp;__ARM_scalbn
</UL>
<BR>[Called By]<UL><LI><a href="#[84]">&gt;&gt;</a>&nbsp;&nbsp;&nbsp;__kernel_sin
</UL>

<P><STRONG><a name="[89]"></a>initSPI1</STRONG> (ARM, 52 bytes, Stack size 0 bytes, spi1.o(i.initSPI1))
<BR><BR>[Called By]<UL><LI><a href="#[13]">&gt;&gt;</a>&nbsp;&nbsp;&nbsp;main
</UL>

<P><STRONG><a name="[13]"></a>main</STRONG> (ARM, 96 bytes, Stack size 8 bytes, main.o(i.main))
<BR><BR>[Stack]<UL><LI>Max Depth = 2320 + Unknown Stack Size
<LI>Call Chain = main &rArr; oscilloscope() &rArr; displayFFT_fix(int*, int*, int, int, int) &rArr; ILI9225::drawText(unsigned, unsigned, char*, unsigned) &rArr; ILI9225::drawChar(unsigned, unsigned, unsigned, unsigned) &rArr; ILI9225::_drawPixel(unsigned, unsigned, unsigned) &rArr; ILI9225::_setWindow(unsigned, unsigned, unsigned, unsigned) &rArr; ILI9225::_writeRegister(unsigned, unsigned) &rArr; ILI9225::_writeCommand(int)
</UL>
<BR>[Calls]<UL><LI><a href="#[89]">&gt;&gt;</a>&nbsp;&nbsp;&nbsp;initSPI1
<LI><a href="#[60]">&gt;&gt;</a>&nbsp;&nbsp;&nbsp;ILI9225::drawText(unsigned, unsigned, char*, unsigned)
<LI><a href="#[8a]">&gt;&gt;</a>&nbsp;&nbsp;&nbsp;ILI9225::setFont(const char*)
<LI><a href="#[78]">&gt;&gt;</a>&nbsp;&nbsp;&nbsp;ILI9225::clear(int)
<LI><a href="#[77]">&gt;&gt;</a>&nbsp;&nbsp;&nbsp;ILI9225::begin()
<LI><a href="#[5f]">&gt;&gt;</a>&nbsp;&nbsp;&nbsp;ILI9225::setOrientation(char)
<LI><a href="#[53]">&gt;&gt;</a>&nbsp;&nbsp;&nbsp;oscilloscope()
</UL>
<BR>[Address Reference Count : 1]<UL><LI> __rtentry2.o(.ARM.Collect$$rtentry$$0000000D)
</UL>
<P><STRONG><a name="[4b]"></a>sin</STRONG> (ARM, 244 bytes, Stack size 32 bytes, sin.o(i.sin))
<BR><BR>[Stack]<UL><LI>Max Depth = 192<LI>Call Chain = sin &rArr; __ieee754_rem_pio2 &rArr; __aeabi_dmul
</UL>
<BR>[Calls]<UL><LI><a href="#[84]">&gt;&gt;</a>&nbsp;&nbsp;&nbsp;__kernel_sin
<LI><a href="#[7e]">&gt;&gt;</a>&nbsp;&nbsp;&nbsp;__ieee754_rem_pio2
<LI><a href="#[88]">&gt;&gt;</a>&nbsp;&nbsp;&nbsp;__mathlib_dbl_invalid
<LI><a href="#[87]">&gt;&gt;</a>&nbsp;&nbsp;&nbsp;__mathlib_dbl_infnan
<LI><a href="#[82]">&gt;&gt;</a>&nbsp;&nbsp;&nbsp;__kernel_cos
<LI><a href="#[38]">&gt;&gt;</a>&nbsp;&nbsp;&nbsp;__set_errno (via Veneer)
</UL>
<BR>[Called By]<UL><LI><a href="#[47]">&gt;&gt;</a>&nbsp;&nbsp;&nbsp;initFFT_LUT()
</UL>

<P><STRONG><a name="[5c]"></a>sqrtf</STRONG> (ARM, 72 bytes, Stack size 16 bytes, sqrtf.o(i.sqrtf))
<BR><BR>[Stack]<UL><LI>Max Depth = 48<LI>Call Chain = sqrtf &rArr; _fsqrt &rArr; __fpl_fnaninf
</UL>
<BR>[Calls]<UL><LI><a href="#[8b]">&gt;&gt;</a>&nbsp;&nbsp;&nbsp;_fsqrt
<LI><a href="#[38]">&gt;&gt;</a>&nbsp;&nbsp;&nbsp;__set_errno (via Veneer)
</UL>
<BR>[Called By]<UL><LI><a href="#[57]">&gt;&gt;</a>&nbsp;&nbsp;&nbsp;displayFFT_fix(int*, int*, int, int, int)
</UL>

<P><STRONG><a name="[4c]"></a>__aeabi_d2f</STRONG> (ARM, 0 bytes, Stack size 32 bytes, d2f.o(x$fpl$d2f))
<BR><BR>[Stack]<UL><LI>Max Depth = 32<LI>Call Chain = __aeabi_d2f
</UL>
<BR>[Called By]<UL><LI><a href="#[47]">&gt;&gt;</a>&nbsp;&nbsp;&nbsp;initFFT_LUT()
</UL>

<P><STRONG><a name="[8c]"></a>_d2f</STRONG> (ARM, 108 bytes, Stack size 32 bytes, d2f.o(x$fpl$d2f), UNUSED)
<BR><BR>[Calls]<UL><LI><a href="#[8d]">&gt;&gt;</a>&nbsp;&nbsp;&nbsp;__fpl_fretinf
<LI><a href="#[8e]">&gt;&gt;</a>&nbsp;&nbsp;&nbsp;__fpl_dnaninf
</UL>

<P><STRONG><a name="[80]"></a>__aeabi_dadd</STRONG> (ARM, 0 bytes, Stack size 16 bytes, daddsub_noclz.o(x$fpl$dadd))
<BR><BR>[Stack]<UL><LI>Max Depth = 16<LI>Call Chain = __aeabi_dadd
</UL>
<BR>[Called By]<UL><LI><a href="#[84]">&gt;&gt;</a>&nbsp;&nbsp;&nbsp;__kernel_sin
<LI><a href="#[7e]">&gt;&gt;</a>&nbsp;&nbsp;&nbsp;__ieee754_rem_pio2
<LI><a href="#[83]">&gt;&gt;</a>&nbsp;&nbsp;&nbsp;__kernel_poly
</UL>

<P><STRONG><a name="[8f]"></a>_dadd</STRONG> (ARM, 336 bytes, Stack size 16 bytes, daddsub_noclz.o(x$fpl$dadd), UNUSED)
<BR><BR>[Calls]<UL><LI><a href="#[91]">&gt;&gt;</a>&nbsp;&nbsp;&nbsp;__fpl_dretinf
<LI><a href="#[8e]">&gt;&gt;</a>&nbsp;&nbsp;&nbsp;__fpl_dnaninf
<LI><a href="#[90]">&gt;&gt;</a>&nbsp;&nbsp;&nbsp;_dsub1
</UL>

<P><STRONG><a name="[92]"></a>__fpl_dcheck_NaN1</STRONG> (ARM, 12 bytes, Stack size 0 bytes, dcheck1.o(x$fpl$dcheck1))
<BR><BR>[Calls]<UL><LI><a href="#[93]">&gt;&gt;</a>&nbsp;&nbsp;&nbsp;__fpl_return_NaN
</UL>
<BR>[Called By]<UL><LI><a href="#[4a]">&gt;&gt;</a>&nbsp;&nbsp;&nbsp;__ARM_scalbn
</UL>

<P><STRONG><a name="[66]"></a>__aeabi_ddiv</STRONG> (ARM, 0 bytes, Stack size 32 bytes, ddiv.o(x$fpl$ddiv))
<BR><BR>[Stack]<UL><LI>Max Depth = 32<LI>Call Chain = __aeabi_ddiv
</UL>
<BR>[Called By]<UL><LI><a href="#[64]">&gt;&gt;</a>&nbsp;&nbsp;&nbsp;delayClass::delayClass(unsigned long)
<LI><a href="#[88]">&gt;&gt;</a>&nbsp;&nbsp;&nbsp;__mathlib_dbl_invalid
</UL>

<P><STRONG><a name="[94]"></a>_ddiv</STRONG> (ARM, 600 bytes, Stack size 32 bytes, ddiv.o(x$fpl$ddiv), UNUSED)
<BR><BR>[Calls]<UL><LI><a href="#[91]">&gt;&gt;</a>&nbsp;&nbsp;&nbsp;__fpl_dretinf
<LI><a href="#[8e]">&gt;&gt;</a>&nbsp;&nbsp;&nbsp;__fpl_dnaninf
</UL>

<P><STRONG><a name="[5e]"></a>__aeabi_d2iz</STRONG> (ARM, 0 bytes, Stack size 32 bytes, dfix.o(x$fpl$dfix))
<BR><BR>[Stack]<UL><LI>Max Depth = 32<LI>Call Chain = __aeabi_d2iz
</UL>
<BR>[Called By]<UL><LI><a href="#[57]">&gt;&gt;</a>&nbsp;&nbsp;&nbsp;displayFFT_fix(int*, int*, int, int, int)
<LI><a href="#[7e]">&gt;&gt;</a>&nbsp;&nbsp;&nbsp;__ieee754_rem_pio2
<LI><a href="#[82]">&gt;&gt;</a>&nbsp;&nbsp;&nbsp;__kernel_cos
</UL>

<P><STRONG><a name="[95]"></a>_dfix</STRONG> (ARM, 112 bytes, Stack size 32 bytes, dfix.o(x$fpl$dfix), UNUSED)
<BR><BR>[Calls]<UL><LI><a href="#[8e]">&gt;&gt;</a>&nbsp;&nbsp;&nbsp;__fpl_dnaninf
</UL>

<P><STRONG><a name="[67]"></a>__aeabi_d2uiz</STRONG> (ARM, 0 bytes, Stack size 32 bytes, dfixu.o(x$fpl$dfixu))
<BR><BR>[Stack]<UL><LI>Max Depth = 32<LI>Call Chain = __aeabi_d2uiz
</UL>
<BR>[Called By]<UL><LI><a href="#[64]">&gt;&gt;</a>&nbsp;&nbsp;&nbsp;delayClass::delayClass(unsigned long)
</UL>

<P><STRONG><a name="[96]"></a>_dfixu</STRONG> (ARM, 112 bytes, Stack size 32 bytes, dfixu.o(x$fpl$dfixu), UNUSED)
<BR><BR>[Calls]<UL><LI><a href="#[8e]">&gt;&gt;</a>&nbsp;&nbsp;&nbsp;__fpl_dnaninf
</UL>

<P><STRONG><a name="[48]"></a>__aeabi_i2d</STRONG> (ARM, 0 bytes, Stack size 0 bytes, dflt_noclz.o(x$fpl$dflt))
<BR><BR>[Called By]<UL><LI><a href="#[57]">&gt;&gt;</a>&nbsp;&nbsp;&nbsp;displayFFT_fix(int*, int*, int, int, int)
<LI><a href="#[47]">&gt;&gt;</a>&nbsp;&nbsp;&nbsp;initFFT_LUT()
<LI><a href="#[7e]">&gt;&gt;</a>&nbsp;&nbsp;&nbsp;__ieee754_rem_pio2
</UL>

<P><STRONG><a name="[d8]"></a>_dflt</STRONG> (ARM, 88 bytes, Stack size 0 bytes, dflt_noclz.o(x$fpl$dflt), UNUSED)

<P><STRONG><a name="[98]"></a>__dflt_normalise</STRONG> (ARM, 0 bytes, Stack size unknown bytes, dflt_noclz.o(x$fpl$dflt), UNUSED)
<BR><BR>[Called By]<UL><LI><a href="#[97]">&gt;&gt;</a>&nbsp;&nbsp;&nbsp;_dfltu
</UL>

<P><STRONG><a name="[65]"></a>__aeabi_ui2d</STRONG> (ARM, 0 bytes, Stack size 0 bytes, dflt_noclz.o(x$fpl$dfltu))
<BR><BR>[Called By]<UL><LI><a href="#[64]">&gt;&gt;</a>&nbsp;&nbsp;&nbsp;delayClass::delayClass(unsigned long)
<LI><a href="#[7e]">&gt;&gt;</a>&nbsp;&nbsp;&nbsp;__ieee754_rem_pio2
</UL>

<P><STRONG><a name="[97]"></a>_dfltu</STRONG> (ARM, 12 bytes, Stack size 0 bytes, dflt_noclz.o(x$fpl$dfltu), UNUSED)
<BR><BR>[Calls]<UL><LI><a href="#[98]">&gt;&gt;</a>&nbsp;&nbsp;&nbsp;__dflt_normalise
</UL>

<P><STRONG><a name="[49]"></a>__aeabi_dmul</STRONG> (ARM, 0 bytes, Stack size 32 bytes, dmul.o(x$fpl$dmul))
<BR><BR>[Stack]<UL><LI>Max Depth = 32<LI>Call Chain = __aeabi_dmul
</UL>
<BR>[Called By]<UL><LI><a href="#[57]">&gt;&gt;</a>&nbsp;&nbsp;&nbsp;displayFFT_fix(int*, int*, int, int, int)
<LI><a href="#[47]">&gt;&gt;</a>&nbsp;&nbsp;&nbsp;initFFT_LUT()
<LI><a href="#[84]">&gt;&gt;</a>&nbsp;&nbsp;&nbsp;__kernel_sin
<LI><a href="#[7e]">&gt;&gt;</a>&nbsp;&nbsp;&nbsp;__ieee754_rem_pio2
<LI><a href="#[82]">&gt;&gt;</a>&nbsp;&nbsp;&nbsp;__kernel_cos
<LI><a href="#[83]">&gt;&gt;</a>&nbsp;&nbsp;&nbsp;__kernel_poly
</UL>

<P><STRONG><a name="[99]"></a>_dmul</STRONG> (ARM, 372 bytes, Stack size 32 bytes, dmul.o(x$fpl$dmul), UNUSED)
<BR><BR>[Calls]<UL><LI><a href="#[91]">&gt;&gt;</a>&nbsp;&nbsp;&nbsp;__fpl_dretinf
<LI><a href="#[8e]">&gt;&gt;</a>&nbsp;&nbsp;&nbsp;__fpl_dnaninf
</UL>

<P><STRONG><a name="[8e]"></a>__fpl_dnaninf</STRONG> (ARM, 192 bytes, Stack size 16 bytes, dnaninf.o(x$fpl$dnaninf), UNUSED)
<BR><BR>[Called By]<UL><LI><a href="#[99]">&gt;&gt;</a>&nbsp;&nbsp;&nbsp;_dmul
<LI><a href="#[96]">&gt;&gt;</a>&nbsp;&nbsp;&nbsp;_dfixu
<LI><a href="#[95]">&gt;&gt;</a>&nbsp;&nbsp;&nbsp;_dfix
<LI><a href="#[94]">&gt;&gt;</a>&nbsp;&nbsp;&nbsp;_ddiv
<LI><a href="#[8c]">&gt;&gt;</a>&nbsp;&nbsp;&nbsp;_d2f
<LI><a href="#[9c]">&gt;&gt;</a>&nbsp;&nbsp;&nbsp;_dsub
<LI><a href="#[8f]">&gt;&gt;</a>&nbsp;&nbsp;&nbsp;_dadd
</UL>

<P><STRONG><a name="[91]"></a>__fpl_dretinf</STRONG> (ARM, 16 bytes, Stack size 0 bytes, dretinf.o(x$fpl$dretinf), UNUSED)
<BR><BR>[Called By]<UL><LI><a href="#[99]">&gt;&gt;</a>&nbsp;&nbsp;&nbsp;_dmul
<LI><a href="#[94]">&gt;&gt;</a>&nbsp;&nbsp;&nbsp;_ddiv
<LI><a href="#[8f]">&gt;&gt;</a>&nbsp;&nbsp;&nbsp;_dadd
</UL>

<P><STRONG><a name="[81]"></a>__aeabi_drsub</STRONG> (ARM, 0 bytes, Stack size 8 bytes, daddsub_noclz.o(x$fpl$drsb))
<BR><BR>[Stack]<UL><LI>Max Depth = 8<LI>Call Chain = __aeabi_drsub
</UL>
<BR>[Called By]<UL><LI><a href="#[84]">&gt;&gt;</a>&nbsp;&nbsp;&nbsp;__kernel_sin
<LI><a href="#[7e]">&gt;&gt;</a>&nbsp;&nbsp;&nbsp;__ieee754_rem_pio2
<LI><a href="#[82]">&gt;&gt;</a>&nbsp;&nbsp;&nbsp;__kernel_cos
</UL>

<P><STRONG><a name="[9a]"></a>_drsb</STRONG> (ARM, 24 bytes, Stack size 8 bytes, daddsub_noclz.o(x$fpl$drsb), UNUSED)
<BR><BR>[Calls]<UL><LI><a href="#[90]">&gt;&gt;</a>&nbsp;&nbsp;&nbsp;_dsub1
<LI><a href="#[9b]">&gt;&gt;</a>&nbsp;&nbsp;&nbsp;_dadd1
</UL>

<P><STRONG><a name="[7f]"></a>__aeabi_dsub</STRONG> (ARM, 0 bytes, Stack size 32 bytes, daddsub_noclz.o(x$fpl$dsub))
<BR><BR>[Stack]<UL><LI>Max Depth = 32<LI>Call Chain = __aeabi_dsub
</UL>
<BR>[Called By]<UL><LI><a href="#[84]">&gt;&gt;</a>&nbsp;&nbsp;&nbsp;__kernel_sin
<LI><a href="#[7e]">&gt;&gt;</a>&nbsp;&nbsp;&nbsp;__ieee754_rem_pio2
<LI><a href="#[82]">&gt;&gt;</a>&nbsp;&nbsp;&nbsp;__kernel_cos
</UL>

<P><STRONG><a name="[9c]"></a>_dsub</STRONG> (ARM, 576 bytes, Stack size 32 bytes, daddsub_noclz.o(x$fpl$dsub), UNUSED)
<BR><BR>[Calls]<UL><LI><a href="#[8e]">&gt;&gt;</a>&nbsp;&nbsp;&nbsp;__fpl_dnaninf
<LI><a href="#[9b]">&gt;&gt;</a>&nbsp;&nbsp;&nbsp;_dadd1
</UL>

<P><STRONG><a name="[9d]"></a>__fpl_fcheck_NaN1</STRONG> (ARM, 8 bytes, Stack size 0 bytes, fcheck1.o(x$fpl$fcheck1))
<BR><BR>[Calls]<UL><LI><a href="#[93]">&gt;&gt;</a>&nbsp;&nbsp;&nbsp;__fpl_return_NaN
</UL>
<BR>[Called By]<UL><LI><a href="#[50]">&gt;&gt;</a>&nbsp;&nbsp;&nbsp;__ARM_scalbnf
</UL>

<P><STRONG><a name="[51]"></a>__aeabi_f2iz</STRONG> (ARM, 0 bytes, Stack size 16 bytes, ffix.o(x$fpl$ffix))
<BR><BR>[Stack]<UL><LI>Max Depth = 16<LI>Call Chain = __aeabi_f2iz
</UL>
<BR>[Called By]<UL><LI><a href="#[57]">&gt;&gt;</a>&nbsp;&nbsp;&nbsp;displayFFT_fix(int*, int*, int, int, int)
<LI><a href="#[4d]">&gt;&gt;</a>&nbsp;&nbsp;&nbsp;displayGraph(int*, int, int)
</UL>

<P><STRONG><a name="[9e]"></a>_ffix</STRONG> (ARM, 68 bytes, Stack size 16 bytes, ffix.o(x$fpl$ffix), UNUSED)
<BR><BR>[Calls]<UL><LI><a href="#[9f]">&gt;&gt;</a>&nbsp;&nbsp;&nbsp;__fpl_fnaninf
</UL>

<P><STRONG><a name="[4e]"></a>__aeabi_i2f</STRONG> (ARM, 0 bytes, Stack size 0 bytes, fflt_noclz.o(x$fpl$fflt))
<BR><BR>[Called By]<UL><LI><a href="#[57]">&gt;&gt;</a>&nbsp;&nbsp;&nbsp;displayFFT_fix(int*, int*, int, int, int)
<LI><a href="#[4d]">&gt;&gt;</a>&nbsp;&nbsp;&nbsp;displayGraph(int*, int, int)
</UL>

<P><STRONG><a name="[d9]"></a>_fflt</STRONG> (ARM, 92 bytes, Stack size 0 bytes, fflt_noclz.o(x$fpl$fflt), UNUSED)

<P><STRONG><a name="[da]"></a>__fflt_normalise</STRONG> (ARM, 0 bytes, Stack size unknown bytes, fflt_noclz.o(x$fpl$fflt), UNUSED)

<P><STRONG><a name="[4f]"></a>__aeabi_fmul</STRONG> (ARM, 0 bytes, Stack size 16 bytes, fmul.o(x$fpl$fmul))
<BR><BR>[Stack]<UL><LI>Max Depth = 16<LI>Call Chain = __aeabi_fmul
</UL>
<BR>[Called By]<UL><LI><a href="#[4d]">&gt;&gt;</a>&nbsp;&nbsp;&nbsp;displayGraph(int*, int, int)
</UL>

<P><STRONG><a name="[a0]"></a>_fmul</STRONG> (ARM, 256 bytes, Stack size 16 bytes, fmul.o(x$fpl$fmul), UNUSED)
<BR><BR>[Calls]<UL><LI><a href="#[8d]">&gt;&gt;</a>&nbsp;&nbsp;&nbsp;__fpl_fretinf
<LI><a href="#[9f]">&gt;&gt;</a>&nbsp;&nbsp;&nbsp;__fpl_fnaninf
</UL>

<P><STRONG><a name="[9f]"></a>__fpl_fnaninf</STRONG> (ARM, 168 bytes, Stack size 8 bytes, fnaninf.o(x$fpl$fnaninf))
<BR><BR>[Stack]<UL><LI>Max Depth = 8<LI>Call Chain = __fpl_fnaninf
</UL>
<BR>[Called By]<UL><LI><a href="#[8b]">&gt;&gt;</a>&nbsp;&nbsp;&nbsp;_fsqrt
<LI><a href="#[a0]">&gt;&gt;</a>&nbsp;&nbsp;&nbsp;_fmul
<LI><a href="#[9e]">&gt;&gt;</a>&nbsp;&nbsp;&nbsp;_ffix
</UL>

<P><STRONG><a name="[8d]"></a>__fpl_fretinf</STRONG> (ARM, 16 bytes, Stack size 0 bytes, fretinf.o(x$fpl$fretinf), UNUSED)
<BR><BR>[Called By]<UL><LI><a href="#[a0]">&gt;&gt;</a>&nbsp;&nbsp;&nbsp;_fmul
<LI><a href="#[8c]">&gt;&gt;</a>&nbsp;&nbsp;&nbsp;_d2f
</UL>

<P><STRONG><a name="[8b]"></a>_fsqrt</STRONG> (ARM, 316 bytes, Stack size 24 bytes, fsqrt.o(x$fpl$fsqrt))
<BR><BR>[Stack]<UL><LI>Max Depth = 32<LI>Call Chain = _fsqrt &rArr; __fpl_fnaninf
</UL>
<BR>[Calls]<UL><LI><a href="#[9f]">&gt;&gt;</a>&nbsp;&nbsp;&nbsp;__fpl_fnaninf
</UL>
<BR>[Called By]<UL><LI><a href="#[5c]">&gt;&gt;</a>&nbsp;&nbsp;&nbsp;sqrtf
</UL>

<P><STRONG><a name="[93]"></a>__fpl_return_NaN</STRONG> (ARM, 116 bytes, Stack size 0 bytes, retnan.o(x$fpl$retnan))
<BR><BR>[Calls]<UL><LI><a href="#[a1]">&gt;&gt;</a>&nbsp;&nbsp;&nbsp;__fpl_cmpreturn
</UL>
<BR>[Called By]<UL><LI><a href="#[9d]">&gt;&gt;</a>&nbsp;&nbsp;&nbsp;__fpl_fcheck_NaN1
<LI><a href="#[92]">&gt;&gt;</a>&nbsp;&nbsp;&nbsp;__fpl_dcheck_NaN1
</UL>

<P><STRONG><a name="[4a]"></a>__ARM_scalbn</STRONG> (ARM, 104 bytes, Stack size 0 bytes, scalbn.o(x$fpl$scalbn))
<BR><BR>[Calls]<UL><LI><a href="#[92]">&gt;&gt;</a>&nbsp;&nbsp;&nbsp;__fpl_dcheck_NaN1
</UL>
<BR>[Called By]<UL><LI><a href="#[47]">&gt;&gt;</a>&nbsp;&nbsp;&nbsp;initFFT_LUT()
<LI><a href="#[84]">&gt;&gt;</a>&nbsp;&nbsp;&nbsp;__kernel_sin
<LI><a href="#[7e]">&gt;&gt;</a>&nbsp;&nbsp;&nbsp;__ieee754_rem_pio2
<LI><a href="#[86]">&gt;&gt;</a>&nbsp;&nbsp;&nbsp;__mathlib_dbl_underflow
<LI><a href="#[87]">&gt;&gt;</a>&nbsp;&nbsp;&nbsp;__mathlib_dbl_infnan
<LI><a href="#[82]">&gt;&gt;</a>&nbsp;&nbsp;&nbsp;__kernel_cos
</UL>

<P><STRONG><a name="[50]"></a>__ARM_scalbnf</STRONG> (ARM, 92 bytes, Stack size 0 bytes, scalbnf.o(x$fpl$scalbnf))
<BR><BR>[Calls]<UL><LI><a href="#[9d]">&gt;&gt;</a>&nbsp;&nbsp;&nbsp;__fpl_fcheck_NaN1
</UL>
<BR>[Called By]<UL><LI><a href="#[4d]">&gt;&gt;</a>&nbsp;&nbsp;&nbsp;displayGraph(int*, int, int)
</UL>

<P><STRONG><a name="[a1]"></a>__fpl_cmpreturn</STRONG> (ARM, 60 bytes, Stack size 0 bytes, trapv.o(x$fpl$trapveneer))
<BR><BR>[Called By]<UL><LI><a href="#[93]">&gt;&gt;</a>&nbsp;&nbsp;&nbsp;__fpl_return_NaN
</UL>
<P>
<H3>
Local Symbols
</H3>
<P><STRONG><a name="[c]"></a>Undef_Handler</STRONG> (ARM, 4 bytes, Stack size unknown bytes, startup.o(RESET))
<BR><BR>[Calls]<UL><LI><a href="#[c]">&gt;&gt;</a>&nbsp;&nbsp;&nbsp;Undef_Handler
</UL>
<BR>[Called By]<UL><LI><a href="#[c]">&gt;&gt;</a>&nbsp;&nbsp;&nbsp;Undef_Handler
</UL>
<BR>[Address Reference Count : 1]<UL><LI> startup.o(RESET)
</UL>
<P><STRONG><a name="[d]"></a>SWI_Handler</STRONG> (ARM, 4 bytes, Stack size unknown bytes, startup.o(RESET))
<BR><BR>[Calls]<UL><LI><a href="#[d]">&gt;&gt;</a>&nbsp;&nbsp;&nbsp;SWI_Handler
</UL>
<BR>[Called By]<UL><LI><a href="#[d]">&gt;&gt;</a>&nbsp;&nbsp;&nbsp;SWI_Handler
</UL>
<BR>[Address Reference Count : 1]<UL><LI> startup.o(RESET)
</UL>
<P><STRONG><a name="[e]"></a>PAbt_Handler</STRONG> (ARM, 4 bytes, Stack size unknown bytes, startup.o(RESET))
<BR><BR>[Calls]<UL><LI><a href="#[e]">&gt;&gt;</a>&nbsp;&nbsp;&nbsp;PAbt_Handler
</UL>
<BR>[Called By]<UL><LI><a href="#[e]">&gt;&gt;</a>&nbsp;&nbsp;&nbsp;PAbt_Handler
</UL>
<BR>[Address Reference Count : 1]<UL><LI> startup.o(RESET)
</UL>
<P><STRONG><a name="[f]"></a>DAbt_Handler</STRONG> (ARM, 4 bytes, Stack size unknown bytes, startup.o(RESET))
<BR><BR>[Calls]<UL><LI><a href="#[f]">&gt;&gt;</a>&nbsp;&nbsp;&nbsp;DAbt_Handler
</UL>
<BR>[Called By]<UL><LI><a href="#[f]">&gt;&gt;</a>&nbsp;&nbsp;&nbsp;DAbt_Handler
</UL>
<BR>[Address Reference Count : 1]<UL><LI> startup.o(RESET)
</UL>
<P><STRONG><a name="[10]"></a>IRQ_Handler</STRONG> (ARM, 4 bytes, Stack size unknown bytes, startup.o(RESET))
<BR><BR>[Calls]<UL><LI><a href="#[10]">&gt;&gt;</a>&nbsp;&nbsp;&nbsp;IRQ_Handler
</UL>
<BR>[Called By]<UL><LI><a href="#[10]">&gt;&gt;</a>&nbsp;&nbsp;&nbsp;IRQ_Handler
</UL>
<BR>[Address Reference Count : 1]<UL><LI> startup.o(RESET)
</UL>
<P><STRONG><a name="[11]"></a>FIQ_Handler</STRONG> (ARM, 4 bytes, Stack size unknown bytes, startup.o(RESET))
<BR><BR>[Calls]<UL><LI><a href="#[11]">&gt;&gt;</a>&nbsp;&nbsp;&nbsp;FIQ_Handler
</UL>
<BR>[Called By]<UL><LI><a href="#[11]">&gt;&gt;</a>&nbsp;&nbsp;&nbsp;FIQ_Handler
</UL>
<BR>[Address Reference Count : 1]<UL><LI> startup.o(RESET)
</UL>
<P><STRONG><a name="[18]"></a>__sti___8_main_cpp__clock</STRONG> (ARM, 180 bytes, Stack size 88 bytes, main.o(i.__sti___8_main_cpp__clock))
<BR><BR>[Stack]<UL><LI>Max Depth = 168 + Unknown Stack Size
<LI>Call Chain = __sti___8_main_cpp__clock &rArr; ILI9225::ILI9225(pin, pin, pin, pin) &rArr; pin::pin(int) &rArr; __aeabi_idivmod
</UL>
<BR>[Calls]<UL><LI><a href="#[7b]">&gt;&gt;</a>&nbsp;&nbsp;&nbsp;ILI9225::ILI9225(pin, pin, pin, pin)
<LI><a href="#[6d]">&gt;&gt;</a>&nbsp;&nbsp;&nbsp;pll::pll(unsigned long, int, int)
<LI><a href="#[68]">&gt;&gt;</a>&nbsp;&nbsp;&nbsp;pin::pin(int)
<LI><a href="#[64]">&gt;&gt;</a>&nbsp;&nbsp;&nbsp;delayClass::delayClass(unsigned long)
<LI><a href="#[7d]">&gt;&gt;</a>&nbsp;&nbsp;&nbsp;__aeabi_memcpy4
</UL>
<BR>[Address Reference Count : 1]<UL><LI> main.o(.init_array)
</UL>
<P><STRONG><a name="[42]"></a>__arm_div8</STRONG> (ARM, 0 bytes, Stack size unknown bytes, aeabi_sdiv.o(.text))
<BR><BR>[Called By]<UL><LI><a href="#[3f]">&gt;&gt;</a>&nbsp;&nbsp;&nbsp;__aeabi_uidivmod
</UL>

<P><STRONG><a name="[41]"></a>__arm_div5</STRONG> (ARM, 0 bytes, Stack size unknown bytes, aeabi_sdiv.o(.text))
<BR><BR>[Called By]<UL><LI><a href="#[3f]">&gt;&gt;</a>&nbsp;&nbsp;&nbsp;__aeabi_uidivmod
</UL>

<P><STRONG><a name="[40]"></a>__arm_div2</STRONG> (ARM, 0 bytes, Stack size unknown bytes, aeabi_sdiv.o(.text))
<BR><BR>[Called By]<UL><LI><a href="#[3f]">&gt;&gt;</a>&nbsp;&nbsp;&nbsp;__aeabi_uidivmod
</UL>

<P><STRONG><a name="[43]"></a>__arm_div_large</STRONG> (ARM, 0 bytes, Stack size unknown bytes, aeabi_sdiv.o(.text))
<BR><BR>[Called By]<UL><LI><a href="#[3f]">&gt;&gt;</a>&nbsp;&nbsp;&nbsp;__aeabi_uidivmod
</UL>

<P><STRONG><a name="[15]"></a>_printf_input_char</STRONG> (Thumb, 10 bytes, Stack size 0 bytes, _printf_char_common.o(.text))
<BR>[Address Reference Count : 1]<UL><LI> _printf_char_common.o(.text)
</UL>
<P><STRONG><a name="[9b]"></a>_dadd1</STRONG> (ARM, 0 bytes, Stack size unknown bytes, daddsub_noclz.o(x$fpl$dadd), UNUSED)
<BR><BR>[Called By]<UL><LI><a href="#[9c]">&gt;&gt;</a>&nbsp;&nbsp;&nbsp;_dsub
<LI><a href="#[9a]">&gt;&gt;</a>&nbsp;&nbsp;&nbsp;_drsb
</UL>

<P><STRONG><a name="[90]"></a>_dsub1</STRONG> (ARM, 0 bytes, Stack size unknown bytes, daddsub_noclz.o(x$fpl$dsub), UNUSED)
<BR><BR>[Called By]<UL><LI><a href="#[9a]">&gt;&gt;</a>&nbsp;&nbsp;&nbsp;_drsb
<LI><a href="#[8f]">&gt;&gt;</a>&nbsp;&nbsp;&nbsp;_dadd
</UL>
<P>
<H3>
Undefined Global Symbols
</H3>
<P><STRONG><a name="[3d]"></a>_call_atexit_fns</STRONG> (ARM, 0 bytes, Stack size 0 bytes, UNDEFINED)
<BR><BR>[Called By]<UL><LI><a href="#[26]">&gt;&gt;</a>&nbsp;&nbsp;&nbsp;exit
</UL>

<P><STRONG><a name="[3a]"></a>_printf_post_padding</STRONG> (ARM, 0 bytes, Stack size 0 bytes, UNDEFINED)
<BR><BR>[Called By]<UL><LI><a href="#[34]">&gt;&gt;</a>&nbsp;&nbsp;&nbsp;_printf_int_common
</UL>

<P><STRONG><a name="[39]"></a>_printf_pre_padding</STRONG> (ARM, 0 bytes, Stack size 0 bytes, UNDEFINED)
<BR><BR>[Called By]<UL><LI><a href="#[34]">&gt;&gt;</a>&nbsp;&nbsp;&nbsp;_printf_int_common
</UL>

<P><STRONG><a name="[31]"></a>_printf_truncate_signed</STRONG> (ARM, 0 bytes, Stack size 0 bytes, UNDEFINED)
<BR><BR>[Called By]<UL><LI><a href="#[1f]">&gt;&gt;</a>&nbsp;&nbsp;&nbsp;_printf_int_dec
</UL>

<P><STRONG><a name="[32]"></a>_printf_truncate_unsigned</STRONG> (ARM, 0 bytes, Stack size 0 bytes, UNDEFINED)
<BR><BR>[Called By]<UL><LI><a href="#[1f]">&gt;&gt;</a>&nbsp;&nbsp;&nbsp;_printf_int_dec
</UL>
<HR></body></html>
