<html>
<body>
<pre>
<h1>µVision Build Log</h1>
<h2>Tool Versions:</h2>
IDE-Version: µVision V5.14.0.0
Copyright (C) 2015 ARM Ltd and ARM Germany GmbH. All rights reserved.
License Information: Ajinkya Gorad, Hewlett-Packard, LIC=----
 
Tool Versions:
Toolchain:       MDK-Lite  Version: 5.14.0.0
Toolchain Path:  C:\Keil_v5\ARM\ARMCC\Bin
C Compiler:      Armcc.exe V5.05 update 1 (build 106)
Assembler:       Armasm.exe V5.05 update 1 (build 106)
Linker/Locator:  ArmLink.exe V5.05 update 1 (build 106)
Library Manager: ArmAr.exe V5.05 update 1 (build 106)
Hex Converter:   FromElf.exe V5.05 update 1 (build 106)
CPU DLL:         SARM.DLL V5.14.0.0
Dialog DLL:      DARMP.DLL V1.51
Target DLL:      UL2ARM.DLL V1.74.5.0
Dialog DLL:      TARMP.DLL V1.51
 
<h2>Project:</h2>
C:\Users\Ajinkya\Documents\ARM\LPC2148_Oscilloscope\OscDev.uvproj
Project File Date:  06/17/2015

<h2>Output:</h2>
Rebuild target 'Target 1'
assembling Startup.s...
compiling main.cpp...
spi1.h(9): warning:  #1-D: last line of file ends without a newline
  #endif
defines.h(6): warning:  #1-D: last line of file ends without a newline
  #endif
complex.h(45): warning:  #1-D: last line of file ends without a newline
  #endif
FFT.h(93): warning:  #1-D: last line of file ends without a newline
  #endif
fft_fix.h(18): warning:  #1-D: last line of file ends without a newline
  #endif
main.cpp(28): warning:  #1-D: last line of file ends without a newline
  }
main.cpp: 6 warnings, 0 errors
compiling complex.cpp...
complex.h(45): warning:  #1-D: last line of file ends without a newline
  #endif
complex.cpp: 1 warning, 0 errors
compiling FFT.cpp...
complex.h(45): warning:  #1-D: last line of file ends without a newline
  #endif
FFT.h(93): warning:  #1-D: last line of file ends without a newline
  #endif
FFT.cpp(242): warning:  #1-D: last line of file ends without a newline
  */
FFT.cpp: 3 warnings, 0 errors
compiling delay.cpp...
compiling pin.cpp...
compiling spi1.c...
spi1.h(9): warning:  #1-D: last line of file ends without a newline
  #endif
spi1.c(15): warning:  #1-D: last line of file ends without a newline
  }
spi1.c: 2 warnings, 0 errors
compiling ILI9225.cpp...
ILI9225.cpp(251): warning:  #68-D: integer conversion resulted in a change of sign
        int ddF_y = -2 * r;
ILI9225.cpp(586): warning:  #177-D: variable "k" was declared but never referenced
        char h, i, j, k;
ILI9225.cpp: 2 warnings, 0 errors
compiling pll.cpp...
defines.h(6): warning:  #1-D: last line of file ends without a newline
  #endif
pll.cpp: 1 warning, 0 errors
compiling oscilloscope.cpp...
complex.h(45): warning:  #1-D: last line of file ends without a newline
  #endif
FFT.h(93): warning:  #1-D: last line of file ends without a newline
  #endif
fft_fix.h(18): warning:  #1-D: last line of file ends without a newline
  #endif
oscilloscope.cpp(413): warning:  #1-D: last line of file ends without a newline
  }
oscilloscope.cpp: 4 warnings, 0 errors
compiling fft_fix.cpp...
fft_fix.cpp(89): warning:  #177-D: variable "t" was declared but never referenced
          fixed qr,qi,tr,ti,wr,wi,t;
fft_fix.cpp: 1 warning, 0 errors
linking...
Program Size: Code=17944 RO-data=1004 RW-data=16 ZI-data=24720  
FromELF: creating hex file...
".\Objects\OscDev.axf" - 0 Error(s), 20 Warning(s).
</pre>
</body>
</html>
