Component: ARM Compiler 5.05 update 1 (build 106) Tool: armlink [4d0efa]

==============================================================================

Section Cross References

    startup.o(STACK) refers (Special) to heapauxi.o(.text) for __use_two_region_memory
    startup.o(HEAP) refers (Special) to heapauxi.o(.text) for __use_two_region_memory
    startup.o(RESET) refers (Special) to heapauxi.o(.text) for __use_two_region_memory
    startup.o(RESET) refers to startup.o(STACK) for Stack_Top
    startup.o(RESET) refers to __main.o(!!!main) for __main
    startup.o(.text) refers (Special) to heapauxi.o(.text) for __use_two_region_memory
    startup.o(.text) refers to startup.o(HEAP) for Heap_Mem
    startup.o(.text) refers to startup.o(STACK) for Stack_Mem
    main.o(i.__sti___8_main_cpp__clock) refers to pll.o(i._ZN3pllC1Emii) for pll::pll(unsigned long, int, int)
    main.o(i.__sti___8_main_cpp__clock) refers to delay.o(i._ZN10delayClassC1Em) for delayClass::delayClass(unsigned long)
    main.o(i.__sti___8_main_cpp__clock) refers to pin.o(i._ZN3pinC1Ei) for pin::pin(int)
    main.o(i.__sti___8_main_cpp__clock) refers to rt_memcpy_w.o(.text) for __aeabi_memcpy4
    main.o(i.__sti___8_main_cpp__clock) refers to ili9225.o(i._ZN7ILI9225C1E3pinS0_S0_S0_) for ILI9225::ILI9225(pin, pin, pin, pin)
    main.o(i.__sti___8_main_cpp__clock) refers to main.o(.bss) for .bss
    main.o(i.__sti___8_main_cpp__clock) refers to main.o(.data) for .data
    main.o(i.main) refers to spi1.o(i.initSPI1) for initSPI1
    main.o(i.main) refers to ili9225.o(i._ZN7ILI92255beginEv) for ILI9225::begin()
    main.o(i.main) refers to ili9225.o(i._ZN7ILI922514setOrientationEc) for ILI9225::setOrientation(char)
    main.o(i.main) refers to ili9225.o(i._ZN7ILI92255clearEi) for ILI9225::clear(int)
    main.o(i.main) refers to ili9225.o(i._ZN7ILI92257setFontEPKc) for ILI9225::setFont(const char*)
    main.o(i.main) refers to ili9225.o(i._ZN7ILI92258drawTextEjjPcj) for ILI9225::drawText(unsigned, unsigned, char*, unsigned)
    main.o(i.main) refers to oscilloscope.o(i._Z12oscilloscopev) for oscilloscope()
    main.o(i.main) refers to main.o(.bss) for .bss
    main.o(i.main) refers to main.o(.constdata) for .constdata
    main.o(.ARM.exidx) refers to main.o(i.main) for i.main
    main.o(.ARM.exidx) refers to main.o(i.__sti___8_main_cpp__clock) for i.__sti___8_main_cpp__clock
    main.o(.init_array) refers to main.o(i.__sti___8_main_cpp__clock) for __sti___8_main_cpp__clock
    main.o(.init_array) refers to init_aeabi.o(.text) for __cpp_initialize__aeabi_
    complex.o(i._Z7pow_e_if) refers to cosf.o(i.cosf) for cosf
    complex.o(i._Z7pow_e_if) refers to sinf.o(i.sinf) for sinf
    complex.o(i._ZN7complex9magnitudeEv) refers to fmul.o(x$fpl$fmul) for __aeabi_fmul
    complex.o(i._ZN7complex9magnitudeEv) refers to faddsub_noclz.o(x$fpl$fadd) for __aeabi_fadd
    complex.o(i._ZN7complex9magnitudeEv) refers to sqrtf.o(i.sqrtf) for sqrtf
    complex.o(i._ZN7complexdVES_) refers to fmul.o(x$fpl$fmul) for __aeabi_fmul
    complex.o(i._ZN7complexdVES_) refers to faddsub_noclz.o(x$fpl$fadd) for __aeabi_fadd
    complex.o(i._ZN7complexdVES_) refers to faddsub_noclz.o(x$fpl$fsub) for __aeabi_fsub
    complex.o(i._ZN7complexdVES_) refers to complex.o(i._ZN7complex9magnitudeEv) for complex::magnitude()
    complex.o(i._ZN7complexdVES_) refers to complex.o(i._ZN7complexdvEf) for complex::operator /(float)
    complex.o(i._ZN7complexdVEf) refers to fmul.o(x$fpl$fmul) for __aeabi_fmul
    complex.o(i._ZN7complexdVEf) refers to faddsub_noclz.o(x$fpl$fadd) for __aeabi_fadd
    complex.o(i._ZN7complexdVEf) refers to faddsub_noclz.o(x$fpl$fsub) for __aeabi_fsub
    complex.o(i._ZN7complexdVEf) refers to complex.o(i._ZN7complex9magnitudeEv) for complex::magnitude()
    complex.o(i._ZN7complexdVEf) refers to complex.o(i._ZN7complexdvEf) for complex::operator /(float)
    complex.o(i._ZN7complexdvES_) refers to fmul.o(x$fpl$fmul) for __aeabi_fmul
    complex.o(i._ZN7complexdvES_) refers to faddsub_noclz.o(x$fpl$fadd) for __aeabi_fadd
    complex.o(i._ZN7complexdvES_) refers to faddsub_noclz.o(x$fpl$fsub) for __aeabi_fsub
    complex.o(i._ZN7complexdvES_) refers to complex.o(i._ZN7complex9magnitudeEv) for complex::magnitude()
    complex.o(i._ZN7complexdvES_) refers to complex.o(i._ZN7complexdvEf) for complex::operator /(float)
    complex.o(i._ZN7complexdvEf) refers to fmul.o(x$fpl$fmul) for __aeabi_fmul
    complex.o(i._ZN7complexdvEf) refers to faddsub_noclz.o(x$fpl$fadd) for __aeabi_fadd
    complex.o(i._ZN7complexdvEf) refers to faddsub_noclz.o(x$fpl$fsub) for __aeabi_fsub
    complex.o(i._ZN7complexdvEf) refers to complex.o(i._ZN7complex9magnitudeEv) for complex::magnitude()
    complex.o(i._ZN7complexmIES_) refers to faddsub_noclz.o(x$fpl$fsub) for __aeabi_fsub
    complex.o(i._ZN7complexmIEf) refers to faddsub_noclz.o(x$fpl$fsub) for __aeabi_fsub
    complex.o(i._ZN7complexmLES_) refers to fmul.o(x$fpl$fmul) for __aeabi_fmul
[...]
    Adding AT veneer (8 bytes, Inline) for call to '__rt_lib_shutdown' from rtexit2.o(.ARM.Collect$$rtexit$$00000003).
    Adding TA veneer (4 bytes, Inline) for call to '__rt_exit' from exit.o(.text).
    Adding AT veneer (8 bytes, Inline) for call to '__2sprintf' from oscilloscope.o(i._Z14displayFFT_fixPiS_iii).
    Adding AT veneer (8 bytes, Inline) for call to '_printf_int_dec' from _printf_d.o(.ARM.Collect$$_printf_percent$$00000009).
    Adding AT veneer (8 bytes, Inline) for call to '_sys_exit' from rtexit2.o(.ARM.Collect$$rtexit$$00000004).
    Adding AT veneer (8 bytes, Inline) for call to '__set_errno' from sin.o(i.sin).
    Adding TA veneer (4 bytes, Inline) for call to '__rt_udiv10' from _printf_dec.o(.text).
    Adding TA veneer (4 bytes, Inline) for call to '__aeabi_errno_addr' from _rserrno.o(.text).

10 Veneer(s) (total 64 bytes) added to the image.

==============================================================================

Image Symbol Table

    Local Symbols

    Symbol Name                              Value     Ov Type        Size  Object(Section)

    RESET                                    0x00000000   Section      204  startup.o(RESET)
    ../../array_helpers.cpp                  0x00000000   Number         0  aeabi_vec_ctor_nocookie_nodtor.o ABSOLUTE
    ../clib/angel/boardlib.s                 0x00000000   Number         0  boardinit1.o ABSOLUTE
    ../clib/angel/boardlib.s                 0x00000000   Number         0  boardinit2.o ABSOLUTE
    ../clib/angel/boardlib.s                 0x00000000   Number         0  boardinit3.o ABSOLUTE
    ../clib/angel/boardlib.s                 0x00000000   Number         0  boardshut.o ABSOLUTE
    ../clib/angel/dclz77c.s                  0x00000000   Number         0  __dclz77c.o ABSOLUTE
    ../clib/angel/handlers.s                 0x00000000   Number         0  __scatter_zi.o ABSOLUTE
    ../clib/angel/kernel.s                   0x00000000   Number         0  rtexit2.o ABSOLUTE
    ../clib/angel/kernel.s                   0x00000000   Number         0  rtexit.o ABSOLUTE
    ../clib/angel/kernel.s                   0x00000000   Number         0  __rtentry2.o ABSOLUTE
    ../clib/angel/kernel.s                   0x00000000   Number         0  __rtentry.o ABSOLUTE
    ../clib/angel/kernel.s                   0x00000000   Number         0  __rtentry4.o ABSOLUTE
    ../clib/angel/rt.s                       0x00000000   Number         0  rt_raise.o ABSOLUTE
    ../clib/angel/rt.s                       0x00000000   Number         0  rt_errno_addr.o ABSOLUTE
    ../clib/angel/rt.s                       0x00000000   Number         0  rt_heap_descriptor_intlibspace.o ABSOLUTE
    ../clib/angel/rt.s                       0x00000000   Number         0  rt_errno_addr_intlibspace.o ABSOLUTE
    ../clib/angel/rt.s                       0x00000000   Number         0  rt_heap_descriptor.o ABSOLUTE
    ../clib/angel/rt.s                       0x00000000   Number         0  aeabi_idiv0_sigfpe.o ABSOLUTE
    ../clib/angel/rt.s                       0x00000000   Number         0  aeabi_idiv0.o ABSOLUTE
    ../clib/angel/rt.s                       0x00000000   Number         0  rt_div0.o ABSOLUTE
    ../clib/angel/scatter.s                  0x00000000   Number         0  __scatter.o ABSOLUTE
    ../clib/angel/startup.s                  0x00000000   Number         0  __main.o ABSOLUTE
    ../clib/angel/sys.s                      0x00000000   Number         0  sys_stackheap_outer.o ABSOLUTE
    ../clib/angel/sys.s                      0x00000000   Number         0  mutex_dummy.o ABSOLUTE
    ../clib/angel/sys.s                      0x00000000   Number         0  indicate_semi.o ABSOLUTE
    ../clib/angel/sys.s                      0x00000000   Number         0  use_no_semi.o ABSOLUTE
    ../clib/angel/sys.s                      0x00000000   Number         0  libspace.o ABSOLUTE
    ../clib/angel/sysapp.c                   0x00000000   Number         0  sys_exit.o ABSOLUTE
    ../clib/angel/sysapp.c                   0x00000000   Number         0  sys_command.o ABSOLUTE
    ../clib/angel/sysapp.c                   0x00000000   Number         0  sys_wrch.o ABSOLUTE
    ../clib/arm_runtime.c                    0x00000000   Number         0  init_aeabi.o ABSOLUTE
    ../clib/arm_runtime.c                    0x00000000   Number         0  init_aeabi.o ABSOLUTE
    ../clib/armsys.c                         0x00000000   Number         0  argv_veneer.o ABSOLUTE
    ../clib/armsys.c                         0x00000000   Number         0  argv_veneer.o ABSOLUTE
    ../clib/armsys.c                         0x00000000   Number         0  _get_argv_nomalloc.o ABSOLUTE
    ../clib/armsys.c                         0x00000000   Number         0  no_argv.o ABSOLUTE
    ../clib/armsys.c                         0x00000000   Number         0  _get_argv.o ABSOLUTE
    ../clib/division.s                       0x00000000   Number         0  aeabi_sdiv.o ABSOLUTE
    ../clib/division.s                       0x00000000   Number         0  aeabi_sdiv_div0.o ABSOLUTE
    ../clib/division.s                       0x00000000   Number         0  rtudiv10.o ABSOLUTE
    ../clib/divrt.s                          0x00000000   Number         0  divrt_7tdmi_div0.o ABSOLUTE
    ../clib/divrt.s                          0x00000000   Number         0  divrt_7tdmi.o ABSOLUTE
    ../clib/fenv.c                           0x00000000   Number         0  _rserrno.o ABSOLUTE
    ../clib/heap1.c                          0x00000000   Number         0  h1_alloc.o ABSOLUTE
    ../clib/heap1.c                          0x00000000   Number         0  h1_final_mt.o ABSOLUTE
    ../clib/heap1.c                          0x00000000   Number         0  h1_init_mt.o ABSOLUTE
    ../clib/heap1.c                          0x00000000   Number         0  h1_extend.o ABSOLUTE
    ../clib/heap1.c                          0x00000000   Number         0  h1_extend_mt.o ABSOLUTE
    ../clib/heap1.c                          0x00000000   Number         0  h1_init.o ABSOLUTE
    ../clib/heap1.c                          0x00000000   Number         0  h1_alloc_mt.o ABSOLUTE
    ../clib/heap1.c                          0x00000000   Number         0  h1_free_mt.o ABSOLUTE
    ../clib/heap1.c                          0x00000000   Number         0  h1_final.o ABSOLUTE
    ../clib/heap1.c                          0x00000000   Number         0  h1_free.o ABSOLUTE
    ../clib/heap2.c                          0x00000000   Number         0  fdtree.o ABSOLUTE
    ../clib/heap2.c                          0x00000000   Number         0  heap2.o ABSOLUTE
    ../clib/heap2.c                          0x00000000   Number         0  heap2mt.o ABSOLUTE
    ../clib/heapalloc.c                      0x00000000   Number         0  hguard.o ABSOLUTE
    ../clib/heapalloc.c                      0x00000000   Number         0  free.o ABSOLUTE
    ../clib/heapalloc.c                      0x00000000   Number         0  maybetermalloc2.o ABSOLUTE
    ../clib/heapalloc.c                      0x00000000   Number         0  maybetermalloc2.o ABSOLUTE
    ../clib/heapalloc.c                      0x00000000   Number         0  maybetermalloc1.o ABSOLUTE
    ../clib/heapalloc.c                      0x00000000   Number         0  maybetermalloc1.o ABSOLUTE
    ../clib/heapalloc.c                      0x00000000   Number         0  term_alloc.o ABSOLUTE
    ../clib/heapalloc.c                      0x00000000   Number         0  heapstubs.o ABSOLUTE
    ../clib/heapalloc.c                      0x00000000   Number         0  malloc.o ABSOLUTE
    ../clib/heapalloc.c                      0x00000000   Number         0  init_alloc.o ABSOLUTE
    ../clib/heapalloc.c                      0x00000000   Number         0  hrguard.o ABSOLUTE
    ../clib/heapaux.c                        0x00000000   Number         0  heapauxi.o ABSOLUTE
    ../clib/heapaux.c                        0x00000000   Number         0  heapauxa.o ABSOLUTE
    ../clib/libinit.s                        0x00000000   Number         0  libinit2.o ABSOLUTE
    ../clib/libinit.s                        0x00000000   Number         0  libinit.o ABSOLUTE
    ../clib/libinit.s                        0x00000000   Number         0  libshutdown2.o ABSOLUTE
    ../clib/libinit.s                        0x00000000   Number         0  libshutdown.o ABSOLUTE
    ../clib/memcpset.s                       0x00000000   Number         0  rt_memcpy_w.o ABSOLUTE
    ../clib/printf.c                         0x00000000   Number         0  _sputc.o ABSOLUTE
    ../clib/printf.c                         0x00000000   Number         0  _printf_intcommon.o ABSOLUTE
    ../clib/printf.c                         0x00000000   Number         0  __2sprintf.o ABSOLUTE
    ../clib/printf.c                         0x00000000   Number         0  noretval__2sprintf.o ABSOLUTE
    ../clib/printf.c                         0x00000000   Number         0  __printf_flags_wp.o ABSOLUTE
    ../clib/printf.c                         0x00000000   Number         0  __printf.o ABSOLUTE
    ../clib/printf.c                         0x00000000   Number         0  __printf_flags_ss.o ABSOLUTE
    ../clib/printf.c                         0x00000000   Number         0  _printf_char_common.o ABSOLUTE
    ../clib/printf.c                         0x00000000   Number         0  __printf_wp.o ABSOLUTE
    ../clib/printf.c                         0x00000000   Number         0  _printf_dec.o ABSOLUTE
    ../clib/printf.c                         0x00000000   Number         0  __printf_flags_ss_wp.o ABSOLUTE
    ../clib/printf.c                         0x00000000   Number         0  __printf_ss_wp.o ABSOLUTE
    ../clib/printf.c                         0x00000000   Number         0  __printf_flags.o ABSOLUTE
    ../clib/printf.c                         0x00000000   Number         0  __printf_ss.o ABSOLUTE
    ../clib/printf.c                         0x00000000   Number         0  __printf_nopercent.o ABSOLUTE
    ../clib/printf_percent.s                 0x00000000   Number         0  _printf_percent.o ABSOLUTE
    ../clib/printf_percent.s                 0x00000000   Number         0  _printf_d.o ABSOLUTE
    ../clib/printf_percent.s                 0x00000000   Number         0  _printf_percent_end.o ABSOLUTE
    ../clib/signal.c                         0x00000000   Number         0  defsig_abrt_inner.o ABSOLUTE
    ../clib/signal.c                         0x00000000   Number         0  defsig_rtmem_outer.o ABSOLUTE
    ../clib/signal.c                         0x00000000   Number         0  defsig_fpe_inner.o ABSOLUTE
    ../clib/signal.c                         0x00000000   Number         0  defsig_abrt_formal.o ABSOLUTE
    ../clib/signal.c                         0x00000000   Number         0  defsig_abrt_outer.o ABSOLUTE
    ../clib/signal.c                         0x00000000   Number         0  defsig_rtmem_formal.o ABSOLUTE
    ../clib/signal.c                         0x00000000   Number         0  __raise.o ABSOLUTE
    ../clib/signal.c                         0x00000000   Number         0  defsig_general.o ABSOLUTE
    ../clib/signal.c                         0x00000000   Number         0  defsig_fpe_formal.o ABSOLUTE
    ../clib/signal.c                         0x00000000   Number         0  defsig_rtred_inner.o ABSOLUTE
    ../clib/signal.c                         0x00000000   Number         0  defsig_stak_inner.o ABSOLUTE
    ../clib/signal.c                         0x00000000   Number         0  defsig_pvfn_inner.o ABSOLUTE
    ../clib/signal.c                         0x00000000   Number         0  defsig_cppl_inner.o ABSOLUTE
    ../clib/signal.c                         0x00000000   Number         0  defsig_other.o ABSOLUTE
    ../clib/signal.c                         0x00000000   Number         0  defsig_rtmem_inner.o ABSOLUTE
    ../clib/signal.c                         0x00000000   Number         0  defsig_fpe_outer.o ABSOLUTE
    ../clib/signal.c                         0x00000000   Number         0  defsig_exit.o ABSOLUTE
    ../clib/signal.c                         0x00000000   Number         0  defsig_segv_inner.o ABSOLUTE
    ../clib/signal.s                         0x00000000   Number         0  defsig.o ABSOLUTE
    ../clib/stdlib.c                         0x00000000   Number         0  abort.o ABSOLUTE
    ../clib/stdlib.c                         0x00000000   Number         0  exit.o ABSOLUTE
    ../clib/stdlib.c                         0x00000000   Number         0  bsearchnoex.o ABSOLUTE
    ../clib/unwind_pr.c                      0x00000000   Number         0  unwind_prcommon.o ABSOLUTE
    ../clib/unwind_pr.c                      0x00000000   Number         0  unwind_pr0.o ABSOLUTE
    ../clib/unwinder.c                       0x00000000   Number         0  unwinder.o ABSOLUTE
    ../clib/unwinder.c                       0x00000000   Number         0  unwind_activity.o ABSOLUTE
    ../clib/unwinder.c                       0x00000000   Number         0  unwinder.o ABSOLUTE
    ../clib/unwinder.c                       0x00000000   Number         0  unwind_activity.o ABSOLUTE
    ../fplib/d2f.s                           0x00000000   Number         0  d2f.o ABSOLUTE
    ../fplib/daddsub.s                       0x00000000   Number         0  daddsub_noclz.o ABSOLUTE
    ../fplib/dcheck1.s                       0x00000000   Number         0  dcheck1.o ABSOLUTE
    ../fplib/ddiv.s                          0x00000000   Number         0  ddiv.o ABSOLUTE
    ../fplib/dfix.s                          0x00000000   Number         0  dfix.o ABSOLUTE
    ../fplib/dfixu.s                         0x00000000   Number         0  dfixu.o ABSOLUTE
    ../fplib/dflt.s                          0x00000000   Number         0  dflt_noclz.o ABSOLUTE
    ../fplib/dmul.s                          0x00000000   Number         0  dmul.o ABSOLUTE
    ../fplib/dnaninf.s                       0x00000000   Number         0  dnaninf.o ABSOLUTE
    ../fplib/dretinf.s                       0x00000000   Number         0  dretinf.o ABSOLUTE
    ../fplib/faddsub.s                       0x00000000   Number         0  faddsub_noclz.o ABSOLUTE
    ../fplib/fcheck1.s                       0x00000000   Number         0  fcheck1.o ABSOLUTE
    ../fplib/fcmpi.s                         0x00000000   Number         0  fcmpi.o ABSOLUTE
    ../fplib/fdiv.s                          0x00000000   Number         0  fdiv.o ABSOLUTE
    ../fplib/ffix.s                          0x00000000   Number         0  ffix.o ABSOLUTE
    ../fplib/ffixu.s                         0x00000000   Number         0  ffixu.o ABSOLUTE
    ../fplib/fflt.s                          0x00000000   Number         0  fflt_noclz.o ABSOLUTE
    ../fplib/fleqf.s                         0x00000000   Number         0  fleqf.o ABSOLUTE
    ../fplib/fmul.s                          0x00000000   Number         0  fmul.o ABSOLUTE
    ../fplib/fnaninf.s                       0x00000000   Number         0  fnaninf.o ABSOLUTE
    ../fplib/fpinit.s                        0x00000000   Number         0  fpinit.o ABSOLUTE
    ../fplib/fretinf.s                       0x00000000   Number         0  fretinf.o ABSOLUTE
    ../fplib/frleqf.s                        0x00000000   Number         0  frleqf.o ABSOLUTE
    ../fplib/frnd.s                          0x00000000   Number         0  frnd.o ABSOLUTE
    ../fplib/fsqrt.s                         0x00000000   Number         0  fsqrt.o ABSOLUTE
    ../fplib/retnan.s                        0x00000000   Number         0  retnan.o ABSOLUTE
    ../fplib/scalbn.s                        0x00000000   Number         0  scalbn.o ABSOLUTE
    ../fplib/scalbnf.s                       0x00000000   Number         0  scalbnf.o ABSOLUTE
    ../fplib/trapv.s                         0x00000000   Number         0  trapv.o ABSOLUTE
    ../fplib/usenofp.s                       0x00000000   Number         0  usenofp.o ABSOLUTE
    ../mathlib/cos.c                         0x00000000   Number         0  cos.o ABSOLUTE
    ../mathlib/cos.c                         0x00000000   Number         0  cos_x.o ABSOLUTE
    ../mathlib/cos_i.c                       0x00000000   Number         0  cos_i.o ABSOLUTE
    ../mathlib/cosf.c                        0x00000000   Number         0  cosf.o ABSOLUTE
    ../mathlib/cosf.c                        0x00000000   Number         0  cosf_x.o ABSOLUTE
    ../mathlib/dunder.c                      0x00000000   Number         0  dunder.o ABSOLUTE
    ../mathlib/fpclassify.c                  0x00000000   Number         0  fpclassify.o ABSOLUTE
    ../mathlib/fpclassifyf.c                 0x00000000   Number         0  fpclassifyf.o ABSOLUTE
    ../mathlib/funder.c                      0x00000000   Number         0  funder.o ABSOLUTE
    ../mathlib/poly.c                        0x00000000   Number         0  poly.o ABSOLUTE
    ../mathlib/rred.c                        0x00000000   Number         0  rred.o ABSOLUTE
    ../mathlib/rredf.c                       0x00000000   Number         0  rredf.o ABSOLUTE
    ../mathlib/sin.c                         0x00000000   Number         0  sin.o ABSOLUTE
    ../mathlib/sin.c                         0x00000000   Number         0  sin_x.o ABSOLUTE
    ../mathlib/sin_i.c                       0x00000000   Number         0  sin_i_x.o ABSOLUTE
    ../mathlib/sin_i.c                       0x00000000   Number         0  sin_i.o ABSOLUTE
    ../mathlib/sinf.c                        0x00000000   Number         0  sinf.o ABSOLUTE
    ../mathlib/sinf.c                        0x00000000   Number         0  sinf_x.o ABSOLUTE
    ../mathlib/sqrtf.c                       0x00000000   Number         0  sqrtf_x.o ABSOLUTE
    ../mathlib/sqrtf.c                       0x00000000   Number         0  sqrtf.o ABSOLUTE
    FFT.cpp                                  0x00000000   Number         0  fft.o ABSOLUTE
    ILI9225.cpp                              0x00000000   Number         0  ili9225.o ABSOLUTE
    Startup.s                                0x00000000   Number         0  startup.o ABSOLUTE
    complex.cpp                              0x00000000   Number         0  complex.o ABSOLUTE
    dc.s                                     0x00000000   Number         0  dc.o ABSOLUTE
    delay.cpp                                0x00000000   Number         0  delay.o ABSOLUTE
    fft_fix.cpp                              0x00000000   Number         0  fft_fix.o ABSOLUTE
    main.cpp                                 0x00000000   Number         0  main.o ABSOLUTE
    oscilloscope.cpp                         0x00000000   Number         0  oscilloscope.o ABSOLUTE
    pin.cpp                                  0x00000000   Number         0  pin.o ABSOLUTE
    pll.cpp                                  0x00000000   Number         0  pll.o ABSOLUTE
    spi1.c                                   0x00000000   Number         0  spi1.o ABSOLUTE
    Undef_Handler                            0x00000040   ARM Code       4  startup.o(RESET)
    SWI_Handler                              0x00000044   ARM Code       4  startup.o(RESET)
    PAbt_Handler                             0x00000048   ARM Code       4  startup.o(RESET)
    DAbt_Handler                             0x0000004c   ARM Code       4  startup.o(RESET)
    IRQ_Handler                              0x00000050   ARM Code       4  startup.o(RESET)
    FIQ_Handler                              0x00000054   ARM Code       4  startup.o(RESET)
    !!!main                                  0x000000cc   Section        8  __main.o(!!!main)
    !!!scatter                               0x000000d4   Section       60  __scatter.o(!!!scatter)
    !!dclz77c                                0x00000110   Section       96  __dclz77c.o(!!dclz77c)
    _decompress_loop                         0x0000011b   Thumb Code     0  __dclz77c.o(!!dclz77c)
    _decompress_getlen                       0x00000129   Thumb Code     0  __dclz77c.o(!!dclz77c)
    _decompress_lits                         0x00000131   Thumb Code     0  __dclz77c.o(!!dclz77c)
    _decompress_lit                          0x00000135   Thumb Code     0  __dclz77c.o(!!dclz77c)
    _decompress_setupcopy                    0x00000141   Thumb Code     0  __dclz77c.o(!!dclz77c)
    _decompress_setupcopy_shortx             0x00000157   Thumb Code     0  __dclz77c.o(!!dclz77c)
    _decompress_copy                         0x0000015d   Thumb Code     0  __dclz77c.o(!!dclz77c)
    _decompress_end                          0x00000169   Thumb Code     0  __dclz77c.o(!!dclz77c)
    !!handler_zi                             0x00000170   Section       44  __scatter_zi.o(!!handler_zi)
    .ARM.Collect$$_printf_percent$$00000000  0x000001a0   Section        0  _printf_percent.o(.ARM.Collect$$_printf_percent$$00000000)
    .ARM.Collect$$_printf_percent$$00000009  0x000001a0   Section        8  _printf_d.o(.ARM.Collect$$_printf_percent$$00000009)
    .ARM.Collect$$_printf_percent$$00000017  0x000001a8   Section        8  _printf_percent_end.o(.ARM.Collect$$_printf_percent$$00000017)
    .ARM.Collect$$libinit$$00000000          0x000001b8   Section        2  libinit.o(.ARM.Collect$$libinit$$00000000)
    .ARM.Collect$$libinit$$00000002          0x000001ba   Section        0  libinit2.o(.ARM.Collect$$libinit$$00000002)
    .ARM.Collect$$libinit$$00000004          0x000001ba   Section        0  libinit2.o(.ARM.Collect$$libinit$$00000004)
    .ARM.Collect$$libinit$$0000000A          0x000001ba   Section        0  libinit2.o(.ARM.Collect$$libinit$$0000000A)
    .ARM.Collect$$libinit$$0000000C          0x000001ba   Section        0  libinit2.o(.ARM.Collect$$libinit$$0000000C)
    .ARM.Collect$$libinit$$0000000E          0x000001ba   Section        0  libinit2.o(.ARM.Collect$$libinit$$0000000E)
    .ARM.Collect$$libinit$$00000011          0x000001ba   Section        0  libinit2.o(.ARM.Collect$$libinit$$00000011)
    .ARM.Collect$$libinit$$00000013          0x000001ba   Section        0  libinit2.o(.ARM.Collect$$libinit$$00000013)
    .ARM.Collect$$libinit$$00000015          0x000001ba   Section        0  libinit2.o(.ARM.Collect$$libinit$$00000015)
    .ARM.Collect$$libinit$$00000017          0x000001ba   Section        0  libinit2.o(.ARM.Collect$$libinit$$00000017)
    .ARM.Collect$$libinit$$00000019          0x000001ba   Section        0  libinit2.o(.ARM.Collect$$libinit$$00000019)
    .ARM.Collect$$libinit$$0000001B          0x000001ba   Section        0  libinit2.o(.ARM.Collect$$libinit$$0000001B)
    .ARM.Collect$$libinit$$0000001D          0x000001ba   Section        0  libinit2.o(.ARM.Collect$$libinit$$0000001D)
    .ARM.Collect$$libinit$$0000001F          0x000001ba   Section        0  libinit2.o(.ARM.Collect$$libinit$$0000001F)
    .ARM.Collect$$libinit$$00000021          0x000001ba   Section        0  libinit2.o(.ARM.Collect$$libinit$$00000021)
    .ARM.Collect$$libinit$$00000023          0x000001ba   Section        0  libinit2.o(.ARM.Collect$$libinit$$00000023)
    .ARM.Collect$$libinit$$00000025          0x000001ba   Section        0  libinit2.o(.ARM.Collect$$libinit$$00000025)
    .ARM.Collect$$libinit$$0000002C          0x000001ba   Section        0  libinit2.o(.ARM.Collect$$libinit$$0000002C)
    .ARM.Collect$$libinit$$0000002E          0x000001ba   Section        0  libinit2.o(.ARM.Collect$$libinit$$0000002E)
    .ARM.Collect$$libinit$$00000030          0x000001ba   Section        0  libinit2.o(.ARM.Collect$$libinit$$00000030)
    .ARM.Collect$$libinit$$00000031          0x000001ba   Section        4  libinit2.o(.ARM.Collect$$libinit$$00000031)
    .ARM.Collect$$libinit$$00000032          0x000001be   Section        0  libinit2.o(.ARM.Collect$$libinit$$00000032)
    .ARM.Collect$$libinit$$00000033          0x000001be   Section       12  libinit2.o(.ARM.Collect$$libinit$$00000033)
    .ARM.Collect$$libshutdown$$00000000      0x000001d4   Section        4  libshutdown.o(.ARM.Collect$$libshutdown$$00000000)
    .ARM.Collect$$libshutdown$$00000003      0x000001d8   Section        0  libshutdown2.o(.ARM.Collect$$libshutdown$$00000003)
    .ARM.Collect$$libshutdown$$00000006      0x000001d8   Section        0  libshutdown2.o(.ARM.Collect$$libshutdown$$00000006)
    .ARM.Collect$$libshutdown$$00000009      0x000001d8   Section        0  libshutdown2.o(.ARM.Collect$$libshutdown$$00000009)
    .ARM.Collect$$libshutdown$$0000000B      0x000001d8   Section        0  libshutdown2.o(.ARM.Collect$$libshutdown$$0000000B)
    .ARM.Collect$$libshutdown$$0000000E      0x000001d8   Section        0  libshutdown2.o(.ARM.Collect$$libshutdown$$0000000E)
    .ARM.Collect$$libshutdown$$0000000F      0x000001d8   Section        6  libshutdown2.o(.ARM.Collect$$libshutdown$$0000000F)
    .ARM.Collect$$rtentry$$00000000          0x000001e0   Section        0  __rtentry.o(.ARM.Collect$$rtentry$$00000000)
    .ARM.Collect$$rtentry$$00000002          0x000001e0   Section        0  __rtentry2.o(.ARM.Collect$$rtentry$$00000002)
    .ARM.Collect$$rtentry$$00000004          0x000001e0   Section        8  __rtentry4.o(.ARM.Collect$$rtentry$$00000004)
    .ARM.Collect$$rtentry$$00000009          0x000001e8   Section        0  __rtentry2.o(.ARM.Collect$$rtentry$$00000009)
    .ARM.Collect$$rtentry$$0000000A          0x000001e8   Section        4  __rtentry2.o(.ARM.Collect$$rtentry$$0000000A)
    .ARM.Collect$$rtentry$$0000000C          0x000001ec   Section        0  __rtentry2.o(.ARM.Collect$$rtentry$$0000000C)
    .ARM.Collect$$rtentry$$0000000D          0x000001ec   Section       40  __rtentry2.o(.ARM.Collect$$rtentry$$0000000D)
    .ARM.Collect$$rtexit$$00000000           0x00000218   Section        4  rtexit.o(.ARM.Collect$$rtexit$$00000000)
    .ARM.Collect$$rtexit$$00000002           0x0000021c   Section        0  rtexit2.o(.ARM.Collect$$rtexit$$00000002)
    .ARM.Collect$$rtexit$$00000003           0x0000021c   Section        4  rtexit2.o(.ARM.Collect$$rtexit$$00000003)
    .ARM.Collect$$rtexit$$00000004           0x00000220   Section        8  rtexit2.o(.ARM.Collect$$rtexit$$00000004)
    .text                                    0x00000228   Section       36  startup.o(.text)
    .text                                    0x00000254   Section        0  noretval__2sprintf.o(.text)
    .text                                    0x0000027c   Section        0  __printf.o(.text)
    .text                                    0x000002fc   Section        0  _printf_dec.o(.text)
    .text                                    0x0000036c   Section      100  rt_memcpy_w.o(.text)
    .text                                    0x000003d0   Section      384  aeabi_sdiv.o(.text)
    __arm_div8                               0x000003fc   ARM Code       0  aeabi_sdiv.o(.text)
    __arm_div5                               0x00000420   ARM Code       0  aeabi_sdiv.o(.text)
    __arm_div2                               0x00000444   ARM Code       0  aeabi_sdiv.o(.text)
    __arm_div_large                          0x00000480   ARM Code       0  aeabi_sdiv.o(.text)
    .text                                    0x00000550   Section        0  heapauxi.o(.text)
    .text                                    0x00000558   Section        0  init_aeabi.o(.text)
    .text                                    0x00000588   Section        0  sys_exit.o(.text)
    .text                                    0x0000059c   Section        0  _rserrno.o(.text)
    .text                                    0x000005b6   Section        0  _printf_intcommon.o(.text)
    .text                                    0x00000670   Section        0  _printf_char_common.o(.text)
    _printf_input_char                       0x00000671   Thumb Code    10  _printf_char_common.o(.text)
    .text                                    0x000006a0   Section        0  _sputc.o(.text)
    .text                                    0x000006b0   Section       44  rtudiv10.o(.text)
    .text                                    0x000006dc   Section       12  libspace.o(.text)
    .text                                    0x000006e8   Section        4  use_no_semi.o(.text)
    .text                                    0x000006ec   Section        0  indicate_semi.o(.text)
    .text                                    0x000006f0   Section       12  rt_errno_addr_intlibspace.o(.text)
    .text                                    0x000006fc   Section       96  sys_stackheap_outer.o(.text)
    .text                                    0x0000075c   Section        0  exit.o(.text)
    .text_udiv                               0x00000768   Section       36  aeabi_sdiv.o(.text_udiv)
    i._Z10initDACoutv                        0x0000078c   Section        0  oscilloscope.o(i._Z10initDACoutv)
    i._Z10initTimer0v                        0x00000860   Section        0  oscilloscope.o(i._Z10initTimer0v)
    i._Z11initFFT_LUTv                       0x000008b4   Section        0  fft.o(i._Z11initFFT_LUTv)
    i._Z12displayGraphPiii                   0x00000910   Section        0  oscilloscope.o(i._Z12displayGraphPiii)
    i._Z12oscilloscopev                      0x00000994   Section        0  oscilloscope.o(i._Z12oscilloscopev)
    i._Z14displayFFT_fixPiS_iii              0x00000a74   Section        0  oscilloscope.o(i._Z14displayFFT_fixPiS_iii)
    i._Z14displayXY_PlotPiS_ii               0x00000d98   Section        0  oscilloscope.o(i._Z14displayXY_PlotPiS_ii)
    i._Z16Timer0_Interruptv                  0x00000e28   Section        0  oscilloscope.o(i._Z16Timer0_Interruptv)
    i._Z16Timer1_Interruptv                  0x00000ec8   Section        0  oscilloscope.o(i._Z16Timer1_Interruptv)
    i._Z1Ui                                  0x00000f20   Section        0  oscilloscope.o(i._Z1Ui)
    i._Z24displayDrawBackgroundFFTv          0x00000f30   Section        0  oscilloscope.o(i._Z24displayDrawBackgroundFFTv)
    i._Z26displayDrawBackgroundGraphv        0x00000fe8   Section        0  oscilloscope.o(i._Z26displayDrawBackgroundGraphv)
    i._Z28displayDrawBackgroundXY_Plotv      0x00001094   Section        0  oscilloscope.o(i._Z28displayDrawBackgroundXY_Plotv)
    i._Z7fix_fftPiS_ii                       0x0000114c   Section        0  fft_fix.o(i._Z7fix_fftPiS_ii)
    i._Z7initADCv                            0x00001334   Section        0  oscilloscope.o(i._Z7initADCv)
    i._ZN10delayClass2msEm                   0x00001368   Section        0  delay.o(i._ZN10delayClass2msEm)
    i._ZN10delayClassC1Em                    0x00001390   Section        0  delay.o(i._ZN10delayClassC1Em)
    i._ZN3pin3lowEv                          0x000013c8   Section        0  pin.o(i._ZN3pin3lowEv)
    i._ZN3pin4highEv                         0x000013e0   Section        0  pin.o(i._ZN3pin4highEv)
    i._ZN3pin6outputEv                       0x000013f8   Section        0  pin.o(i._ZN3pin6outputEv)
    i._ZN3pinC1Ei                            0x00001414   Section        0  pin.o(i._ZN3pinC1Ei)
    i._ZN3pinC1Ev                            0x00001508   Section        0  pin.o(i._ZN3pinC1Ev)
    i._ZN3pll12feedSequenceEv                0x0000150c   Section        0  pll.o(i._ZN3pll12feedSequenceEv)
    i._ZN3pll4getPEv                         0x00001528   Section        0  pll.o(i._ZN3pll4getPEv)
    i._ZN3pll6setPllEv                       0x00001580   Section        0  pll.o(i._ZN3pll6setPllEv)
    i._ZN3pll8isLockedEv                     0x000015e4   Section        0  pll.o(i._ZN3pll8isLockedEv)
    i._ZN3pllC1Emii                          0x000015fc   Section        0  pll.o(i._ZN3pllC1Emii)
    i._ZN7ILI922510_drawPixelEjjj            0x00001648   Section        0  ili9225.o(i._ZN7ILI922510_drawPixelEjjj)
    i._ZN7ILI922510_setWindowEjjjj           0x000016b0   Section        0  ili9225.o(i._ZN7ILI922510_setWindowEjjjj)
    i._ZN7ILI922510_writeDataEi              0x00001770   Section        0  ili9225.o(i._ZN7ILI922510_writeDataEi)
    i._ZN7ILI922512setBacklightEb            0x00001794   Section        0  ili9225.o(i._ZN7ILI922512setBacklightEb)
    i._ZN7ILI922513_writeCommandEi           0x000017a8   Section        0  ili9225.o(i._ZN7ILI922513_writeCommandEi)
    i._ZN7ILI922513fillRectangleEjjjjj       0x000017cc   Section        0  ili9225.o(i._ZN7ILI922513fillRectangleEjjjjj)
    i._ZN7ILI922514_writeRegisterEjj         0x00001824   Section        0  ili9225.o(i._ZN7ILI922514_writeRegisterEjj)
    i._ZN7ILI922514setOrientationEc          0x00001844   Section        0  ili9225.o(i._ZN7ILI922514setOrientationEc)
    i._ZN7ILI922515setCursorLimitsEjjjjj     0x00001888   Section        0  ili9225.o(i._ZN7ILI922515setCursorLimitsEjjjjj)
    i._ZN7ILI922518_orientCoordinatesERjS0_  0x00001910   Section        0  ili9225.o(i._ZN7ILI922518_orientCoordinatesERjS0_)
    i._ZN7ILI92255beginEv                    0x000019a4   Section        0  ili9225.o(i._ZN7ILI92255beginEv)
    i._ZN7ILI92255clearEi                    0x00001d80   Section        0  ili9225.o(i._ZN7ILI92255clearEi)
    i._ZN7ILI92257setFontEPKc                0x00001ddc   Section        0  ili9225.o(i._ZN7ILI92257setFontEPKc)
    i._ZN7ILI92258drawCharEjjjj              0x00001e18   Section        0  ili9225.o(i._ZN7ILI92258drawCharEjjjj)
    i._ZN7ILI92258drawLineEjjjjj             0x00001f14   Section        0  ili9225.o(i._ZN7ILI92258drawLineEjjjjj)
    i._ZN7ILI92258drawTextEjjPcj             0x00001fe4   Section        0  ili9225.o(i._ZN7ILI92258drawTextEjjPcj)
    i._ZN7ILI92259drawPixelEjjj              0x00002060   Section        0  ili9225.o(i._ZN7ILI92259drawPixelEjjj)
    i._ZN7ILI9225C1E3pinS0_S0_S0_            0x000020bc   Section        0  ili9225.o(i._ZN7ILI9225C1E3pinS0_S0_S0_)
    i.__ARM_common_call_via_r0               0x00002188   Section        0  init_aeabi.o(i.__ARM_common_call_via_r0)
    i.__ARM_common_call_via_r1               0x0000218a   Section        0  __printf.o(i.__ARM_common_call_via_r1)
    i.__ARM_common_call_via_r2               0x0000218c   Section        0  __printf.o(i.__ARM_common_call_via_r2)
    i.__ARM_fpclassify                       0x00002190   Section        0  fpclassify.o(i.__ARM_fpclassify)
    i.__ieee754_rem_pio2                     0x000021c0   Section        0  rred.o(i.__ieee754_rem_pio2)
    i.__kernel_cos                           0x000026d4   Section        0  cos_i.o(i.__kernel_cos)
    i.__kernel_poly                          0x00002870   Section        0  poly.o(i.__kernel_poly)
    i.__kernel_sin                           0x00002970   Section        0  sin_i.o(i.__kernel_sin)
    i.__mathlib_dbl_infnan                   0x00002aec   Section        0  dunder.o(i.__mathlib_dbl_infnan)
    i.__mathlib_dbl_invalid                  0x00002af4   Section        0  dunder.o(i.__mathlib_dbl_invalid)
    i.__mathlib_dbl_underflow                0x00002b08   Section        0  dunder.o(i.__mathlib_dbl_underflow)
    i.__sti___8_main_cpp__clock              0x00002b1c   Section        0  main.o(i.__sti___8_main_cpp__clock)
    __sti___8_main_cpp__clock                0x00002b1c   ARM Code     180  main.o(i.__sti___8_main_cpp__clock)
    i.initSPI1                               0x00002bf4   Section        0  spi1.o(i.initSPI1)
    i.main                                   0x00002c2c   Section        0  main.o(i.main)
    i.sin                                    0x00002ca4   Section        0  sin.o(i.sin)
    i.sqrtf                                  0x00002d9c   Section        0  sqrtf.o(i.sqrtf)
    x$fpl$d2f                                0x00002de4   Section      108  d2f.o(x$fpl$d2f)
    x$fpl$dadd                               0x00002e50   Section      340  daddsub_noclz.o(x$fpl$dadd)
    _dadd1                                   0x00002e60   ARM Code       0  daddsub_noclz.o(x$fpl$dadd)
    x$fpl$dcheck1                            0x00002fa4   Section       16  dcheck1.o(x$fpl$dcheck1)
    x$fpl$ddiv                               0x00002fb4   Section      736  ddiv.o(x$fpl$ddiv)
    ddiv_entry                               0x00002fbc   ARM Code       0  ddiv.o(x$fpl$ddiv)
    x$fpl$dfix                               0x00003294   Section      112  dfix.o(x$fpl$dfix)
    x$fpl$dfixu                              0x00003304   Section      112  dfixu.o(x$fpl$dfixu)
    x$fpl$dflt                               0x00003374   Section       88  dflt_noclz.o(x$fpl$dflt)
    x$fpl$dfltu                              0x000033cc   Section       12  dflt_noclz.o(x$fpl$dfltu)
    x$fpl$dmul                               0x000033d8   Section      384  dmul.o(x$fpl$dmul)
    x$fpl$dnaninf                            0x00003558   Section      192  dnaninf.o(x$fpl$dnaninf)
    x$fpl$dretinf                            0x00003618   Section       16  dretinf.o(x$fpl$dretinf)
    x$fpl$drsb                               0x00003628   Section       24  daddsub_noclz.o(x$fpl$drsb)
    x$fpl$dsub                               0x00003640   Section      580  daddsub_noclz.o(x$fpl$dsub)
    _dsub1                                   0x00003650   ARM Code       0  daddsub_noclz.o(x$fpl$dsub)
    x$fpl$fcheck1                            0x00003884   Section       12  fcheck1.o(x$fpl$fcheck1)
    x$fpl$ffix                               0x00003890   Section       68  ffix.o(x$fpl$ffix)
    x$fpl$fflt                               0x000038d4   Section       92  fflt_noclz.o(x$fpl$fflt)
    x$fpl$fmul                               0x00003930   Section      256  fmul.o(x$fpl$fmul)
    x$fpl$fnaninf                            0x00003a30   Section      168  fnaninf.o(x$fpl$fnaninf)
    x$fpl$fretinf                            0x00003ad8   Section       16  fretinf.o(x$fpl$fretinf)
    x$fpl$fsqrt                              0x00003ae8   Section      316  fsqrt.o(x$fpl$fsqrt)
    x$fpl$retnan                             0x00003c24   Section      116  retnan.o(x$fpl$retnan)
    x$fpl$scalbn                             0x00003c98   Section      104  scalbn.o(x$fpl$scalbn)
    x$fpl$scalbnf                            0x00003d00   Section       92  scalbnf.o(x$fpl$scalbnf)
    x$fpl$trapveneer                         0x00003d5c   Section       60  trapv.o(x$fpl$trapveneer)
    .constdata                               0x00003d98   Section      676  main.o(.constdata)
    x$fpl$usenofp                            0x00003d98   Section        0  usenofp.o(x$fpl$usenofp)
    Terminal6x8                              0x00003d98   Data         676  main.o(.constdata)
    .constdata                               0x00004040   Section       48  cos_i.o(.constdata)
    C                                        0x00004040   Data          48  cos_i.o(.constdata)
    .constdata                               0x00004070   Section      200  rred.o(.constdata)
    pio2s                                    0x00004070   Data          48  rred.o(.constdata)
    twooverpi                                0x000040a0   Data         152  rred.o(.constdata)
    .constdata                               0x00004138   Section       40  sin_i.o(.constdata)
    S                                        0x00004138   Data          40  sin_i.o(.constdata)
    .init_array                              0x00004180   Section        4  main.o(.init_array)
    .init_array                              0x00004184   Section        0  init_aeabi.o(.init_array)
    .data                                    0x40000000   Section        4  main.o(.data)
    .data                                    0x40000004   Section       16  oscilloscope.o(.data)
    .data                                    0x40000014   Section     4096  fft_fix.o(.data)
    .bss                                     0x40001014   Section      320  main.o(.bss)
    .bss                                     0x40001154   Section     1024  fft.o(.bss)
    .bss                                     0x40001554   Section     5696  oscilloscope.o(.bss)
    .bss                                     0x40002b94   Section       96  libspace.o(.bss)
    HEAP                                     0x40002bf8   Section    15000  startup.o(HEAP)
    Heap_Mem                                 0x40002bf8   Data       15000  startup.o(HEAP)
    STACK                                    0x40006690   Section     4232  startup.o(STACK)
    Stack_Mem                                0x40006690   Data        4096  startup.o(STACK)
    Stack_Top                                0x40007718   Data           0  startup.o(STACK)

    Global Symbols

    Symbol Name                              Value     Ov Type        Size  Object(Section)

    BuildAttributes$$THM_ISAv1$ARM_ISAv4$S$PE$A:L22$X:L11$S22$IEEE1$IW$USESV6$~STKCKD$USESV7$ENUMINT$~SHL$OTIME$ROPI$IEEEX$EBA8$UX$STANDARDLIB$REQ8$PRES8$EABIv2 0x00000000   Number         0  anon$$obj.o ABSOLUTE
    __ARM_use_no_argv                        0x00000000   Number         0  main.o ABSOLUTE
    SHT$$ARM_EXIDX$$Base                      - Undefined Reference
    SHT$$ARM_EXIDX$$Limit                     - Undefined Reference
    __ARM_exceptions_init                     - Undefined Weak Reference
    __aeabi_unwind_cpp_pr1                    - Undefined Weak Reference
    __aeabi_unwind_cpp_pr2                    - Undefined Weak Reference
    __alloca_initialize                       - Undefined Weak Reference
    __arm_preinit_                            - Undefined Weak Reference
    __cxa_begin_cleanup                       - Undefined Weak Reference
    __cxa_call_unexpected                     - Undefined Weak Reference
    __cxa_finalize                            - Undefined Weak Reference
    __cxa_type_match                          - Undefined Weak Reference
    __rt_locale                               - Undefined Weak Reference
    __sigvec_lookup                           - Undefined Weak Reference
    __user_heap_extent                        - Undefined Weak Reference
    _atexit_init                              - Undefined Weak Reference
    _call_atexit_fns                          - Undefined Weak Reference
    _clock_init                               - Undefined Weak Reference
    _fp_trap_init                             - Undefined Weak Reference
    _fp_trap_shutdown                         - Undefined Weak Reference
    _get_lc_collate                           - Undefined Weak Reference
    _get_lc_ctype                             - Undefined Weak Reference
    _get_lc_monetary                          - Undefined Weak Reference
    _get_lc_numeric                           - Undefined Weak Reference
    _get_lc_time                              - Undefined Weak Reference
    _getenv_init                              - Undefined Weak Reference
    _handle_redirection                       - Undefined Weak Reference
    _initio                                   - Undefined Weak Reference
    _mutex_acquire                            - Undefined Weak Reference
    _mutex_free                               - Undefined Weak Reference
    _mutex_release                            - Undefined Weak Reference
    _printf_post_padding                      - Undefined Weak Reference
    _printf_pre_padding                       - Undefined Weak Reference
    _printf_truncate_signed                   - Undefined Weak Reference
    _printf_truncate_unsigned                 - Undefined Weak Reference
    _rand_init                                - Undefined Weak Reference
    _signal_finish                            - Undefined Weak Reference
    _signal_init                              - Undefined Weak Reference
    _terminateio                              - Undefined Weak Reference
    Reset_Handler                            0x00000058   ARM Code       0  startup.o(RESET)
    __main                                   0x000000cc   ARM Code       8  __main.o(!!!main)
    __scatterload                            0x000000d4   ARM Code       0  __scatter.o(!!!scatter)
    __scatterload_rt2                        0x000000d4   ARM Code      52  __scatter.o(!!!scatter)
    __scatterload_null                       0x000000e8   ARM Code       0  __scatter.o(!!!scatter)
    __decompress                             0x00000110   ARM Code      96  __dclz77c.o(!!dclz77c)
    __decompress2                            0x00000110   ARM Code       0  __dclz77c.o(!!dclz77c)
    __scatterload_zeroinit                   0x00000170   ARM Code      44  __scatter_zi.o(!!handler_zi)
    Inline Thumb to ARM Veneer to _printf_percent 0x0000019d   Thumb Code     4  _printf_percent.o(.ARM.Collect$$_printf_percent$$00000000)
    _printf_d                                0x000001a0   ARM Code       0  _printf_d.o(.ARM.Collect$$_printf_percent$$00000009)
    _printf_percent                          0x000001a0   ARM Code       0  _printf_percent.o(.ARM.Collect$$_printf_percent$$00000000)
    _printf_percent_end                      0x000001a8   ARM Code       0  _printf_percent_end.o(.ARM.Collect$$_printf_percent$$00000017)
    Inline ARM to Thumb Veneer to __rt_lib_init 0x000001b0   ARM Code       8  libinit.o(.ARM.Collect$$libinit$$00000000)
    __rt_lib_init                            0x000001b9   Thumb Code     0  libinit.o(.ARM.Collect$$libinit$$00000000)
    __rt_lib_init_alloca_1                   0x000001bb   Thumb Code     0  libinit2.o(.ARM.Collect$$libinit$$0000002E)
    __rt_lib_init_argv_1                     0x000001bb   Thumb Code     0  libinit2.o(.ARM.Collect$$libinit$$0000002C)
    __rt_lib_init_atexit_1                   0x000001bb   Thumb Code     0  libinit2.o(.ARM.Collect$$libinit$$0000001B)
    __rt_lib_init_clock_1                    0x000001bb   Thumb Code     0  libinit2.o(.ARM.Collect$$libinit$$00000021)
    __rt_lib_init_cpp_2                      0x000001bb   Thumb Code     0  libinit2.o(.ARM.Collect$$libinit$$00000031)
    __rt_lib_init_exceptions_1               0x000001bb   Thumb Code     0  libinit2.o(.ARM.Collect$$libinit$$00000030)
    __rt_lib_init_fp_1                       0x000001bb   Thumb Code     0  libinit2.o(.ARM.Collect$$libinit$$00000002)
    __rt_lib_init_fp_trap_1                  0x000001bb   Thumb Code     0  libinit2.o(.ARM.Collect$$libinit$$0000001F)
    __rt_lib_init_getenv_1                   0x000001bb   Thumb Code     0  libinit2.o(.ARM.Collect$$libinit$$00000023)
    __rt_lib_init_heap_1                     0x000001bb   Thumb Code     0  libinit2.o(.ARM.Collect$$libinit$$0000000A)
    __rt_lib_init_lc_collate_1               0x000001bb   Thumb Code     0  libinit2.o(.ARM.Collect$$libinit$$00000011)
    __rt_lib_init_lc_ctype_1                 0x000001bb   Thumb Code     0  libinit2.o(.ARM.Collect$$libinit$$00000013)
    __rt_lib_init_lc_monetary_1              0x000001bb   Thumb Code     0  libinit2.o(.ARM.Collect$$libinit$$00000015)
    __rt_lib_init_lc_numeric_1               0x000001bb   Thumb Code     0  libinit2.o(.ARM.Collect$$libinit$$00000017)
    __rt_lib_init_lc_time_1                  0x000001bb   Thumb Code     0  libinit2.o(.ARM.Collect$$libinit$$00000019)
    __rt_lib_init_preinit_1                  0x000001bb   Thumb Code     0  libinit2.o(.ARM.Collect$$libinit$$00000004)
    __rt_lib_init_rand_1                     0x000001bb   Thumb Code     0  libinit2.o(.ARM.Collect$$libinit$$0000000E)
    __rt_lib_init_signal_1                   0x000001bb   Thumb Code     0  libinit2.o(.ARM.Collect$$libinit$$0000001D)
    __rt_lib_init_stdio_1                    0x000001bb   Thumb Code     0  libinit2.o(.ARM.Collect$$libinit$$00000025)
    __rt_lib_init_user_alloc_1               0x000001bb   Thumb Code     0  libinit2.o(.ARM.Collect$$libinit$$0000000C)
    __rt_lib_init_cpp_1                      0x000001bf   Thumb Code     0  libinit2.o(.ARM.Collect$$libinit$$00000032)
    __rt_lib_init_return                     0x000001bf   Thumb Code     0  libinit2.o(.ARM.Collect$$libinit$$00000033)
    Inline ARM to Thumb Veneer to __rt_lib_shutdown 0x000001cc   ARM Code       8  libshutdown.o(.ARM.Collect$$libshutdown$$00000000)
    __rt_lib_shutdown                        0x000001d5   Thumb Code     0  libshutdown.o(.ARM.Collect$$libshutdown$$00000000)
    __rt_lib_shutdown_fp_trap_1              0x000001d9   Thumb Code     0  libshutdown2.o(.ARM.Collect$$libshutdown$$00000006)
    __rt_lib_shutdown_heap_1                 0x000001d9   Thumb Code     0  libshutdown2.o(.ARM.Collect$$libshutdown$$0000000E)
    __rt_lib_shutdown_return                 0x000001d9   Thumb Code     0  libshutdown2.o(.ARM.Collect$$libshutdown$$0000000F)
    __rt_lib_shutdown_signal_1               0x000001d9   Thumb Code     0  libshutdown2.o(.ARM.Collect$$libshutdown$$00000009)
    __rt_lib_shutdown_stdio_1                0x000001d9   Thumb Code     0  libshutdown2.o(.ARM.Collect$$libshutdown$$00000003)
    __rt_lib_shutdown_user_alloc_1           0x000001d9   Thumb Code     0  libshutdown2.o(.ARM.Collect$$libshutdown$$0000000B)
    __rt_entry                               0x000001e0   ARM Code       0  __rtentry.o(.ARM.Collect$$rtentry$$00000000)
    __rt_entry_presh_1                       0x000001e0   ARM Code       0  __rtentry2.o(.ARM.Collect$$rtentry$$00000002)
    __rt_entry_sh                            0x000001e0   ARM Code       0  __rtentry4.o(.ARM.Collect$$rtentry$$00000004)
    __rt_entry_li                            0x000001e8   ARM Code       0  __rtentry2.o(.ARM.Collect$$rtentry$$0000000A)
    __rt_entry_postsh_1                      0x000001e8   ARM Code       0  __rtentry2.o(.ARM.Collect$$rtentry$$00000009)
    __rt_entry_main                          0x000001ec   ARM Code       0  __rtentry2.o(.ARM.Collect$$rtentry$$0000000D)
    __rt_entry_postli_1                      0x000001ec   ARM Code       0  __rtentry2.o(.ARM.Collect$$rtentry$$0000000C)
    Inline Thumb to ARM Veneer to __rt_exit  0x00000215   Thumb Code     4  rtexit.o(.ARM.Collect$$rtexit$$00000000)
    __rt_exit                                0x00000218   ARM Code       0  rtexit.o(.ARM.Collect$$rtexit$$00000000)
    __rt_exit_ls                             0x0000021c   ARM Code       0  rtexit2.o(.ARM.Collect$$rtexit$$00000003)
    __rt_exit_prels_1                        0x0000021c   ARM Code       0  rtexit2.o(.ARM.Collect$$rtexit$$00000002)
    __rt_exit_exit                           0x00000220   ARM Code       0  rtexit2.o(.ARM.Collect$$rtexit$$00000004)
    __user_initial_stackheap                 0x00000228   ARM Code       0  startup.o(.text)
    Inline ARM to Thumb Veneer to __2sprintf 0x0000024c   ARM Code       8  noretval__2sprintf.o(.text)
    __2sprintf                               0x00000255   Thumb Code    36  noretval__2sprintf.o(.text)
    __printf                                 0x0000027d   Thumb Code   118  __printf.o(.text)
    Inline ARM to Thumb Veneer to _printf_int_dec 0x000002f4   ARM Code       8  _printf_dec.o(.text)
    _printf_int_dec                          0x000002fd   Thumb Code    94  _printf_dec.o(.text)
    __aeabi_memcpy4                          0x0000036c   ARM Code       0  rt_memcpy_w.o(.text)
    __aeabi_memcpy8                          0x0000036c   ARM Code       0  rt_memcpy_w.o(.text)
    __rt_memcpy_w                            0x0000036c   ARM Code     100  rt_memcpy_w.o(.text)
    _memcpy_lastbytes_aligned                0x000003b8   ARM Code       0  rt_memcpy_w.o(.text)
    __aeabi_idiv                             0x000003d0   ARM Code       0  aeabi_sdiv.o(.text)
    __aeabi_idivmod                          0x000003d0   ARM Code     384  aeabi_sdiv.o(.text)
    __use_two_region_memory                  0x00000551   Thumb Code     2  heapauxi.o(.text)
    __rt_heap_escrow                         0x00000553   Thumb Code     2  heapauxi.o(.text)
    __rt_heap_expand                         0x00000555   Thumb Code     2  heapauxi.o(.text)
    __cpp_initialize__aeabi_                 0x00000559   Thumb Code    32  init_aeabi.o(.text)
    Inline ARM to Thumb Veneer to _sys_exit  0x00000580   ARM Code       8  sys_exit.o(.text)
    _sys_exit                                0x00000589   Thumb Code     8  sys_exit.o(.text)
    Inline ARM to Thumb Veneer to __set_errno 0x00000594   ARM Code       8  _rserrno.o(.text)
    __read_errno                             0x0000059d   Thumb Code    14  _rserrno.o(.text)
    __set_errno                              0x000005ab   Thumb Code    12  _rserrno.o(.text)
    _printf_int_common                       0x000005b7   Thumb Code   186  _printf_intcommon.o(.text)
    _printf_char_common                      0x0000067b   Thumb Code    34  _printf_char_common.o(.text)
    _sputc                                   0x000006a1   Thumb Code    10  _sputc.o(.text)
    Inline Thumb to ARM Veneer to __rt_udiv10 0x000006ad   Thumb Code     4  rtudiv10.o(.text)
    __rt_udiv10                              0x000006b0   ARM Code      44  rtudiv10.o(.text)
    __user_libspace                          0x000006dc   ARM Code      12  libspace.o(.text)
    __user_perproc_libspace                  0x000006dc   ARM Code       0  libspace.o(.text)
    __user_perthread_libspace                0x000006dc   ARM Code       0  libspace.o(.text)
    __I$use$semihosting                      0x000006e8   ARM Code       0  use_no_semi.o(.text)
    __use_no_semihosting_swi                 0x000006e8   ARM Code       4  use_no_semi.o(.text)
    Inline Thumb to ARM Veneer to __aeabi_errno_addr 0x000006ed   Thumb Code     4  rt_errno_addr_intlibspace.o(.text)
    __semihosting_library_function           0x000006ec   ARM Code       0  indicate_semi.o(.text)
    __aeabi_errno_addr                       0x000006f0   ARM Code      12  rt_errno_addr_intlibspace.o(.text)
    __errno$intlibspace                      0x000006f0   ARM Code       0  rt_errno_addr_intlibspace.o(.text)
    __rt_errno_addr$intlibspace              0x000006f0   ARM Code       0  rt_errno_addr_intlibspace.o(.text)
    __user_setup_stackheap                   0x000006fc   ARM Code      96  sys_stackheap_outer.o(.text)
    exit                                     0x0000075d   Thumb Code    12  exit.o(.text)
    __aeabi_uidiv                            0x00000768   ARM Code       0  aeabi_sdiv.o(.text_udiv)
    __aeabi_uidivmod                         0x00000768   ARM Code      36  aeabi_sdiv.o(.text_udiv)
    initDACout()                             0x0000078c   ARM Code     192  oscilloscope.o(i._Z10initDACoutv)
    initTimer0()                             0x00000860   ARM Code      76  oscilloscope.o(i._Z10initTimer0v)
    initFFT_LUT()                            0x000008b4   ARM Code      80  fft.o(i._Z11initFFT_LUTv)
    displayGraph(int*, int, int)             0x00000910   ARM Code     124  oscilloscope.o(i._Z12displayGraphPiii)
    oscilloscope()                           0x00000994   ARM Code     200  oscilloscope.o(i._Z12oscilloscopev)
    displayFFT_fix(int*, int*, int, int, int) 0x00000a74   ARM Code     776  oscilloscope.o(i._Z14displayFFT_fixPiS_iii)
    displayXY_Plot(int*, int*, int, int)     0x00000d98   ARM Code     140  oscilloscope.o(i._Z14displayXY_PlotPiS_ii)
    Timer0_Interrupt()                       0x00000e28   ARM Code     136  oscilloscope.o(i._Z16Timer0_Interruptv)
    Timer1_Interrupt()                       0x00000ec8   ARM Code      72  oscilloscope.o(i._Z16Timer1_Interruptv)
    U(int)                                   0x00000f20   ARM Code      16  oscilloscope.o(i._Z1Ui)
    displayDrawBackgroundFFT()               0x00000f30   ARM Code     172  oscilloscope.o(i._Z24displayDrawBackgroundFFTv)
    displayDrawBackgroundGraph()             0x00000fe8   ARM Code     160  oscilloscope.o(i._Z26displayDrawBackgroundGraphv)
    displayDrawBackgroundXY_Plot()           0x00001094   ARM Code     172  oscilloscope.o(i._Z28displayDrawBackgroundXY_Plotv)
    fix_fft(int*, int*, int, int)            0x0000114c   ARM Code     484  fft_fix.o(i._Z7fix_fftPiS_ii)
    initADC()                                0x00001334   ARM Code      44  oscilloscope.o(i._Z7initADCv)
    delayClass::ms(unsigned long)            0x00001368   ARM Code      40  delay.o(i._ZN10delayClass2msEm)
    delayClass::delayClass(unsigned long)    0x00001390   ARM Code      48  delay.o(i._ZN10delayClassC1Em)
    delayClass::delayClass__sub_object(unsigned long) 0x00001390   ARM Code       0  delay.o(i._ZN10delayClassC1Em)
    pin::low()                               0x000013c8   ARM Code      24  pin.o(i._ZN3pin3lowEv)
    pin::high()                              0x000013e0   ARM Code      24  pin.o(i._ZN3pin4highEv)
    pin::output()                            0x000013f8   ARM Code      28  pin.o(i._ZN3pin6outputEv)
    pin::pin(int)                            0x00001414   ARM Code     220  pin.o(i._ZN3pinC1Ei)
    pin::pin__sub_object(int)                0x00001414   ARM Code       0  pin.o(i._ZN3pinC1Ei)
    pin::pin()                               0x00001508   ARM Code       4  pin.o(i._ZN3pinC1Ev)
    pin::pin__sub_object()                   0x00001508   ARM Code       0  pin.o(i._ZN3pinC1Ev)
    pll::feedSequence()                      0x0000150c   ARM Code      24  pll.o(i._ZN3pll12feedSequenceEv)
    pll::getP()                              0x00001528   ARM Code      80  pll.o(i._ZN3pll4getPEv)
    pll::setPll()                            0x00001580   ARM Code      96  pll.o(i._ZN3pll6setPllEv)
    pll::isLocked()                          0x000015e4   ARM Code      20  pll.o(i._ZN3pll8isLockedEv)
    pll::pll(unsigned long, int, int)        0x000015fc   ARM Code      76  pll.o(i._ZN3pllC1Emii)
    pll::pll__sub_object(unsigned long, int, int) 0x000015fc   ARM Code       0  pll.o(i._ZN3pllC1Emii)
    ILI9225::_drawPixel(unsigned, unsigned, unsigned) 0x00001648   ARM Code     104  ili9225.o(i._ZN7ILI922510_drawPixelEjjj)
    ILI9225::_setWindow(unsigned, unsigned, unsigned, unsigned) 0x000016b0   ARM Code     192  ili9225.o(i._ZN7ILI922510_setWindowEjjjj)
    ILI9225::_writeData(int)                 0x00001770   ARM Code      32  ili9225.o(i._ZN7ILI922510_writeDataEi)
    ILI9225::setBacklight(bool)              0x00001794   ARM Code      20  ili9225.o(i._ZN7ILI922512setBacklightEb)
    ILI9225::_writeCommand(int)              0x000017a8   ARM Code      32  ili9225.o(i._ZN7ILI922513_writeCommandEi)
    ILI9225::fillRectangle(unsigned, unsigned, unsigned, unsigned, unsigned) 0x000017cc   ARM Code      88  ili9225.o(i._ZN7ILI922513fillRectangleEjjjjj)
    ILI9225::_writeRegister(unsigned, unsigned) 0x00001824   ARM Code      32  ili9225.o(i._ZN7ILI922514_writeRegisterEjj)
    ILI9225::setOrientation(char)            0x00001844   ARM Code      68  ili9225.o(i._ZN7ILI922514setOrientationEc)
    ILI9225::setCursorLimits(unsigned, unsigned, unsigned, unsigned, unsigned) 0x00001888   ARM Code     136  ili9225.o(i._ZN7ILI922515setCursorLimitsEjjjjj)
    ILI9225::_orientCoordinates(unsigned&, unsigned&) 0x00001910   ARM Code     148  ili9225.o(i._ZN7ILI922518_orientCoordinatesERjS0_)
    ILI9225::begin()                         0x000019a4   ARM Code     956  ili9225.o(i._ZN7ILI92255beginEv)
    ILI9225::clear(int)                      0x00001d80   ARM Code      88  ili9225.o(i._ZN7ILI92255clearEi)
    ILI9225::setFont(const char*)            0x00001ddc   ARM Code      60  ili9225.o(i._ZN7ILI92257setFontEPKc)
    ILI9225::drawChar(unsigned, unsigned, unsigned, unsigned) 0x00001e18   ARM Code     252  ili9225.o(i._ZN7ILI92258drawCharEjjjj)
    ILI9225::drawLine(unsigned, unsigned, unsigned, unsigned, unsigned) 0x00001f14   ARM Code     208  ili9225.o(i._ZN7ILI92258drawLineEjjjjj)
    ILI9225::drawText(unsigned, unsigned, char*, unsigned) 0x00001fe4   ARM Code     124  ili9225.o(i._ZN7ILI92258drawTextEjjPcj)
    ILI9225::drawPixel(unsigned, unsigned, unsigned) 0x00002060   ARM Code      92  ili9225.o(i._ZN7ILI92259drawPixelEjjj)
    ILI9225::ILI9225(pin, pin, pin, pin)     0x000020bc   ARM Code     204  ili9225.o(i._ZN7ILI9225C1E3pinS0_S0_S0_)
    ILI9225::ILI9225__sub_object(pin, pin, pin, pin) 0x000020bc   ARM Code       0  ili9225.o(i._ZN7ILI9225C1E3pinS0_S0_S0_)
    __ARM_common_call_via_r0                 0x00002189   Thumb Code     2  init_aeabi.o(i.__ARM_common_call_via_r0)
    __ARM_common_call_via_r1                 0x0000218b   Thumb Code     2  __printf.o(i.__ARM_common_call_via_r1)
    __ARM_common_call_via_r2                 0x0000218d   Thumb Code     2  __printf.o(i.__ARM_common_call_via_r2)
    __ARM_fpclassify                         0x00002190   ARM Code      48  fpclassify.o(i.__ARM_fpclassify)
    __ieee754_rem_pio2                       0x000021c0   ARM Code    1236  rred.o(i.__ieee754_rem_pio2)
    __kernel_cos                             0x000026d4   ARM Code     404  cos_i.o(i.__kernel_cos)
    __kernel_poly                            0x00002870   ARM Code     256  poly.o(i.__kernel_poly)
    __kernel_sin                             0x00002970   ARM Code     368  sin_i.o(i.__kernel_sin)
    __mathlib_dbl_infnan                     0x00002aec   ARM Code       8  dunder.o(i.__mathlib_dbl_infnan)
    __mathlib_dbl_invalid                    0x00002af4   ARM Code      20  dunder.o(i.__mathlib_dbl_invalid)
    __mathlib_dbl_underflow                  0x00002b08   ARM Code      20  dunder.o(i.__mathlib_dbl_underflow)
    initSPI1                                 0x00002bf4   ARM Code      52  spi1.o(i.initSPI1)
    main                                     0x00002c2c   ARM Code      96  main.o(i.main)
    sin                                      0x00002ca4   ARM Code     244  sin.o(i.sin)
    sqrtf                                    0x00002d9c   ARM Code      72  sqrtf.o(i.sqrtf)
    __aeabi_d2f                              0x00002de4   ARM Code       0  d2f.o(x$fpl$d2f)
    _d2f                                     0x00002de4   ARM Code     108  d2f.o(x$fpl$d2f)
    __aeabi_dadd                             0x00002e50   ARM Code       0  daddsub_noclz.o(x$fpl$dadd)
    _dadd                                    0x00002e50   ARM Code     336  daddsub_noclz.o(x$fpl$dadd)
    __fpl_dcheck_NaN1                        0x00002fa4   ARM Code      12  dcheck1.o(x$fpl$dcheck1)
    __aeabi_ddiv                             0x00002fb4   ARM Code       0  ddiv.o(x$fpl$ddiv)
    _ddiv                                    0x00002fb4   ARM Code     600  ddiv.o(x$fpl$ddiv)
    __aeabi_d2iz                             0x00003294   ARM Code       0  dfix.o(x$fpl$dfix)
    _dfix                                    0x00003294   ARM Code     112  dfix.o(x$fpl$dfix)
    __aeabi_d2uiz                            0x00003304   ARM Code       0  dfixu.o(x$fpl$dfixu)
    _dfixu                                   0x00003304   ARM Code     112  dfixu.o(x$fpl$dfixu)
    __aeabi_i2d                              0x00003374   ARM Code       0  dflt_noclz.o(x$fpl$dflt)
    _dflt                                    0x00003374   ARM Code      88  dflt_noclz.o(x$fpl$dflt)
    __dflt_normalise                         0x00003384   ARM Code       0  dflt_noclz.o(x$fpl$dflt)
    __aeabi_ui2d                             0x000033cc   ARM Code       0  dflt_noclz.o(x$fpl$dfltu)
    _dfltu                                   0x000033cc   ARM Code      12  dflt_noclz.o(x$fpl$dfltu)
    __aeabi_dmul                             0x000033d8   ARM Code       0  dmul.o(x$fpl$dmul)
    _dmul                                    0x000033d8   ARM Code     372  dmul.o(x$fpl$dmul)
    __fpl_dnaninf                            0x00003558   ARM Code     192  dnaninf.o(x$fpl$dnaninf)
    __fpl_dretinf                            0x00003618   ARM Code      16  dretinf.o(x$fpl$dretinf)
    __aeabi_drsub                            0x00003628   ARM Code       0  daddsub_noclz.o(x$fpl$drsb)
    _drsb                                    0x00003628   ARM Code      24  daddsub_noclz.o(x$fpl$drsb)
    __aeabi_dsub                             0x00003640   ARM Code       0  daddsub_noclz.o(x$fpl$dsub)
    _dsub                                    0x00003640   ARM Code     576  daddsub_noclz.o(x$fpl$dsub)
    __fpl_fcheck_NaN1                        0x00003884   ARM Code       8  fcheck1.o(x$fpl$fcheck1)
    __aeabi_f2iz                             0x00003890   ARM Code       0  ffix.o(x$fpl$ffix)
    _ffix                                    0x00003890   ARM Code      68  ffix.o(x$fpl$ffix)
    __aeabi_i2f                              0x000038d4   ARM Code       0  fflt_noclz.o(x$fpl$fflt)
    _fflt                                    0x000038d4   ARM Code      92  fflt_noclz.o(x$fpl$fflt)
    __fflt_normalise                         0x000038e0   ARM Code       0  fflt_noclz.o(x$fpl$fflt)
    __aeabi_fmul                             0x00003930   ARM Code       0  fmul.o(x$fpl$fmul)
    _fmul                                    0x00003930   ARM Code     256  fmul.o(x$fpl$fmul)
    __fpl_fnaninf                            0x00003a30   ARM Code     168  fnaninf.o(x$fpl$fnaninf)
    __fpl_fretinf                            0x00003ad8   ARM Code      16  fretinf.o(x$fpl$fretinf)
    _fsqrt                                   0x00003ae8   ARM Code     316  fsqrt.o(x$fpl$fsqrt)
    __fpl_return_NaN                         0x00003c24   ARM Code     116  retnan.o(x$fpl$retnan)
    __ARM_scalbn                             0x00003c98   ARM Code     104  scalbn.o(x$fpl$scalbn)
    __ARM_scalbnf                            0x00003d00   ARM Code      92  scalbnf.o(x$fpl$scalbnf)
    __fpl_cmpreturn                          0x00003d5c   ARM Code      60  trapv.o(x$fpl$trapveneer)
    __I$use$fp                               0x00003d98   Number         0  usenofp.o(x$fpl$usenofp)
    Region$$Table$$Base                      0x00004160   Number         0  anon$$obj.o(Region$$Table)
    Region$$Table$$Limit                     0x00004180   Number         0  anon$$obj.o(Region$$Table)
    SHT$$INIT_ARRAY$$Base                    0x00004180   Number         0  main.o(.init_array)
    SHT$$INIT_ARRAY$$Limit                   0x00004184   Number         0  init_aeabi.o(.init_array)
    wait                                     0x40000000   Data           4  main.o(.data)
    isADC_Buffered                           0x40000004   Data           1  oscilloscope.o(.data)
    isTriggered                              0x40000005   Data           1  oscilloscope.o(.data)
    fpmi                                     0x40000008   Data           4  oscilloscope.o(.data)
    indexADC                                 0x4000000c   Data           4  oscilloscope.o(.data)
    indexDAC                                 0x40000010   Data           4  oscilloscope.o(.data)
    Sinewave                                 0x40000014   Data        4096  fft_fix.o(.data)
    _clock                                   0x40001014   Data          20  main.o(.bss)
    lcd_rst                                  0x40001028   Data          24  main.o(.bss)
    lcd_rs                                   0x40001040   Data          24  main.o(.bss)
    lcd_cs                                   0x40001058   Data          24  main.o(.bss)
    lcd_led                                  0x40001070   Data          24  main.o(.bss)
    lcd                                      0x40001088   Data         204  main.o(.bss)
    sineLUT                                  0x40001154   Data        1024  fft.o(.bss)
    AD0_raw                                  0x40001554   Data        1024  oscilloscope.o(.bss)
    AD1_raw                                  0x40001954   Data        1024  oscilloscope.o(.bss)
    phaseBins0                               0x40001d54   Data        1024  oscilloscope.o(.bss)
    phaseBins1                               0x40002154   Data        1024  oscilloscope.o(.bss)
    DAC_raw                                  0x40002554   Data        1600  oscilloscope.o(.bss)
    __libspace_start                         0x40002b94   Data          96  libspace.o(.bss)
    __temporary_stack_top$libspace           0x40002bf4   Data           0  libspace.o(.bss)



==============================================================================

Memory Map of the image

  Image Entry point : 0x000000cc

  Load Region LR_IROM1 (Base: 0x00000000, Size: 0x00005198, Max: 0x00080000, ABSOLUTE, COMPRESSED[0x00004db0])

    Execution Region ER_IROM1 (Base: 0x00000000, Size: 0x00004184, Max: 0x00080000, ABSOLUTE)

    Base Addr    Size         Type   Attr      Idx    E Section Name        Object

    0x00000000   0x000000cc   Code   RO            3    RESET               startup.o
    0x000000cc   0x00000008   Code   RO          982  * !!!main             c_t.l(__main.o)
    0x000000d4   0x0000003c   Code   RO         1419    !!!scatter          c_t.l(__scatter.o)
    0x00000110   0x00000060   Code   RO         1417    !!dclz77c           c_t.l(__dclz77c.o)
    0x00000170   0x0000002c   Code   RO         1421    !!handler_zi        c_t.l(__scatter_zi.o)
    0x0000019c   0x00000004   Ven    RO          959    .ARM.Collect$$_printf_percent$$00000000  c_t.l(_printf_percent.o)
    0x000001a0   0x00000000   Code   RO          959    .ARM.Collect$$_printf_percent$$00000000  c_t.l(_printf_percent.o)
    0x000001a0   0x00000008   Code   RO          958    .ARM.Collect$$_printf_percent$$00000009  c_t.l(_printf_d.o)
    0x000001a8   0x00000008   Code   RO         1132    .ARM.Collect$$_printf_percent$$00000017  c_t.l(_printf_percent_end.o)
    0x000001b0   0x00000008   Ven    RO         1354    .ARM.Collect$$libinit$$00000000  c_t.l(libinit.o)
    0x000001b8   0x00000002   Code   RO         1354    .ARM.Collect$$libinit$$00000000  c_t.l(libinit.o)
    0x000001ba   0x00000000   Code   RO         1142    .ARM.Collect$$libinit$$00000002  c_t.l(libinit2.o)
    0x000001ba   0x00000000   Code   RO         1144    .ARM.Collect$$libinit$$00000004  c_t.l(libinit2.o)
    0x000001ba   0x00000000   Code   RO         1147    .ARM.Collect$$libinit$$0000000A  c_t.l(libinit2.o)
    0x000001ba   0x00000000   Code   RO         1149    .ARM.Collect$$libinit$$0000000C  c_t.l(libinit2.o)
    0x000001ba   0x00000000   Code   RO         1151    .ARM.Collect$$libinit$$0000000E  c_t.l(libinit2.o)
    0x000001ba   0x00000000   Code   RO         1154    .ARM.Collect$$libinit$$00000011  c_t.l(libinit2.o)
    0x000001ba   0x00000000   Code   RO         1156    .ARM.Collect$$libinit$$00000013  c_t.l(libinit2.o)
    0x000001ba   0x00000000   Code   RO         1158    .ARM.Collect$$libinit$$00000015  c_t.l(libinit2.o)
    0x000001ba   0x00000000   Code   RO         1160    .ARM.Collect$$libinit$$00000017  c_t.l(libinit2.o)
    0x000001ba   0x00000000   Code   RO         1162    .ARM.Collect$$libinit$$00000019  c_t.l(libinit2.o)
    0x000001ba   0x00000000   Code   RO         1164    .ARM.Collect$$libinit$$0000001B  c_t.l(libinit2.o)
    0x000001ba   0x00000000   Code   RO         1166    .ARM.Collect$$libinit$$0000001D  c_t.l(libinit2.o)
    0x000001ba   0x00000000   Code   RO         1168    .ARM.Collect$$libinit$$0000001F  c_t.l(libinit2.o)
    0x000001ba   0x00000000   Code   RO         1170    .ARM.Collect$$libinit$$00000021  c_t.l(libinit2.o)
    0x000001ba   0x00000000   Code   RO         1172    .ARM.Collect$$libinit$$00000023  c_t.l(libinit2.o)
    0x000001ba   0x00000000   Code   RO         1174    .ARM.Collect$$libinit$$00000025  c_t.l(libinit2.o)
    0x000001ba   0x00000000   Code   RO         1178    .ARM.Collect$$libinit$$0000002C  c_t.l(libinit2.o)
    0x000001ba   0x00000000   Code   RO         1180    .ARM.Collect$$libinit$$0000002E  c_t.l(libinit2.o)
    0x000001ba   0x00000000   Code   RO         1182    .ARM.Collect$$libinit$$00000030  c_t.l(libinit2.o)
    0x000001ba   0x00000004   Code   RO         1183    .ARM.Collect$$libinit$$00000031  c_t.l(libinit2.o)
    0x000001be   0x00000000   Code   RO         1184    .ARM.Collect$$libinit$$00000032  c_t.l(libinit2.o)
    0x000001be   0x0000000c   Code   RO         1185    .ARM.Collect$$libinit$$00000033  c_t.l(libinit2.o)
    0x000001ca   0x00000002   PAD
    0x000001cc   0x00000008   Ven    RO         1415    .ARM.Collect$$libshutdown$$00000000  c_t.l(libshutdown.o)
    0x000001d4   0x00000004   Code   RO         1415    .ARM.Collect$$libshutdown$$00000000  c_t.l(libshutdown.o)
    0x000001d8   0x00000000   Code   RO         1381    .ARM.Collect$$libshutdown$$00000003  c_t.l(libshutdown2.o)
    0x000001d8   0x00000000   Code   RO         1384    .ARM.Collect$$libshutdown$$00000006  c_t.l(libshutdown2.o)
    0x000001d8   0x00000000   Code   RO         1387    .ARM.Collect$$libshutdown$$00000009  c_t.l(libshutdown2.o)
    0x000001d8   0x00000000   Code   RO         1389    .ARM.Collect$$libshutdown$$0000000B  c_t.l(libshutdown2.o)
    0x000001d8   0x00000000   Code   RO         1392    .ARM.Collect$$libshutdown$$0000000E  c_t.l(libshutdown2.o)
    0x000001d8   0x00000006   Code   RO         1393    .ARM.Collect$$libshutdown$$0000000F  c_t.l(libshutdown2.o)
    0x000001de   0x00000002   PAD
    0x000001e0   0x00000000   Code   RO         1094    .ARM.Collect$$rtentry$$00000000  c_t.l(__rtentry.o)
    0x000001e0   0x00000000   Code   RO         1263    .ARM.Collect$$rtentry$$00000002  c_t.l(__rtentry2.o)
    0x000001e0   0x00000008   Code   RO         1275    .ARM.Collect$$rtentry$$00000004  c_t.l(__rtentry4.o)
    0x000001e8   0x00000000   Code   RO         1265    .ARM.Collect$$rtentry$$00000009  c_t.l(__rtentry2.o)
    0x000001e8   0x00000004   Code   RO         1266    .ARM.Collect$$rtentry$$0000000A  c_t.l(__rtentry2.o)
    0x000001ec   0x00000000   Code   RO         1268    .ARM.Collect$$rtentry$$0000000C  c_t.l(__rtentry2.o)
    0x000001ec   0x00000028   Code   RO         1269    .ARM.Collect$$rtentry$$0000000D  c_t.l(__rtentry2.o)
    0x00000214   0x00000004   Ven    RO         1367    .ARM.Collect$$rtexit$$00000000  c_t.l(rtexit.o)
    0x00000218   0x00000004   Code   RO         1367    .ARM.Collect$$rtexit$$00000000  c_t.l(rtexit.o)
    0x0000021c   0x00000000   Code   RO         1395    .ARM.Collect$$rtexit$$00000002  c_t.l(rtexit2.o)
    0x0000021c   0x00000004   Code   RO         1396    .ARM.Collect$$rtexit$$00000003  c_t.l(rtexit2.o)
    0x00000220   0x00000008   Code   RO         1397    .ARM.Collect$$rtexit$$00000004  c_t.l(rtexit2.o)
    0x00000228   0x00000024   Code   RO            4    .text               startup.o
    0x0000024c   0x00000008   Ven    RO          928    .text               c_t.l(noretval__2sprintf.o)
    0x00000254   0x00000028   Code   RO          928    .text               c_t.l(noretval__2sprintf.o)
    0x0000027c   0x00000076   Code   RO          930    .text               c_t.l(__printf.o)
    0x000002f2   0x00000002   PAD
    0x000002f4   0x00000008   Ven    RO          936    .text               c_t.l(_printf_dec.o)
    0x000002fc   0x00000070   Code   RO          936    .text               c_t.l(_printf_dec.o)
    0x0000036c   0x00000064   Code   RO          962    .text               c_t.l(rt_memcpy_w.o)
    0x000003d0   0x00000180   Code   RO          964    .text               c_t.l(aeabi_sdiv.o)
    0x00000550   0x00000006   Code   RO          980    .text               c_t.l(heapauxi.o)
    0x00000556   0x00000002   PAD
    0x00000558   0x00000028   Code   RO          987    .text               c_t.l(init_aeabi.o)
    0x00000580   0x00000008   Ven    RO         1090    .text               c_t.l(sys_exit.o)
    0x00000588   0x0000000c   Code   RO         1090    .text               c_t.l(sys_exit.o)
    0x00000594   0x00000008   Ven    RO         1124    .text               c_t.l(_rserrno.o)
    0x0000059c   0x0000001a   Code   RO         1124    .text               c_t.l(_rserrno.o)
    0x000005b6   0x000000ba   Code   RO         1126    .text               c_t.l(_printf_intcommon.o)
    0x00000670   0x00000030   Code   RO         1128    .text               c_t.l(_printf_char_common.o)
    0x000006a0   0x0000000a   Code   RO         1130    .text               c_t.l(_sputc.o)
    0x000006aa   0x00000002   PAD
    0x000006ac   0x00000004   Ven    RO         1137    .text               c_t.l(rtudiv10.o)
    0x000006b0   0x0000002c   Code   RO         1137    .text               c_t.l(rtudiv10.o)
    0x000006dc   0x0000000c   Code   RO         1256    .text               c_t.l(libspace.o)
    0x000006e8   0x00000004   Code   RO         1259    .text               c_t.l(use_no_semi.o)
    0x000006ec   0x00000000   Code   RO         1261    .text               c_t.l(indicate_semi.o)
    0x000006ec   0x00000004   Ven    RO         1284    .text               c_t.l(rt_errno_addr_intlibspace.o)
    0x000006f0   0x0000000c   Code   RO         1284    .text               c_t.l(rt_errno_addr_intlibspace.o)
    0x000006fc   0x00000060   Code   RO         1329    .text               c_t.l(sys_stackheap_outer.o)
    0x0000075c   0x0000000c   Code   RO         1333    .text               c_t.l(exit.o)
    0x00000768   0x00000024   Code   RO          965    .text_udiv          c_t.l(aeabi_sdiv.o)
    0x0000078c   0x000000d4   Code   RO          678    i._Z10initDACoutv   oscilloscope.o
    0x00000860   0x00000054   Code   RO          679    i._Z10initTimer0v   oscilloscope.o
    0x000008b4   0x0000005c   Code   RO          231    i._Z11initFFT_LUTv  fft.o
    0x00000910   0x00000084   Code   RO          680    i._Z12displayGraphPiii  oscilloscope.o
    0x00000994   0x000000e0   Code   RO          681    i._Z12oscilloscopev  oscilloscope.o
    0x00000a74   0x00000324   Code   RO          684    i._Z14displayFFT_fixPiS_iii  oscilloscope.o
    0x00000d98   0x00000090   Code   RO          685    i._Z14displayXY_PlotPiS_ii  oscilloscope.o
    0x00000e28   0x000000a0   Code   RO          687    i._Z16Timer0_Interruptv  oscilloscope.o
    0x00000ec8   0x00000058   Code   RO          688    i._Z16Timer1_Interruptv  oscilloscope.o
    0x00000f20   0x00000010   Code   RO          690    i._Z1Ui             oscilloscope.o
    0x00000f30   0x000000b8   Code   RO          693    i._Z24displayDrawBackgroundFFTv  oscilloscope.o
    0x00000fe8   0x000000ac   Code   RO          694    i._Z26displayDrawBackgroundGraphv  oscilloscope.o
    0x00001094   0x000000b8   Code   RO          695    i._Z28displayDrawBackgroundXY_Plotv  oscilloscope.o
    0x0000114c   0x000001e8   Code   RO          835    i._Z7fix_fftPiS_ii  fft_fix.o
    0x00001334   0x00000034   Code   RO          697    i._Z7initADCv       oscilloscope.o
    0x00001368   0x00000028   Code   RO          293    i._ZN10delayClass2msEm  delay.o
    0x00001390   0x00000038   Code   RO          296    i._ZN10delayClassC1Em  delay.o
    0x000013c8   0x00000018   Code   RO          328    i._ZN3pin3lowEv     pin.o
    0x000013e0   0x00000018   Code   RO          329    i._ZN3pin4highEv    pin.o
    0x000013f8   0x0000001c   Code   RO          331    i._ZN3pin6outputEv  pin.o
    0x00001414   0x000000f4   Code   RO          332    i._ZN3pinC1Ei       pin.o
    0x00001508   0x00000004   Code   RO          333    i._ZN3pinC1Ev       pin.o
    0x0000150c   0x0000001c   Code   RO          620    i._ZN3pll12feedSequenceEv  pll.o
    0x00001528   0x00000058   Code   RO          623    i._ZN3pll4getPEv    pll.o
    0x00001580   0x00000064   Code   RO          624    i._ZN3pll6setPllEv  pll.o
    0x000015e4   0x00000018   Code   RO          625    i._ZN3pll8isLockedEv  pll.o
    0x000015fc   0x0000004c   Code   RO          626    i._ZN3pllC1Emii     pll.o
    0x00001648   0x00000068   Code   RO          389    i._ZN7ILI922510_drawPixelEjjj  ili9225.o
    0x000016b0   0x000000c0   Code   RO          390    i._ZN7ILI922510_setWindowEjjjj  ili9225.o
    0x00001770   0x00000024   Code   RO          391    i._ZN7ILI922510_writeDataEi  ili9225.o
    0x00001794   0x00000014   Code   RO          400    i._ZN7ILI922512setBacklightEb  ili9225.o
    0x000017a8   0x00000024   Code   RO          401    i._ZN7ILI922513_writeCommandEi  ili9225.o
    0x000017cc   0x00000058   Code   RO          403    i._ZN7ILI922513fillRectangleEjjjjj  ili9225.o
    0x00001824   0x00000020   Code   RO          404    i._ZN7ILI922514_writeRegisterEjj  ili9225.o
    0x00001844   0x00000044   Code   RO          406    i._ZN7ILI922514setOrientationEc  ili9225.o
    0x00001888   0x00000088   Code   RO          407    i._ZN7ILI922515setCursorLimitsEjjjjj  ili9225.o
    0x00001910   0x00000094   Code   RO          408    i._ZN7ILI922518_orientCoordinatesERjS0_  ili9225.o
    0x000019a4   0x000003dc   Code   RO          414    i._ZN7ILI92255beginEv  ili9225.o
    0x00001d80   0x0000005c   Code   RO          415    i._ZN7ILI92255clearEi  ili9225.o
    0x00001ddc   0x0000003c   Code   RO          417    i._ZN7ILI92257setFontEPKc  ili9225.o
    0x00001e18   0x000000fc   Code   RO          418    i._ZN7ILI92258drawCharEjjjj  ili9225.o
    0x00001f14   0x000000d0   Code   RO          419    i._ZN7ILI92258drawLineEjjjjj  ili9225.o
    0x00001fe4   0x0000007c   Code   RO          421    i._ZN7ILI92258drawTextEjjPcj  ili9225.o
    0x00002060   0x0000005c   Code   RO          423    i._ZN7ILI92259drawPixelEjjj  ili9225.o
    0x000020bc   0x000000cc   Code   RO          424    i._ZN7ILI9225C1E3pinS0_S0_S0_  ili9225.o
    0x00002188   0x00000002   Code   RO          990    i.__ARM_common_call_via_r0  c_t.l(init_aeabi.o)
    0x0000218a   0x00000002   Code   RO          934    i.__ARM_common_call_via_r1  c_t.l(__printf.o)
    0x0000218c   0x00000002   Code   RO          932    i.__ARM_common_call_via_r2  c_t.l(__printf.o)
    0x0000218e   0x00000002   PAD
    0x00002190   0x00000030   Code   RO         1325    i.__ARM_fpclassify  m_ts.l(fpclassify.o)
    0x000021c0   0x00000514   Code   RO         1240    i.__ieee754_rem_pio2  m_ts.l(rred.o)
    0x000026d4   0x0000019c   Code   RO         1207    i.__kernel_cos      m_ts.l(cos_i.o)
    0x00002870   0x00000100   Code   RO         1327    i.__kernel_poly     m_ts.l(poly.o)
    0x00002970   0x0000017c   Code   RO         1248    i.__kernel_sin      m_ts.l(sin_i.o)
    0x00002aec   0x00000008   Code   RO         1211    i.__mathlib_dbl_infnan  m_ts.l(dunder.o)
    0x00002af4   0x00000014   Code   RO         1213    i.__mathlib_dbl_invalid  m_ts.l(dunder.o)
    0x00002b08   0x00000014   Code   RO         1216    i.__mathlib_dbl_underflow  m_ts.l(dunder.o)
    0x00002b1c   0x000000d8   Code   RO           11    i.__sti___8_main_cpp__clock  main.o
    0x00002bf4   0x00000038   Code   RO          370    i.initSPI1          spi1.o
    0x00002c2c   0x00000078   Code   RO           12    i.main              main.o
    0x00002ca4   0x000000f8   Code   RO         1067    i.sin               m_ts.l(sin.o)
    0x00002d9c   0x00000048   Code   RO         1083    i.sqrtf             m_ts.l(sqrtf.o)
    0x00002de4   0x0000006c   Code   RO         1000    x$fpl$d2f           fz_ts.l(d2f.o)
    0x00002e50   0x00000154   Code   RO         1313    x$fpl$dadd          fz_ts.l(daddsub_noclz.o)
    0x00002fa4   0x00000010   Code   RO         1188    x$fpl$dcheck1       fz_ts.l(dcheck1.o)
    0x00002fb4   0x000002e0   Code   RO         1003    x$fpl$ddiv          fz_ts.l(ddiv.o)
    0x00003294   0x00000070   Code   RO         1006    x$fpl$dfix          fz_ts.l(dfix.o)
    0x00003304   0x00000070   Code   RO         1010    x$fpl$dfixu         fz_ts.l(dfixu.o)
    0x00003374   0x00000058   Code   RO         1015    x$fpl$dflt          fz_ts.l(dflt_noclz.o)
    0x000033cc   0x0000000c   Code   RO         1014    x$fpl$dfltu         fz_ts.l(dflt_noclz.o)
    0x000033d8   0x00000180   Code   RO         1018    x$fpl$dmul          fz_ts.l(dmul.o)
    0x00003558   0x000000c0   Code   RO         1190    x$fpl$dnaninf       fz_ts.l(dnaninf.o)
    0x00003618   0x00000010   Code   RO         1192    x$fpl$dretinf       fz_ts.l(dretinf.o)
    0x00003628   0x00000018   Code   RO         1314    x$fpl$drsb          fz_ts.l(daddsub_noclz.o)
    0x00003640   0x00000244   Code   RO         1315    x$fpl$dsub          fz_ts.l(daddsub_noclz.o)
    0x00003884   0x0000000c   Code   RO         1194    x$fpl$fcheck1       fz_ts.l(fcheck1.o)
    0x00003890   0x00000044   Code   RO         1030    x$fpl$ffix          fz_ts.l(ffix.o)
    0x000038d4   0x0000005c   Code   RO         1039    x$fpl$fflt          fz_ts.l(fflt_noclz.o)
    0x00003930   0x00000100   Code   RO         1042    x$fpl$fmul          fz_ts.l(fmul.o)
    0x00003a30   0x000000a8   Code   RO         1198    x$fpl$fnaninf       fz_ts.l(fnaninf.o)
    0x00003ad8   0x00000010   Code   RO         1200    x$fpl$fretinf       fz_ts.l(fretinf.o)
    0x00003ae8   0x0000013c   Code   RO         1204    x$fpl$fsqrt         fz_ts.l(fsqrt.o)
    0x00003c24   0x00000074   Code   RO         1323    x$fpl$retnan        fz_ts.l(retnan.o)
    0x00003c98   0x00000068   Code   RO         1046    x$fpl$scalbn        fz_ts.l(scalbn.o)
    0x00003d00   0x0000005c   Code   RO         1048    x$fpl$scalbnf       fz_ts.l(scalbnf.o)
    0x00003d5c   0x0000003c   Code   RO         1363    x$fpl$trapveneer    fz_ts.l(trapv.o)
    0x00003d98   0x00000000   Code   RO         1206    x$fpl$usenofp       fz_ts.l(usenofp.o)
    0x00003d98   0x000002a4   Data   RO           16    .constdata          main.o
    0x0000403c   0x00000004   PAD
    0x00004040   0x00000030   Data   RO         1208    .constdata          m_ts.l(cos_i.o)
    0x00004070   0x000000c8   Data   RO         1242    .constdata          m_ts.l(rred.o)
    0x00004138   0x00000028   Data   RO         1249    .constdata          m_ts.l(sin_i.o)
    0x00004160   0x00000020   Data   RO         1416    Region$$Table       anon$$obj.o
    0x00004180   0x00000004   Data   RO           18    .init_array         main.o
    0x00004184   0x00000000   Data   RO          985    .init_array         c_t.l(init_aeabi.o)


    Execution Region RW_IRAM1 (Base: 0x40000000, Size: 0x00007718, Max: 0x00008000, ABSOLUTE, COMPRESSED[0x00000c2c])

    Base Addr    Size         Type   Attr      Idx    E Section Name        Object

    0x40000000   0x00000004   Data   RW           17    .data               main.o
    0x40000004   0x00000010   Data   RW          721    .data               oscilloscope.o
    0x40000014   0x00001000   Data   RW          839    .data               fft_fix.o
    0x40001014   0x00000140   Zero   RW           15    .bss                main.o
    0x40001154   0x00000400   Zero   RW          243    .bss                fft.o
    0x40001554   0x00001640   Zero   RW          718    .bss                oscilloscope.o
    0x40002b94   0x00000060   Zero   RW         1257    .bss                c_t.l(libspace.o)
    0x40002bf4   0x00000004   PAD
    0x40002bf8   0x00003a98   Zero   RW            2    HEAP                startup.o
    0x40006690   0x00001088   Zero   RW            1    STACK               startup.o


==============================================================================

Image component sizes


      Code (inc. data)   RO Data    RW Data    ZI Data      Debug   Object Name

         0          0          0          0          0        291   complex.o
        96          8          0          0          0       1232   delay.o
        92         12          0          0       1024       1000   fft.o
       488          4          0       4096          0       1963   fft_fix.o
      2880         44          0          0          0      15827   ili9225.o
       336         60        680          4        320      12523   main.o
      2456        176          0         16       5696       9358   oscilloscope.o
       324         24          0          0          0       2240   pin.o
       316         20          0          0          0       2528   pll.o
        56          4          0          0          0       1827   spi1.o
       240         60          0          0      19232        540   startup.o

    ----------------------------------------------------------------------
      7284        412        716       4116      26272      49329   Object Totals
         0          0         32          0          0          0   (incl. Generated)
         0          0          4          0          0          0   (incl. Padding)

    ----------------------------------------------------------------------

      Code (inc. data)   RO Data    RW Data    ZI Data      Debug   Library Member Name

        96          2          0          0          0          0   __dclz77c.o
         8          0          0          0          0         68   __main.o
       122          0          0          0          0        208   __printf.o
         0          0          0          0          0          0   __rtentry.o
        44          4          0          0          0          0   __rtentry2.o
         8          0          0          0          0          0   __rtentry4.o
        60          8          0          0          0          0   __scatter.o
        44          0          0          0          0          0   __scatter_zi.o
        48          4          0          0          0         96   _printf_char_common.o
         8          0          0          0          0          0   _printf_d.o
       120         18          0          0          0         88   _printf_dec.o
       186          0          0          0          0         96   _printf_intcommon.o
         4          0          0          0          0          0   _printf_percent.o
         8          0          0          0          0          0   _printf_percent_end.o
        34          0          0          0          0        104   _rserrno.o
        10          0          0          0          0         60   _sputc.o
       420          0          0          0          0        148   aeabi_sdiv.o
        12          0          0          0          0         64   exit.o
         6          0          0          0          0        136   heapauxi.o
         0          0          0          0          0          0   indicate_semi.o
        42          8          0          0          0        144   init_aeabi.o
        10          0          0          0          0          0   libinit.o
        16          0          0          0          0          0   libinit2.o
        12          0          0          0          0          0   libshutdown.o
         6          0          0          0          0          0   libshutdown2.o
        12          4          0          0         96         68   libspace.o
        48          4          0          0          0         84   noretval__2sprintf.o
        16          4          0          0          0         68   rt_errno_addr_intlibspace.o
       100          0          0          0          0         80   rt_memcpy_w.o
         8          0          0          0          0          0   rtexit.o
        12          0          0          0          0          0   rtexit2.o
        48          0          0          0          0         68   rtudiv10.o
        20          4          0          0          0         60   sys_exit.o
        96          0          0          0          0         80   sys_stackheap_outer.o
         4          0          0          0          0         68   use_no_semi.o
       108          4          0          0          0         92   d2f.o
       944         16          0          0          0        368   daddsub_noclz.o
        16          4          0          0          0         68   dcheck1.o
       736        140          0          0          0        228   ddiv.o
       112          4          0          0          0         92   dfix.o
       112          4          0          0          0         92   dfixu.o
       100          0          0          0          0        136   dflt_noclz.o
       384         16          0          0          0        124   dmul.o
       192          0          0          0          0        108   dnaninf.o
        16          0          0          0          0         68   dretinf.o
        12          4          0          0          0         68   fcheck1.o
        68          4          0          0          0         84   ffix.o
        92          0          0          0          0         68   fflt_noclz.o
       256          4          0          0          0         84   fmul.o
       168          0          0          0          0         96   fnaninf.o
        16          0          0          0          0         68   fretinf.o
       316        100          0          0          0        100   fsqrt.o
       116          0          0          0          0         68   retnan.o
       104          0          0          0          0         68   scalbn.o
        92          0          0          0          0         68   scalbnf.o
        60          0          0          0          0         68   trapv.o
         0          0          0          0          0          0   usenofp.o
       412          8         48          0          0        152   cos_i.o
        48          0          0          0          0        204   dunder.o
        48          0          0          0          0         68   fpclassify.o
       256          0          0          0          0        116   poly.o
      1300         64        200          0          0        120   rred.o
       248          4          0          0          0        128   sin.o
       380         12         40          0          0        156   sin_i.o
        72          0          0          0          0         88   sqrtf.o

    ----------------------------------------------------------------------
      8484        448        288          0        100       5036   Library Totals
        12          0          0          0          4          0   (incl. Padding)

    ----------------------------------------------------------------------

      Code (inc. data)   RO Data    RW Data    ZI Data      Debug   Library Name

      1688         60          0          0         96       1788   c_t.l
      4020        300          0          0          0       2216   fz_ts.l
      2764         88        288          0          0       1032   m_ts.l

    ----------------------------------------------------------------------
      8484        448        288          0        100       5036   Library Totals

    ----------------------------------------------------------------------

==============================================================================


      Code (inc. data)   RO Data    RW Data    ZI Data      Debug   

     15768        860       1004       4116      26372      49629   Grand Totals
     15768        860       1004       3116      26372      49629   ELF Image Totals (compressed)
     15768        860       1004       3116          0          0   ROM Totals

==============================================================================

    Total RO  Size (Code + RO Data)                16772 (  16.38kB)
    Total RW  Size (RW Data + ZI Data)             30488 (  29.77kB)
    Total ROM Size (Code + RO Data + RW Data)      19888 (  19.42kB)

==============================================================================

